###############################################################################
#
# IAR ELF Linker V8.22.1.15669/W32 for ARM                28/Sep/2019  21:53:20
# Copyright 2007-2018 IAR Systems AB.
#
#    Output file  =  
#        D:\RoboconCode\ok\chassis\EWARM\MR1_Chassis\Exe\MR1_Chassis.out
#    Map file     =  
#        D:\RoboconCode\ok\chassis\EWARM\MR1_Chassis\List\MR1_Chassis.map
#    Command line =  
#        -f C:\Users\12552\AppData\Local\Temp\EW5AE7.tmp
#        (D:\RoboconCode\ok\chassis\EWARM\MR1_Chassis\Obj\can.o
#        D:\RoboconCode\ok\chassis\EWARM\MR1_Chassis\Obj\can_func.o
#        D:\RoboconCode\ok\chassis\EWARM\MR1_Chassis\Obj\chassis.o
#        D:\RoboconCode\ok\chassis\EWARM\MR1_Chassis\Obj\cmd.o
#        D:\RoboconCode\ok\chassis\EWARM\MR1_Chassis\Obj\cmd_func.o
#        D:\RoboconCode\ok\chassis\EWARM\MR1_Chassis\Obj\dma.o
#        D:\RoboconCode\ok\chassis\EWARM\MR1_Chassis\Obj\gpio.o
#        D:\RoboconCode\ok\chassis\EWARM\MR1_Chassis\Obj\main.o
#        D:\RoboconCode\ok\chassis\EWARM\MR1_Chassis\Obj\maxon.o
#        D:\RoboconCode\ok\chassis\EWARM\MR1_Chassis\Obj\point_zx.o
#        D:\RoboconCode\ok\chassis\EWARM\MR1_Chassis\Obj\points.o
#        D:\RoboconCode\ok\chassis\EWARM\MR1_Chassis\Obj\robomaster.o
#        D:\RoboconCode\ok\chassis\EWARM\MR1_Chassis\Obj\startup_stm32f407xx.o
#        D:\RoboconCode\ok\chassis\EWARM\MR1_Chassis\Obj\stm32f4xx_hal.o
#        D:\RoboconCode\ok\chassis\EWARM\MR1_Chassis\Obj\stm32f4xx_hal_can.o
#        D:\RoboconCode\ok\chassis\EWARM\MR1_Chassis\Obj\stm32f4xx_hal_cortex.o
#        D:\RoboconCode\ok\chassis\EWARM\MR1_Chassis\Obj\stm32f4xx_hal_dma.o
#        D:\RoboconCode\ok\chassis\EWARM\MR1_Chassis\Obj\stm32f4xx_hal_dma_ex.o
#        D:\RoboconCode\ok\chassis\EWARM\MR1_Chassis\Obj\stm32f4xx_hal_flash.o
#        D:\RoboconCode\ok\chassis\EWARM\MR1_Chassis\Obj\stm32f4xx_hal_flash_ex.o
#        D:\RoboconCode\ok\chassis\EWARM\MR1_Chassis\Obj\stm32f4xx_hal_flash_ramfunc.o
#        D:\RoboconCode\ok\chassis\EWARM\MR1_Chassis\Obj\stm32f4xx_hal_gpio.o
#        D:\RoboconCode\ok\chassis\EWARM\MR1_Chassis\Obj\stm32f4xx_hal_msp.o
#        D:\RoboconCode\ok\chassis\EWARM\MR1_Chassis\Obj\stm32f4xx_hal_pwr.o
#        D:\RoboconCode\ok\chassis\EWARM\MR1_Chassis\Obj\stm32f4xx_hal_pwr_ex.o
#        D:\RoboconCode\ok\chassis\EWARM\MR1_Chassis\Obj\stm32f4xx_hal_rcc.o
#        D:\RoboconCode\ok\chassis\EWARM\MR1_Chassis\Obj\stm32f4xx_hal_rcc_ex.o
#        D:\RoboconCode\ok\chassis\EWARM\MR1_Chassis\Obj\stm32f4xx_hal_tim.o
#        D:\RoboconCode\ok\chassis\EWARM\MR1_Chassis\Obj\stm32f4xx_hal_tim_ex.o
#        D:\RoboconCode\ok\chassis\EWARM\MR1_Chassis\Obj\stm32f4xx_hal_uart.o
#        D:\RoboconCode\ok\chassis\EWARM\MR1_Chassis\Obj\stm32f4xx_it.o
#        D:\RoboconCode\ok\chassis\EWARM\MR1_Chassis\Obj\stmflash.o
#        D:\RoboconCode\ok\chassis\EWARM\MR1_Chassis\Obj\system_stm32f4xx.o
#        D:\RoboconCode\ok\chassis\EWARM\MR1_Chassis\Obj\tim.o
#        D:\RoboconCode\ok\chassis\EWARM\MR1_Chassis\Obj\track.o
#        D:\RoboconCode\ok\chassis\EWARM\MR1_Chassis\Obj\usart.o
#        D:\RoboconCode\ok\chassis\EWARM\MR1_Chassis\Obj\valuepack.o
#        D:\RoboconCode\ok\chassis\EWARM\MR1_Chassis\Obj\vavle.o
#        D:\RoboconCode\ok\chassis\EWARM\MR1_Chassis\Obj\vec.o
#        D:\RoboconCode\ok\chassis\EWARM\MR1_Chassis\Obj\vega_action.o
#        --redirect _Printf=_PrintfFull --redirect _Scanf=_ScanfFull -o
#        D:\RoboconCode\ok\chassis\EWARM\MR1_Chassis\Exe\MR1_Chassis.out --map
#        D:\RoboconCode\ok\chassis\EWARM\MR1_Chassis\List\MR1_Chassis.map
#        --config D:\RoboconCode\ok\chassis\EWARM/stm32f407xx_flash.icf
#        --semihosting --entry __iar_program_start --vfe --text_out locale)
#
###############################################################################

*******************************************************************************
*** RUNTIME MODEL ATTRIBUTES
***

CppFlavor       = *
__Heap_Handler  = NoFree
__SystemLibrary = DLib
__dlib_version  = 6


*******************************************************************************
*** HEAP SELECTION
***

The no free heap was selected because no calls to memory
deallocation functions were found in the application.


*******************************************************************************
*** PLACEMENT SUMMARY
***

"A0":  place at 0x08000000 { ro section .intvec };
"P1":  place in [from 0x08000000 to 0x080fffff] { ro };
define block CSTACK with size = 4608, alignment = 8 { };
define block HEAP with size = 1536, alignment = 8 { };
"P2":  place in [from 0x20000000 to 0x2001ffff] {
          rw, block CSTACK, block HEAP };
initialize by copy { rw };

  Section            Kind        Address    Size  Object
  -------            ----        -------    ----  ------
"A0":                                      0x188
  .intvec            ro code  0x08000000   0x188  startup_stm32f407xx.o [1]
                            - 0x08000188   0x188

"P1":                                     0x8d2b
  .text              ro code  0x08000188   0xf96  xprintffull.o [3]
  .text              ro code  0x0800111e    0x7a  lz77_init_single.o [5]
  .text              ro code  0x08001198    0xb0  xlocale_c.o [3]
  .text              ro code  0x08001248    0x16  strchr.o [5]
  .text              ro code  0x0800125e    0x1e  xencoding_8859_1.o [3]
  .text              ro code  0x0800127c    0x40  xfail_s.o [3]
  .text              ro code  0x080012bc    0x36  strlen.o [5]
  .text              ro code  0x080012f2    0x1a  xsnprout.o [3]
  .text              ro code  0x0800130c    0x58  memchr.o [5]
  .text              ro code  0x08001364     0xa  xmbcurmax.o [3]
  .text              ro code  0x08001370    0xa6  ABImemcpy.o [5]
  .text              ro code  0x08001418   0x22e  I64DivMod.o [5]
  .text              ro code  0x08001648   0x1a2  DblMul.o [4]
  .text              ro code  0x080017ec    0x70  frexp.o [4]
  .text              ro code  0x0800185c    0x2e  DblCmpLe.o [4]
  .text              ro code  0x0800188c    0x2e  DblCmpGe.o [4]
  .text              ro code  0x080018bc   0x13a  ldexp.o [4]
  .text              ro code  0x080019f8    0x3a  DblToS32.o [4]
  .text              ro code  0x08001a34    0x22  S32ToDbl.o [4]
  .text              ro code  0x08001a58    0xe2  DblSub.o [4]
  .text              ro code  0x08001b3c   0x246  DblDiv.o [4]
  .text              ro code  0x08001d84    0x28  DblToU32.o [4]
  .text              ro code  0x08001dac    0x1a  U32ToDbl.o [4]
  .text              ro code  0x08001dc6     0x6  abort.o [3]
  .text              ro code  0x08001dcc     0x2  I64DivZer.o [5]
  .text              ro code  0x08001dd0   0x178  DblAdd.o [4]
  .text              ro code  0x08001f48    0x14  exit.o [6]
  .text              ro code  0x08001f5c   0xea4  chassis.o [1]
  .text              ro code  0x08002e00    0x48  FltToDbl.o [4]
  .text              ro code  0x08002e48    0x68  DblToFlt.o [4]
  .text              ro code  0x08002eb0    0x20  vec.o [1]
  .text              ro code  0x08002ed0    0x1a  math_wrappers64.o [4]
  .text              ro code  0x08002eec    0x80  maxon.o [1]
  .text              ro code  0x08002f6c    0x3c  vavle.o [1]
  .text              ro code  0x08002fa8   0x678  usart.o [1]
  .text              ro code  0x08003620   0x200  stm32f4xx_hal_gpio.o [1]
  .text              ro code  0x08003820    0x6a  atan2f.o [4]
  .text              ro code  0x0800388c    0x1e  sqrtf.o [4]
  .text              ro code  0x080038ac   0x102  sqrt.o [4]
  .text              ro code  0x080039b0   0x5a0  strto64.o [4]
  .text              ro code  0x08003f50   0x448  cos_sin64.o [4]
  .text              ro code  0x08004398   0x260  can.o [1]
  .text              ro code  0x080045f8   0x7f4  stm32f4xx_hal_uart.o [1]
  .text              ro code  0x08004dec   0x2c8  main.o [1]
  .text              ro code  0x080050b4   0x494  stm32f4xx_hal_dma.o [1]
  .text              ro code  0x08005548    0x3c  vsnprint.o [3]
  .text              ro code  0x08005584    0x4c  strcpy.o [5]
  .text              ro code  0x080055d0    0x3a  ABImemset48.o [5]
  .text              ro code  0x0800560c   0x11c  cmd.o [1]
  .text              ro code  0x08005728    0xa4  xatanf.o [4]
  .text              ro code  0x080057cc   0x122  iar_Stopfx.o [3]
  .text              ro code  0x080058f0   0x1c8  iar_Stoflt.o [3]
  .text              ro code  0x08005ab8   0x21c  iar_Stoxflt.o [3]
  .text              ro code  0x08005cd4   0x8e4  stm32f4xx_hal_can.o [1]
  .text              ro code  0x080065b8   0x148  can_func.o [1]
  .text              ro code  0x08006700     0xc  stm32f4xx_hal.o [1]
  .text              ro code  0x0800670c     0x2  stm32f4xx_hal_uart.o [1]
  .text              ro code  0x0800670e     0x2  stm32f4xx_hal_uart.o [1]
  .text              ro code  0x08006710     0x2  stm32f4xx_hal_uart.o [1]
  .text              ro code  0x08006714   0x1c0  stm32f4xx_hal_rcc.o [1]
  .text              ro code  0x080068d4    0x34  stm32f4xx_hal.o [1]
  .text              ro code  0x08006908   0x3c8  gpio.o [1]
  .text              ro code  0x08006cd0    0x78  dma.o [1]
  .text              ro code  0x08006d48   0x218  tim.o [1]
  .text              ro code  0x08006f60   0x1e0  robomaster.o [1]
  .text              ro code  0x08007140    0xcc  valuepack.o [1]
  .text              ro code  0x0800720c   0x2f0  stm32f4xx_hal_rcc.o [1]
  .text              ro code  0x080074fc   0x10c  stm32f4xx_hal_cortex.o [1]
  .text              ro code  0x08007608    0x44  no_free_heap0.o [3]
  .text              ro code  0x0800764c    0x4a  strcmp.o [5]
  .text              ro code  0x08007698    0x66  ABImemset.o [5]
  .text              ro code  0x080076fe    0x14  isspace.o [3]
  .text              ro code  0x08007712    0x14  isalpha.o [3]
  .text              ro code  0x08007726     0x2  stm32f4xx_hal_can.o [1]
  .text              ro code  0x08007728    0x28  stm32f4xx_hal.o [1]
  .text              ro code  0x08007750    0x94  stm32f4xx_hal_msp.o [1]
  .text              ro code  0x080077e4   0x588  stm32f4xx_hal_tim.o [1]
  .text              ro code  0x08007d6c    0xa8  stm32f4xx_hal_tim_ex.o [1]
  .text              ro code  0x08007e14    0x2c  xgetmemchunk.o [3]
  .text              ro code  0x08007e40   0x78c  cmd_func.o [1]
  .text              ro code  0x080085cc   0x174  iar_Stoulx.o [3]
  .text              ro code  0x08008740    0x24  vega_action.o [1]
  .text              ro code  0x08008764    0x14  tolower.o [3]
  .text              ro code  0x08008778    0xa0  stm32f4xx_it.o [1]
  .text              ro code  0x08008818    0x10  stm32f4xx_hal.o [1]
  .text              ro code  0x08008828    0x60  system_stm32f4xx.o [1]
  .text              ro code  0x08008888    0x40  zero_init3.o [5]
  .text              ro code  0x080088c8    0x28  data_init.o [5]
  .text              ro code  0x080088f0    0x22  fpinit_M.o [4]
  .iar.init_table    const    0x08008914    0x20  - Linker created -
  .text              ro code  0x08008934    0x1e  cmain.o [5]
  .text              ro code  0x08008952     0x4  low_level_init.o [3]
  .text              ro code  0x08008956     0x4  exit.o [3]
  .text              ro code  0x0800895c     0xa  cexit.o [5]
  .text              ro code  0x08008968    0x10  startup_stm32f407xx.o [1]
  .text              ro code  0x08008978     0xc  cstartup_M.o [5]
  .rodata            const    0x08008984     0x8  system_stm32f4xx.o [1]
  .rodata            const    0x0800898c     0x6  xlocale_c.o [3]
  .text              ro code  0x08008992     0x4  startup_stm32f407xx.o [1]
  .text              ro code  0x08008996     0x4  startup_stm32f407xx.o [1]
  .text              ro code  0x0800899a     0x4  startup_stm32f407xx.o [1]
  .text              ro code  0x0800899e     0x4  startup_stm32f407xx.o [1]
  .text              ro code  0x080089a2     0x4  startup_stm32f407xx.o [1]
  .text              ro code  0x080089a6     0x4  startup_stm32f407xx.o [1]
  .text              ro code  0x080089aa     0x4  startup_stm32f407xx.o [1]
  .text              ro code  0x080089ae     0x4  startup_stm32f407xx.o [1]
  .text              ro code  0x080089b2     0x4  startup_stm32f407xx.o [1]
  .text              ro code  0x080089b6     0x4  startup_stm32f407xx.o [1]
  .text              ro code  0x080089ba     0x4  startup_stm32f407xx.o [1]
  .text              ro code  0x080089be     0x4  startup_stm32f407xx.o [1]
  .text              ro code  0x080089c2     0x4  startup_stm32f407xx.o [1]
  .text              ro code  0x080089c6     0x4  startup_stm32f407xx.o [1]
  .text              ro code  0x080089ca     0x4  startup_stm32f407xx.o [1]
  .text              ro code  0x080089ce     0x4  startup_stm32f407xx.o [1]
  .text              ro code  0x080089d2     0x4  startup_stm32f407xx.o [1]
  .text              ro code  0x080089d6     0x4  startup_stm32f407xx.o [1]
  .text              ro code  0x080089da     0x4  startup_stm32f407xx.o [1]
  .text              ro code  0x080089de     0x4  startup_stm32f407xx.o [1]
  .text              ro code  0x080089e2     0x4  startup_stm32f407xx.o [1]
  .text              ro code  0x080089e6     0x4  startup_stm32f407xx.o [1]
  .text              ro code  0x080089ea     0x4  startup_stm32f407xx.o [1]
  .text              ro code  0x080089ee     0x4  startup_stm32f407xx.o [1]
  .text              ro code  0x080089f2     0x4  startup_stm32f407xx.o [1]
  .text              ro code  0x080089f6     0x4  startup_stm32f407xx.o [1]
  .text              ro code  0x080089fa     0x4  startup_stm32f407xx.o [1]
  .text              ro code  0x080089fe     0x4  startup_stm32f407xx.o [1]
  .text              ro code  0x08008a02     0x4  startup_stm32f407xx.o [1]
  .text              ro code  0x08008a06     0x4  startup_stm32f407xx.o [1]
  .text              ro code  0x08008a0a     0x4  startup_stm32f407xx.o [1]
  .text              ro code  0x08008a0e     0x4  startup_stm32f407xx.o [1]
  .text              ro code  0x08008a12     0x4  startup_stm32f407xx.o [1]
  .text              ro code  0x08008a16     0x4  startup_stm32f407xx.o [1]
  .text              ro code  0x08008a1a     0x4  startup_stm32f407xx.o [1]
  .text              ro code  0x08008a1e     0x4  startup_stm32f407xx.o [1]
  .text              ro code  0x08008a22     0x4  startup_stm32f407xx.o [1]
  .text              ro code  0x08008a26     0x4  startup_stm32f407xx.o [1]
  .text              ro code  0x08008a2a     0x4  startup_stm32f407xx.o [1]
  .text              ro code  0x08008a2e     0x4  startup_stm32f407xx.o [1]
  .text              ro code  0x08008a32     0x4  startup_stm32f407xx.o [1]
  .text              ro code  0x08008a36     0x4  startup_stm32f407xx.o [1]
  .text              ro code  0x08008a3a     0x4  startup_stm32f407xx.o [1]
  .text              ro code  0x08008a3e     0x4  startup_stm32f407xx.o [1]
  .text              ro code  0x08008a42     0x4  startup_stm32f407xx.o [1]
  .text              ro code  0x08008a46     0x4  startup_stm32f407xx.o [1]
  .text              ro code  0x08008a4a     0x4  startup_stm32f407xx.o [1]
  .text              ro code  0x08008a4e     0x4  startup_stm32f407xx.o [1]
  .text              ro code  0x08008a52     0x4  startup_stm32f407xx.o [1]
  .text              ro code  0x08008a56     0x4  startup_stm32f407xx.o [1]
  .text              ro code  0x08008a5a     0x4  startup_stm32f407xx.o [1]
  .text              ro code  0x08008a5e     0x4  startup_stm32f407xx.o [1]
  .text              ro code  0x08008a62     0x4  startup_stm32f407xx.o [1]
  .text              ro code  0x08008a66     0x4  startup_stm32f407xx.o [1]
  .text              ro code  0x08008a6a     0x4  startup_stm32f407xx.o [1]
  .text              ro code  0x08008a6e     0x4  startup_stm32f407xx.o [1]
  .text              ro code  0x08008a72     0x4  startup_stm32f407xx.o [1]
  .text              ro code  0x08008a76     0x4  startup_stm32f407xx.o [1]
  .text              ro code  0x08008a7a     0x4  startup_stm32f407xx.o [1]
  .text              ro code  0x08008a7e     0x4  startup_stm32f407xx.o [1]
  .text              ro code  0x08008a82     0x4  startup_stm32f407xx.o [1]
  .text              ro code  0x08008a86     0x4  startup_stm32f407xx.o [1]
  .text              ro code  0x08008a8a     0x4  startup_stm32f407xx.o [1]
  .text              ro code  0x08008a8e     0x4  startup_stm32f407xx.o [1]
  .text              ro code  0x08008a92     0x4  startup_stm32f407xx.o [1]
  .text              ro code  0x08008a96     0x4  startup_stm32f407xx.o [1]
  .text              ro code  0x08008a9a     0x4  startup_stm32f407xx.o [1]
  .text              ro code  0x08008a9e     0x4  startup_stm32f407xx.o [1]
  .text              ro code  0x08008aa2     0x4  startup_stm32f407xx.o [1]
  .text              ro code  0x08008aa6     0x4  startup_stm32f407xx.o [1]
  .text              ro code  0x08008aaa     0x4  startup_stm32f407xx.o [1]
  .text              ro code  0x08008aae     0x4  startup_stm32f407xx.o [1]
  .text              ro code  0x08008ab2     0x4  startup_stm32f407xx.o [1]
  .rodata            const    0x08008ab6     0x0  zero_init3.o [5]
  .rodata            const    0x08008ab6     0x0  lz77_init_single.o [5]
  Initializer bytes  const    0x08008ab6   0x3fd  <for P2-1>
                            - 0x08008eb3  0x8d2b

"P2", part 1 of 3:                        0x1428
  P2-1                        0x20000000  0x1428  <Init block>
    .data            inited   0x20000000    0x30  chassis.o [1]
    .data            inited   0x20000030     0xc  can_func.o [1]
    .data            inited   0x2000003c     0xc  can_func.o [1]
    .data            inited   0x20000048    0x84  chassis.o [1]
    .data            inited   0x200000cc    0x5c  chassis.o [1]
    .data            inited   0x20000128     0xc  chassis.o [1]
    .data            inited   0x20000134    0x20  chassis.o [1]
    .data            inited   0x20000154    0x34  chassis.o [1]
    .data            inited   0x20000188   0x834  cmd.o [1]
    .data            inited   0x200009bc    0x14  cmd_func.o [1]
    .data            inited   0x200009d0   0x320  point_zx.o [1]
    .data            inited   0x20000cf0   0x320  point_zx.o [1]
    .data            inited   0x20001010   0x324  point_zx.o [1]
    .data            inited   0x20001334    0x10  robomaster.o [1]
    .data            inited   0x20001344     0x4  system_stm32f4xx.o [1]
    .data            inited   0x20001348     0x4  track.o [1]
    .data            inited   0x2000134c    0x58  usart.o [1]
    .data            inited   0x200013a4     0x4  vavle.o [1]
    .data            inited   0x200013a8    0x38  xlocale_c.o [3]
    .data            inited   0x200013e0    0x48  xlocale_c.o [3]
                            - 0x20001428  0x1428

"P2", part 2 of 3:                        0x175c
  .bss               zero     0x20001428   0x640  points.o [1]
  .bss               zero     0x20001a68   0x320  points.o [1]
  .bss               zero     0x20001d88   0x320  points.o [1]
  .bss               zero     0x200020a8   0x190  can.o [1]
  .bss               zero     0x20002238   0x180  usart.o [1]
  .bss               zero     0x200023b8    0xd0  usart.o [1]
  .bss               zero     0x20002488    0xc8  usart.o [1]
  .bss               zero     0x20002550    0xac  can.o [1]
  .bss               zero     0x200025fc    0xa0  robomaster.o [1]
  .bss               zero     0x2000269c    0x80  robomaster.o [1]
  .bss               zero     0x2000271c    0x80  robomaster.o [1]
  .bss               zero     0x2000279c    0x68  usart.o [1]
  .bss               zero     0x20002804    0x64  usart.o [1]
  .bss               zero     0x20002868    0x64  usart.o [1]
  .bss               zero     0x200028cc    0x40  can.o [1]
  .bss               zero     0x2000290c    0x40  chassis.o [1]
  .bss               zero     0x2000294c    0x40  usart.o [1]
  .bss               zero     0x2000298c    0x40  usart.o [1]
  .bss               zero     0x200029cc    0x40  usart.o [1]
  .bss               zero     0x20002a0c    0x40  usart.o [1]
  .bss               zero     0x20002a4c    0x3c  tim.o [1]
  .bss               zero     0x20002a88    0x3c  tim.o [1]
  .bss               zero     0x20002ac4    0x30  cmd.o [1]
  .bss               zero     0x20002af4    0x18  usart.o [1]
  .bss               zero     0x20002b0c    0x18  vavle.o [1]
  .bss               zero     0x20002b24    0x14  main.o [1]
  .bss               zero     0x20002b38     0xc  gpio.o [1]
  .bss               zero     0x20002b44     0xc  valuepack.o [1]
  .bss               zero     0x20002b50     0x8  can.o [1]
  .bss               zero     0x20002b58     0x8  can.o [1]
  .bss               zero     0x20002b60     0x8  chassis.o [1]
  .bss               zero     0x20002b68     0x4  can.o [1]
  .bss               zero     0x20002b6c     0x4  robomaster.o [1]
  .bss               zero     0x20002b70     0x4  stm32f4xx_hal.o [1]
  .bss               zero     0x20002b74     0x4  track.o [1]
  .bss               zero     0x20002b78     0x4  xfail_s.o [3]
  .bss               zero     0x20002b7c     0x4  no_free_heap0.o [3]
  .bss               zero     0x20002b80     0x4  xgetmemchunk.o [3]
                            - 0x20002b84  0x175c

"P2", part 3 of 3:                        0x1800
  CSTACK                      0x20002b88  0x1200  <Block>
    CSTACK           uninit   0x20002b88  0x1200  <Block tail>
  HEAP                        0x20003d88   0x600  <Block>
    HEAP             uninit   0x20003d88   0x600  <Block tail>
                            - 0x20004388  0x1800


*******************************************************************************
*** INIT TABLE
***

          Address     Size
          -------     ----
Zero (__iar_zero_init3)
    1 destination range, total size 0x175c:
          0x20001428  0x175c

Copy/lz77 (__iar_lz77_init_single3)
    1 source range, total size 0x3fd (19% of destination):
          0x08008ab6   0x3fd
    1 destination range, total size 0x1428:
          0x20000000  0x1428



*******************************************************************************
*** MODULE SUMMARY
***

    Module                  ro code  ro data  rw data
    ------                  -------  -------  -------
D:\RoboconCode\ok\chassis\EWARM\MR1_Chassis\Obj: [1]
    can.o                       608               656
    can_func.o                  328        5       24
    chassis.o                 3 748       72      440
    cmd.o                       284      416    2 148
    cmd_func.o                1 932        4       20
    dma.o                       120
    gpio.o                      968                12
    main.o                      712                20
    maxon.o                     128
    point_zx.o                           475    2 404
    points.o                                    3 200
    robomaster.o                480        3      436
    startup_stm32f407xx.o       700
    stm32f4xx_hal.o             120                 4
    stm32f4xx_hal_can.o       2 278
    stm32f4xx_hal_cortex.o      268
    stm32f4xx_hal_dma.o       1 172
    stm32f4xx_hal_gpio.o        512
    stm32f4xx_hal_msp.o         148
    stm32f4xx_hal_rcc.o       1 200
    stm32f4xx_hal_tim.o       1 416
    stm32f4xx_hal_tim_ex.o      168
    stm32f4xx_hal_uart.o      2 042
    stm32f4xx_it.o              160
    system_stm32f4xx.o           96        9        4
    tim.o                       536               120
    track.o                                1        8
    usart.o                   1 656       17    1 464
    valuepack.o                 204                12
    vavle.o                      60        1       28
    vec.o                        32
    vega_action.o                36
    -------------------------------------------------
    Total:                   22 112    1 003   11 000

command line: [2]
    -------------------------------------------------
    Total:

dl7M_tlf.a: [3]
    abort.o                       6
    exit.o                        4
    iar_Stoflt.o                456
    iar_Stopfx.o                290
    iar_Stoulx.o                372
    iar_Stoxflt.o               540
    isalpha.o                    20
    isspace.o                    20
    low_level_init.o              4
    no_free_heap0.o              68                 4
    tolower.o                    20
    vsnprint.o                   60
    xencoding_8859_1.o           30
    xfail_s.o                    64                 4
    xgetmemchunk.o               44                 4
    xlocale_c.o                 176       32      128
    xmbcurmax.o                  10
    xprintffull.o             3 990
    xsnprout.o                   26
    -------------------------------------------------
    Total:                    6 200       32      140

m7M_tls.a: [4]
    DblAdd.o                    376
    DblCmpGe.o                   46
    DblCmpLe.o                   46
    DblDiv.o                    582
    DblMul.o                    418
    DblSub.o                    226
    DblToFlt.o                  104
    DblToS32.o                   58
    DblToU32.o                   40
    FltToDbl.o                   72
    S32ToDbl.o                   34
    U32ToDbl.o                   26
    atan2f.o                    106
    cos_sin64.o               1 096
    fpinit_M.o                   34
    frexp.o                     112
    ldexp.o                     314
    math_wrappers64.o            26
    sqrt.o                      258
    sqrtf.o                      30
    strto64.o                 1 440
    xatanf.o                    164
    -------------------------------------------------
    Total:                    5 608

rt7M_tl.a: [5]
    ABImemcpy.o                 166
    ABImemset.o                 102
    ABImemset48.o                58
    I64DivMod.o                 558
    I64DivZer.o                   2
    cexit.o                      10
    cmain.o                      30
    cstartup_M.o                 12
    data_init.o                  40
    lz77_init_single.o          122
    memchr.o                     88
    strchr.o                     22
    strcmp.o                     74
    strcpy.o                     76
    strlen.o                     54
    zero_init3.o                 64
    -------------------------------------------------
    Total:                    1 478

shb_l.a: [6]
    exit.o                       20
    -------------------------------------------------
    Total:                       20

    Gaps                         44        2
    Linker created                        32    6 144
-----------------------------------------------------
    Grand Total:             35 462    1 069   17 284


*******************************************************************************
*** ENTRY LIST
***

Entry                      Address   Size  Type      Object
-----                      -------   ----  ----      ------
.iar.init_table$$Base   0x08008914          --   Gb  - Linker created -
.iar.init_table$$Limit  0x08008934          --   Gb  - Linker created -
?main                   0x08008935         Code  Gb  cmain.o [5]
AHBPrescTable           0x08008878   0x10  Data  Gb  system_stm32f4xx.o [1]
APBPrescTable           0x08008984    0x8  Data  Gb  system_stm32f4xx.o [1]
BoostAndSlowUpdate      0x08002935   0xe2  Code  Gb  chassis.o [1]
Boost_Period            0x20000154    0x4  Data  Gb  chassis.o [1]
BusFault_Handler        0x0800877f    0x2  Code  Gb  stm32f4xx_it.o [1]
CAN1_RX0_IRQHandler     0x080087a3    0x6  Code  Gb  stm32f4xx_it.o [1]
CAN_LIST_MATCH          0x0800452d   0x2c  Code  Gb  can.o [1]
CAN_Receive_IT          0x08006467  0x152  Code  Lc  stm32f4xx_hal_can.o [1]
CAN_Transmit_IT         0x08006411   0x56  Code  Lc  stm32f4xx_hal_can.o [1]
CSTACK$$Base            0x20002b88          --   Gb  - Linker created -
CSTACK$$Limit           0x20003d88          --   Gb  - Linker created -
CacheMore               0x080011d9   0x24  Code  Lc  xlocale_c.o [3]
ChassisHandle           0x2000290c   0x3c  Data  Gb  chassis.o [1]
ChassisSignal           0x200000cc   0x50  Data  Gb  chassis.o [1]
Chassis_State           0x200000c4    0x4  Data  Gb  chassis.o [1]
Configure_Filter        0x080044b1   0x28  Code  Gb  can.o [1]
DMA1_Stream1_IRQHandler
                        0x08008797    0x6  Code  Gb  stm32f4xx_it.o [1]
DMA1_Stream3_IRQHandler
                        0x0800879d    0x6  Code  Gb  stm32f4xx_it.o [1]
DMA2_Stream2_IRQHandler
                        0x080087eb    0x6  Code  Gb  stm32f4xx_it.o [1]
DMA2_Stream7_IRQHandler
                        0x080087f1    0x6  Code  Gb  stm32f4xx_it.o [1]
DMAUSART_RX_BUF         0x200023b8   0x64  Data  Gb  usart.o [1]
DMAUSART_RX_BUF_vega    0x20002868   0x64  Data  Gb  usart.o [1]
DMA_CalcBaseAndBitshift
                        0x080054a5   0x28  Code  Lc  stm32f4xx_hal_dma.o [1]
DMA_CalcBaseAndBitshift::flagBitshiftOffset
                        0x08005540    0x8  Data  Lc  stm32f4xx_hal_dma.o [1]
DMA_CheckFifoParam      0x080054cd   0x72  Code  Lc  stm32f4xx_hal_dma.o [1]
DMA_RxOK_Flag           0x2000241c    0x4  Data  Gb  usart.o [1]
DMA_RxOK_Flag_vega      0x20002420    0x4  Data  Gb  usart.o [1]
DMA_SetConfig           0x08005479   0x2a  Code  Lc  stm32f4xx_hal_dma.o [1]
DMAaRxBuffer            0x20002424   0x64  Data  Gb  usart.o [1]
DMAaRxBuffer_vega       0x20002804   0x64  Data  Gb  usart.o [1]
DebugMon_Handler        0x08008785    0x2  Code  Gb  stm32f4xx_it.o [1]
Dtentox                 0x08003b65  0x19a  Code  Lc  strto64.o [4]
ENBALE_POINT_COLLECTION_TRACER
                        0x2000017c    0x4  Data  Gb  chassis.o [1]
ERR_angle_m0            0x2000009c    0x4  Data  Gb  chassis.o [1]
ERR_angle_m1            0x20000098    0x4  Data  Gb  chassis.o [1]
ERR_angle_m3            0x20000094    0x4  Data  Gb  chassis.o [1]
HAL_CAN_ConfigFilter    0x08005e25   0xe0  Code  Gb  stm32f4xx_hal_can.o [1]
HAL_CAN_ErrorCallback   0x08004585   0x24  Code  Gb  can.o [1]
HAL_CAN_IRQHandler      0x080061b3  0x240  Code  Gb  stm32f4xx_hal_can.o [1]
HAL_CAN_Init            0x08005cd5  0x150  Code  Gb  stm32f4xx_hal_can.o [1]
HAL_CAN_MspInit         0x080043e1   0x48  Code  Gb  can.o [1]
HAL_CAN_Receive_IT      0x080060ef   0xc4  Code  Gb  stm32f4xx_hal_can.o [1]
HAL_CAN_RxCpltCallback  0x08004559   0x2c  Code  Gb  can.o [1]
HAL_CAN_Transmit        0x08005f05  0x1ea  Code  Gb  stm32f4xx_hal_can.o [1]
HAL_DMA_Abort           0x080051ed   0x8a  Code  Gb  stm32f4xx_hal_dma.o [1]
HAL_DMA_Abort_IT        0x08005277   0x24  Code  Gb  stm32f4xx_hal_dma.o [1]
HAL_DMA_IRQHandler      0x0800529b  0x1d2  Code  Gb  stm32f4xx_hal_dma.o [1]
HAL_DMA_Init            0x080050b5   0xc8  Code  Gb  stm32f4xx_hal_dma.o [1]
HAL_DMA_Start_IT        0x0800517d   0x70  Code  Gb  stm32f4xx_hal_dma.o [1]
HAL_GPIO_Init           0x08003621  0x1a8  Code  Gb  stm32f4xx_hal_gpio.o [1]
HAL_GPIO_ReadPin        0x080037c9   0x10  Code  Gb  stm32f4xx_hal_gpio.o [1]
HAL_GPIO_TogglePin      0x080037eb    0x8  Code  Gb  stm32f4xx_hal_gpio.o [1]
HAL_GPIO_WritePin       0x080037d9   0x12  Code  Gb  stm32f4xx_hal_gpio.o [1]
HAL_GetTick             0x08006701    0xc  Code  Wk  stm32f4xx_hal.o [1]
HAL_IncTick             0x08008819   0x10  Code  Wk  stm32f4xx_hal.o [1]
HAL_Init                0x080068d5   0x30  Code  Gb  stm32f4xx_hal.o [1]
HAL_InitTick            0x08007729   0x28  Code  Wk  stm32f4xx_hal.o [1]
HAL_MspInit             0x08007751   0x94  Code  Gb  stm32f4xx_hal_msp.o [1]
HAL_NVIC_EnableIRQ      0x080075cf    0x2  Code  Gb  stm32f4xx_hal_cortex.o [1]
HAL_NVIC_SetPriority    0x080075b1   0x1e  Code  Gb  stm32f4xx_hal_cortex.o [1]
HAL_NVIC_SetPriorityGrouping
                        0x080075af    0x2  Code  Gb  stm32f4xx_hal_cortex.o [1]
HAL_RCC_ClockConfig     0x08006715  0x110  Code  Gb  stm32f4xx_hal_rcc.o [1]
HAL_RCC_GetHCLKFreq     0x08006825    0x6  Code  Gb  stm32f4xx_hal_rcc.o [1]
HAL_RCC_GetPCLK1Freq    0x0800682b   0x16  Code  Gb  stm32f4xx_hal_rcc.o [1]
HAL_RCC_GetPCLK2Freq    0x08006841   0x16  Code  Gb  stm32f4xx_hal_rcc.o [1]
HAL_RCC_OscConfig       0x0800720d  0x2f0  Code  Wk  stm32f4xx_hal_rcc.o [1]
HAL_SYSTICK_CLKSourceConfig
                        0x080075d3   0x18  Code  Gb  stm32f4xx_hal_cortex.o [1]
HAL_SYSTICK_Callback    0x08004f99   0xc0  Code  Gb  main.o [1]
HAL_SYSTICK_Callback::delay_time_cnt
                        0x20002b34    0x4  Data  Lc  main.o [1]
HAL_SYSTICK_Callback::time_1ms_cnt
                        0x20002b30    0x4  Data  Lc  main.o [1]
HAL_SYSTICK_Config      0x080075d1    0x2  Code  Gb  stm32f4xx_hal_cortex.o [1]
HAL_SYSTICK_IRQHandler  0x08007605    0x4  Code  Gb  stm32f4xx_hal_cortex.o [1]
HAL_TIMEx_ConfigBreakDeadTime
                        0x08007db9   0x5c  Code  Gb  stm32f4xx_hal_tim_ex.o [1]
HAL_TIMEx_MasterConfigSynchronization
                        0x08007d6d   0x4c  Code  Gb  stm32f4xx_hal_tim_ex.o [1]
HAL_TIM_Base_Init       0x080077e5   0x32  Code  Gb  stm32f4xx_hal_tim.o [1]
HAL_TIM_Base_MspInit    0x08006e99   0x26  Code  Gb  tim.o [1]
HAL_TIM_ConfigClockSource
                        0x08007963   0xfe  Code  Gb  stm32f4xx_hal_tim.o [1]
HAL_TIM_MspPostInit     0x08006ebf   0x2e  Code  Gb  tim.o [1]
HAL_TIM_PWM_ConfigChannel
                        0x08007891   0xd2  Code  Gb  stm32f4xx_hal_tim.o [1]
HAL_TIM_PWM_Init        0x08007817   0x32  Code  Gb  stm32f4xx_hal_tim.o [1]
HAL_TIM_PWM_MspInit     0x08006e73   0x26  Code  Gb  tim.o [1]
HAL_TIM_PWM_Start       0x08007849   0x3e  Code  Gb  stm32f4xx_hal_tim.o [1]
HAL_UART_DMAStop        0x080047b9   0x64  Code  Gb  stm32f4xx_hal_uart.o [1]
HAL_UART_ErrorCallback  0x080033c9   0x44  Code  Gb  usart.o [1]
HAL_UART_IDLECallback   0x08003427   0xb2  Code  Gb  usart.o [1]
HAL_UART_IRQHandler     0x0800481d  0x10c  Code  Gb  stm32f4xx_hal_uart.o [1]
HAL_UART_Init           0x080045f9   0x5e  Code  Gb  stm32f4xx_hal_uart.o [1]
HAL_UART_MspInit        0x080030d7  0x2c8  Code  Gb  usart.o [1]
HAL_UART_Receive_DMA    0x0800471f   0x9a  Code  Gb  stm32f4xx_hal_uart.o [1]
HAL_UART_Transmit       0x08004657   0xc8  Code  Gb  stm32f4xx_hal_uart.o [1]
HEAP$$Base              0x20003d88          --   Gb  - Linker created -
HEAP$$Limit             0x20004388          --   Gb  - Linker created -
HardFault_Handler       0x0800877b    0x2  Code  Gb  stm32f4xx_it.o [1]
LoadInt                 0x08000377   0x7a  Code  Lc  xprintffull.o [3]
M2006_init              0x0800701d   0x4e  Code  Gb  robomaster.o [1]
M3508_init              0x0800706d   0x4e  Code  Gb  robomaster.o [1]
MX_CAN1_Init            0x08004399   0x48  Code  Gb  can.o [1]
MX_DMA_Init             0x08006cd1   0x78  Code  Gb  dma.o [1]
MX_GPIO_Init            0x08006909  0x28e  Code  Gb  gpio.o [1]
MX_NVIC_Init            0x08004f51   0x46  Code  Lc  main.o [1]
MX_TIM1_Init            0x08006d49   0xc0  Code  Gb  tim.o [1]
MX_TIM3_Init            0x08006e09   0x6a  Code  Gb  tim.o [1]
MX_UART4_Init           0x08002fa9   0x3c  Code  Gb  usart.o [1]
MX_UART5_Init           0x08002fe5   0x3c  Code  Gb  usart.o [1]
MX_USART1_UART_Init     0x08003021   0x3c  Code  Gb  usart.o [1]
MX_USART2_UART_Init     0x0800305d   0x3c  Code  Gb  usart.o [1]
MX_USART3_UART_Init     0x08003099   0x3e  Code  Gb  usart.o [1]
MemManage_Handler       0x0800877d    0x2  Code  Gb  stm32f4xx_it.o [1]
NMI_Handler             0x08008779    0x2  Code  Gb  stm32f4xx_it.o [1]
NVIC_EnableIRQ          0x08007521   0x12  Code  Lc  stm32f4xx_hal_cortex.o [1]
NVIC_EncodePriority     0x08007551   0x36  Code  Lc  stm32f4xx_hal_cortex.o [1]
NVIC_GetPriorityGrouping
                        0x08007517    0xa  Code  Lc  stm32f4xx_hal_cortex.o [1]
NVIC_SetPriority        0x08007533   0x1e  Code  Lc  stm32f4xx_hal_cortex.o [1]
NVIC_SetPriorityGrouping
                        0x080074fd   0x1a  Code  Lc  stm32f4xx_hal_cortex.o [1]
PID_init                0x080070bd   0x44  Code  Gb  robomaster.o [1]
PendSV_Handler          0x08008787    0x2  Code  Gb  stm32f4xx_it.o [1]
Region$$Table$$Base     0x08008914          --   Gb  - Linker created -
Region$$Table$$Limit    0x08008934          --   Gb  - Linker created -
Robomaster_Position_PID
                        0x2000271c   0x80  Data  Gb  robomaster.o [1]
Robomaster_Speed_PID    0x2000269c   0x80  Data  Gb  robomaster.o [1]
RxMessage               0x200025bc   0x24  Data  Lc  can.o [1]
SVC_Handler             0x08008783    0x2  Code  Gb  stm32f4xx_it.o [1]
Slow_Period             0x20000158    0x4  Data  Gb  chassis.o [1]
SysTick_Config          0x08007587   0x28  Code  Lc  stm32f4xx_hal_cortex.o [1]
SysTick_Handler         0x08008789    0xe  Code  Gb  stm32f4xx_it.o [1]
SystemClock_Config      0x08004e95   0xbc  Code  Gb  main.o [1]
SystemCoreClock         0x20001344    0x4  Data  Gb  system_stm32f4xx.o [1]
SystemInit              0x08008829   0x3a  Code  Gb  system_stm32f4xx.o [1]
TIM_Base_SetConfig      0x08007a61   0xda  Code  Gb  stm32f4xx_hal_tim.o [1]
TIM_CCxChannelCmd       0x08007ba1   0x1a  Code  Gb  stm32f4xx_hal_tim.o [1]
TIM_ETR_SetConfig       0x08007d57   0x16  Code  Lc  stm32f4xx_hal_tim.o [1]
TIM_ITRx_SetConfig      0x08007d47   0x10  Code  Lc  stm32f4xx_hal_tim.o [1]
TIM_OC1_SetConfig       0x08007bbd   0x5c  Code  Lc  stm32f4xx_hal_tim.o [1]
TIM_OC2_SetConfig       0x08007b3b   0x64  Code  Gb  stm32f4xx_hal_tim.o [1]
TIM_OC3_SetConfig       0x08007c19   0x62  Code  Lc  stm32f4xx_hal_tim.o [1]
TIM_OC4_SetConfig       0x08007c7b   0x52  Code  Lc  stm32f4xx_hal_tim.o [1]
TIM_TI1_ConfigInputStage
                        0x08007cfd   0x24  Code  Lc  stm32f4xx_hal_tim.o [1]
TIM_TI2_ConfigInputStage
                        0x08007d21   0x26  Code  Lc  stm32f4xx_hal_tim.o [1]
TxMessage               0x200025e0   0x1c  Data  Lc  can.o [1]
UART_DMAAbortOnError    0x08004a55    0xc  Code  Lc  stm32f4xx_hal_uart.o [1]
UART_DMAError           0x08004969   0x56  Code  Lc  stm32f4xx_hal_uart.o [1]
UART_DMAReceiveCplt     0x08004929   0x38  Code  Lc  stm32f4xx_hal_uart.o [1]
UART_DMARxHalfCplt      0x08004961    0x6  Code  Lc  stm32f4xx_hal_uart.o [1]
UART_EndRxTransfer      0x08004a37   0x1c  Code  Lc  stm32f4xx_hal_uart.o [1]
UART_EndTransmit_IT     0x08004ac3   0x1a  Code  Lc  stm32f4xx_hal_uart.o [1]
UART_EndTxTransfer      0x08004a25   0x12  Code  Lc  stm32f4xx_hal_uart.o [1]
UART_Receive_IT         0x08004add   0x8e  Code  Lc  stm32f4xx_hal_uart.o [1]
UART_SetConfig          0x08004b6b  0x274  Code  Lc  stm32f4xx_hal_uart.o [1]
UART_Transmit_IT        0x08004a61   0x62  Code  Lc  stm32f4xx_hal_uart.o [1]
UART_WaitOnFlagUntilTimeout
                        0x080049bf   0x66  Code  Lc  stm32f4xx_hal_uart.o [1]
USART1_IRQHandler       0x080087a9   0x1e  Code  Gb  stm32f4xx_it.o [1]
USART2_IRQHandler       0x080087c7    0x6  Code  Gb  stm32f4xx_it.o [1]
USART3_IRQHandler       0x080087cd   0x1e  Code  Gb  stm32f4xx_it.o [1]
USART_RX_BUF            0x20002488   0xc8  Data  Gb  usart.o [1]
UsageFault_Handler      0x08008781    0x2  Code  Gb  stm32f4xx_it.o [1]
_Encoding_8859_1_Mbrlen
                        0x08001271    0x2  Code  Gb  xencoding_8859_1.o [3]
_Encoding_8859_1_Wctomb
                        0x0800125f   0x12  Code  Gb  xencoding_8859_1.o [3]
_Error_Handler          0x08005081    0x2  Code  Gb  main.o [1]
_GenldFull              0x08000df9  0x274  Code  Lc  xprintffull.o [3]
_LdtobFull              0x080009cd  0x3fe  Code  Lc  xprintffull.o [3]
_LitobFull              0x08000875  0x112  Code  Lc  xprintffull.o [3]
_LocaleC_isalpha        0x0800119f    0xc  Code  Gb  xlocale_c.o [3]
_LocaleC_islower        0x08001199    0x4  Code  Gb  xlocale_c.o [3]
_LocaleC_isspace        0x080011b5   0x14  Code  Gb  xlocale_c.o [3]
_LocaleC_isupper        0x0800119d    0x2  Code  Gb  xlocale_c.o [3]
_LocaleC_tolower        0x080011c9    0xc  Code  Gb  xlocale_c.o [3]
_Locale_lconv           0x200013a8   0x38  Data  Lc  xlocale_c.o [3]
_PrintfFull             0x08000189  0x1d6  Code  Gb  xprintffull.o [3]
_PutcharsFull           0x0800106d   0x2e  Code  Lc  xprintffull.o [3]
_PutfldFull             0x080003f1  0x2d0  Code  Lc  xprintffull.o [3]
_PutstrFull             0x080007b7   0xbe  Code  Lc  xprintffull.o [3]
_PuttxtFull             0x080006c1   0xf6  Code  Lc  xprintffull.o [3]
_SNProut                0x080012f3   0x1a  Code  Gb  xsnprout.o [3]
__aeabi_cdcmple         0x0800185d         Code  Gb  DblCmpLe.o [4]
__aeabi_cdrcmple        0x0800188d         Code  Gb  DblCmpGe.o [4]
__aeabi_d2f             0x08002e49         Code  Gb  DblToFlt.o [4]
__aeabi_d2iz            0x080019f9         Code  Gb  DblToS32.o [4]
__aeabi_d2uiz           0x08001d85         Code  Gb  DblToU32.o [4]
__aeabi_dadd            0x08001dd1         Code  Gb  DblAdd.o [4]
__aeabi_ddiv            0x08001b3d         Code  Gb  DblDiv.o [4]
__aeabi_dmul            0x08001649         Code  Gb  DblMul.o [4]
__aeabi_dsub            0x08001a59         Code  Gb  DblSub.o [4]
__aeabi_f2d             0x08002e01         Code  Gb  FltToDbl.o [4]
__aeabi_i2d             0x08001a35         Code  Gb  S32ToDbl.o [4]
__aeabi_ldiv0           0x08001dcd         Code  Gb  I64DivZer.o [5]
__aeabi_memcpy          0x08001371         Code  Gb  ABImemcpy.o [5]
__aeabi_memcpy4         0x08001391         Code  Gb  ABImemcpy.o [5]
__aeabi_memcpy8         0x08001391         Code  Gb  ABImemcpy.o [5]
__aeabi_memset          0x08007699         Code  Gb  ABImemset.o [5]
__aeabi_memset4         0x080055d1         Code  Gb  ABImemset48.o [5]
__aeabi_memset8         0x080055d1         Code  Gb  ABImemset48.o [5]
__aeabi_ui2d            0x08001dad         Code  Gb  U32ToDbl.o [4]
__aeabi_uldivmod        0x08001419         Code  Gb  I64DivMod.o [5]
__cmain                 0x08008935         Code  Gb  cmain.o [5]
__data_GetMemChunk      0x08007e15   0x2c  Code  Gb  xgetmemchunk.o [3]
__data_GetMemChunk::start
                        0x20002b80    0x4  Data  Lc  xgetmemchunk.o [3]
__exit                  0x08001f49   0x14  Code  Gb  exit.o [6]
__iar_Fail_s            0x0800127d   0x1c  Code  Gb  xfail_s.o [3]
__iar_Mbcurmax          0x08001365    0xa  Code  Gb  xmbcurmax.o [3]
__iar_Memchr            0x0800130d         Code  Gb  memchr.o [5]
__iar_Memset            0x08007699         Code  Gb  ABImemset.o [5]
__iar_Memset4_word      0x080055d9         Code  Gb  ABImemset48.o [5]
__iar_Memset8_word      0x080055d9         Code  Gb  ABImemset48.o [5]
__iar_Memset_word       0x080076a1         Code  Gb  ABImemset.o [5]
__iar_Sin64             0x08003f51  0x3b2  Code  Lc  cos_sin64.o [4]
__iar_Sto64             0x08003d11  0x1a6  Code  Gb  strto64.o [4]
__iar_Stoflt            0x080058f1  0x1c8  Code  Gb  iar_Stoflt.o [3]
__iar_Stopfx            0x080057cd  0x122  Code  Gb  iar_Stopfx.o [3]
__iar_Stoulx            0x080085cd  0x112  Code  Gb  iar_Stoulx.o [3]
__iar_Stoxflt           0x08005ab9  0x1e6  Code  Gb  iar_Stoxflt.o [3]
__iar_Stoxflt::digits   0x08005ca4   0x18  Data  Lc  iar_Stoxflt.o [3]
__iar_Stoxflt::vals     0x08005cbc   0x18  Data  Lc  iar_Stoxflt.o [3]
__iar_Strchr            0x08001249         Code  Gb  strchr.o [5]
__iar_atan2_32          0x08003821         Code  Gb  atan2f.o [4]
__iar_cos64             0x08004395    0x4  Code  Gb  cos_sin64.o [4]
__iar_cos_medium        0x08004395    0x4  Code  Gb  cos_sin64.o [4]
__iar_cos_medium64      0x08004395    0x4  Code  Gb  cos_sin64.o [4]
__iar_cos_mediuml       0x08004395    0x4  Code  Gb  cos_sin64.o [4]
__iar_dadd              0x08001a69         Code  Gb  DblSub.o [4]
__iar_data_init3        0x080088c9   0x28  Code  Gb  data_init.o [5]
__iar_dsub              0x08001de1         Code  Gb  DblAdd.o [4]
__iar_dsubStart         0x08001df3         Code  Gb  DblAdd.o [4]
__iar_frexp             0x080017f9         Code  Gb  frexp.o [4]
__iar_frexpl            0x080017f9         Code  Gb  frexp.o [4]
__iar_globLocale        0x200013e0   0x48  Data  Lc  xlocale_c.o [3]
__iar_global_Locale     0x080011d5    0x4  Code  Gb  xlocale_c.o [3]
__iar_init_vfp          0x080088f1         Code  Gb  fpinit_M.o [4]
__iar_ldexp64           0x080018bd         Code  Gb  ldexp.o [4]
__iar_lz77_init_single3
                        0x0800111f   0x7a  Code  Gb  lz77_init_single.o [5]
__iar_program_start     0x08008979         Code  Gb  cstartup_M.o [5]
__iar_scalbln64         0x080018bd         Code  Gb  ldexp.o [4]
__iar_scalbn64          0x080018bd         Code  Gb  ldexp.o [4]
__iar_softfp___iar_frexp64
                        0x080017ed         Code  Gb  frexp.o [4]
__iar_softfp_frexp      0x080017ed         Code  Gb  frexp.o [4]
__iar_softfp_frexpl     0x080017ed         Code  Gb  frexp.o [4]
__iar_sqrt32            0x0800388d         Code  Gb  sqrtf.o [4]
__iar_sqrt64            0x080038bd         Code  Gb  sqrt.o [4]
__iar_systems$$module {Abs}
                        0x00000001         Data  Gb  command line/config [2]
__iar_vfp___iar_sqrt64  0x080038ad         Code  Gb  sqrt.o [4]
__iar_vfp_atof          0x08002ed7    0x8  Code  Gb  math_wrappers64.o [4]
__iar_vfp_cos           0x08002edf    0xc  Code  Gb  math_wrappers64.o [4]
__iar_vfp_sqrt          0x080038ad         Code  Gb  sqrt.o [4]
__iar_vfp_sqrtl         0x080038ad         Code  Gb  sqrt.o [4]
__iar_xatanf            0x08005729         Code  Gb  xatanf.o [4]
__iar_zero_init3        0x08008889   0x40  Code  Gb  zero_init3.o [5]
__low_level_init        0x08008953    0x4  Code  Gb  low_level_init.o [3]
__no_free_malloc        0x08007609   0x40  Code  Gb  no_free_heap0.o [3]
__vector_table          0x08000000         Data  Gb  startup_stm32f407xx.o [1]
_call_main              0x08008941         Code  Gb  cmain.o [5]
_exit                   0x0800895d         Code  Gb  cexit.o [5]
_gLocale_mblen          0x08001235    0x4  Code  Gb  xlocale_c.o [3]
_gLocale_mblenInt       0x080011fd   0x34  Code  Gb  xlocale_c.o [3]
_gLocale_wctomb         0x08001239    0x4  Code  Gb  xlocale_c.o [3]
_gLocale_wctombInt      0x08001231    0x4  Code  Gb  xlocale_c.o [3]
_main                   0x0800894f         Code  Gb  cmain.o [5]
abort                   0x08001dc7    0x6  Code  Gb  abort.o [3]
action_init_posx        0x20002b60    0x4  Data  Gb  chassis.o [1]
action_init_posy        0x20002b64    0x4  Data  Gb  chassis.o [1]
after_throw_continue_track_flag
                        0x20002b14    0x4  Data  Gb  vavle.o [1]
atan2f                  0x08003821         Code  Gb  atan2f.o [4]
atof                    0x08003efd    0x8  Code  Gb  strto64.o [4]
atoi                    0x080086e5    0x2  Code  Gb  iar_Stoulx.o [3]
canList                 0x200020a8  0x190  Data  Gb  can.o [1]
can_RX_data             0x20002b50    0x8  Data  Gb  can.o [1]
can_TX_data             0x20002b58    0x8  Data  Gb  can.o [1]
can_add_callback        0x08004511   0x1c  Code  Gb  can.o [1]
can_ccd_handle          0x08006671   0x32  Code  Gb  can_func.o [1]
can_func_init           0x080065b9   0x4c  Code  Gb  can_func.o [1]
can_id_init             0x08004429   0x52  Code  Gb  can.o [1]
can_init                0x0800447b   0x36  Code  Gb  can.o [1]
can_robomaster_rcv      0x08006f61   0xae  Code  Gb  robomaster.o [1]
can_robomaster_rcv::first_flag
                        0x20001334   0x10  Data  Lc  robomaster.o [1]
can_send_msg            0x080044d9   0x38  Code  Gb  can.o [1]
can_send_slide_pos      0x080066a3   0x30  Code  Gb  can_func.o [1]
canlistnum              0x20002b68    0x4  Data  Lc  can.o [1]
catch_bone_modify_x     0x20002948    0x4  Data  Gb  chassis.o [1]
ccd_kd                  0x20000038    0x4  Data  Gb  can_func.o [1]
ccd_kp                  0x20000034    0x4  Data  Gb  can_func.o [1]
ccd_pid                 0x08006605   0x6a  Code  Gb  can_func.o [1]
ccd_pid::last           0x2000003c    0x2  Data  Lc  can_func.o [1]
ccd_pos                 0x20000030    0x2  Data  Gb  can_func.o [1]
chassis                 0x20000048   0x48  Data  Gb  chassis.o [1]
chassis_PID_Angle_Control
                        0x08002301   0x34  Code  Gb  chassis.o [1]
chassis_PID_Angle_Control::angle_last_err
                        0x20000130    0x4  Data  Lc  chassis.o [1]
chassis_angle_subtract  0x080022a1   0x60  Code  Gb  chassis.o [1]
chassis_arena           0x20000090    0x4  Data  Gb  chassis.o [1]
chassis_flag            0x20002b28    0x4  Data  Gb  main.o [1]
chassis_gostraight      0x08002335  0x13a  Code  Gb  chassis.o [1]
chassis_gostraight_zx   0x08002479  0x138  Code  Gb  chassis.o [1]
chassis_handle          0x0800260d  0x294  Code  Gb  chassis.o [1]
chassis_init            0x08001f81  0x208  Code  Gb  chassis.o [1]
chassis_init_pos        0x08002195   0x32  Code  Gb  chassis.o [1]
chassis_poscnt          0x200000a0    0x4  Data  Gb  chassis.o [1]
chassis_posnum          0x20000120    0x4  Data  Gb  chassis.o [1]
chassis_rocker          0x080028a9   0x50  Code  Gb  chassis.o [1]
chassis_speed           0x20001a68  0x320  Data  Gb  points.o [1]
chassis_speed1          0x20001428  0x640  Data  Gb  points.o [1]
chassis_speed2          0x20001d88  0x320  Data  Gb  points.o [1]
chassis_speed_max       0x200000ac    0x4  Data  Gb  chassis.o [1]
chassis_turn_angle_KD   0x2000012c    0x4  Data  Gb  chassis.o [1]
chassis_turn_angle_KP   0x20000128    0x4  Data  Gb  chassis.o [1]
chassis_update          0x080021c9   0xd8  Code  Gb  chassis.o [1]
chassis_vector_d        0x20000000    0x8  Data  Gb  chassis.o [1]
chassis_vector_vx       0x20000008    0x8  Data  Gb  chassis.o [1]
chassis_zero            0x08001f5d   0x24  Code  Gb  chassis.o [1]
cmd_angle_pid           0x08007ee9   0x2e  Code  Gb  cmd_func.o [1]
cmd_argv                0x20002ac4   0x30  Data  Gb  cmd.o [1]
cmd_chassis_gostraight  0x080080e3   0x92  Code  Gb  cmd_func.o [1]
cmd_chassis_pid         0x08008035   0x58  Code  Gb  cmd_func.o [1]
cmd_debug_func          0x08007f49   0x44  Code  Gb  cmd_func.o [1]
cmd_exec                0x08005695   0x48  Code  Gb  cmd.o [1]
cmd_go_straight_func    0x08007e7b   0x38  Code  Gb  cmd_func.o [1]
cmd_hello_func          0x08007e41   0x3a  Code  Gb  cmd_func.o [1]
cmd_help_func           0x080056dd   0x28  Code  Gb  cmd.o [1]
cmd_init                0x0800560d   0x1a  Code  Gb  cmd.o [1]
cmd_open_box1           0x080080db    0x8  Code  Gb  cmd_func.o [1]
cmd_param_func          0x08007f8d   0x3c  Code  Gb  cmd_func.o [1]
cmd_parse               0x08005627   0x6e  Code  Gb  cmd.o [1]
cmd_point_collection_tracer
                        0x08008341   0x28  Code  Gb  cmd_func.o [1]
cmd_point_tracer        0x080082ad   0x80  Code  Gb  cmd_func.o [1]
cmd_print_angle         0x08008175   0x1c  Code  Gb  cmd_func.o [1]
cmd_print_pos           0x08007f17   0x32  Code  Gb  cmd_func.o [1]
cmd_r_sp_pid            0x08008007    0x2  Code  Gb  cmd_func.o [1]
cmd_r_speed             0x08008009    0x2  Code  Gb  cmd_func.o [1]
cmd_reset_vega          0x08007eb3   0x36  Code  Gb  cmd_func.o [1]
cmd_robomaster_position
                        0x08007fc9   0x3e  Code  Gb  cmd_func.o [1]
cmd_set_boost_slow      0x08008369   0x46  Code  Gb  cmd_func.o [1]
cmd_slide_pos           0x0800808d   0x4e  Code  Gb  cmd_func.o [1]
cmd_start_point_tracer  0x08008211   0x64  Code  Gb  cmd_func.o [1]
cmd_tbl                 0x20000188  0x834  Data  Lc  cmd.o [1]
cmd_test_angle          0x08008195   0x7a  Code  Gb  cmd_func.o [1]
cmd_upper_func          0x0800801b   0x1a  Code  Gb  cmd_func.o [1]
cmd_valve_open          0x0800800b   0x10  Code  Gb  cmd_func.o [1]
cmd_vega_init           0x0800832d   0x14  Code  Gb  cmd_func.o [1]
cos                     0x08004395    0x4  Code  Gb  cos_sin64.o [4]
cosl                    0x08004395    0x4  Code  Gb  cos_sin64.o [4]
count                   0x20000180    0x4  Data  Gb  chassis.o [1]
craw_close              0x08002f81    0xe  Code  Gb  vavle.o [1]
craw_open               0x08002f8f    0xc  Code  Gb  vavle.o [1]
ddiv                    0x08003a85   0xd0  Code  Lc  strto64.o [4]
delay_num_const         0x200000c0    0x4  Data  Gb  chassis.o [1]
deliver_back            0x08002f6d   0x14  Code  Gb  vavle.o [1]
deliver_mid             0x200013a4    0x4  Data  Gb  vavle.o [1]
digits                  0x080086f0   0x28  Data  Lc  iar_Stoulx.o [3]
dmul                    0x080039b1   0xd2  Code  Lc  strto64.o [4]
endValuePack            0x080071b3   0x2e  Code  Gb  valuepack.o [1]
exit                    0x08008957    0x4  Code  Gb  exit.o [3]
fi                      0x20002b4c    0x4  Data  Gb  valuepack.o [1]
final_speed             0x200009c8    0x4  Data  Gb  cmd_func.o [1]
first_time_controler    0x2000015c    0x4  Data  Gb  chassis.o [1]
gpio_exc                0x08006b97  0x106  Code  Gb  gpio.o [1]
gpio_exc::gpio_flag     0x20002b3c    0x4  Data  Lc  gpio.o [1]
gpio_exc::gpio_flag1    0x20002b40    0x4  Data  Lc  gpio.o [1]
hcan1                   0x20002550   0x44  Data  Gb  can.o [1]
hdma_usart1_rx          0x20002298   0x60  Data  Gb  usart.o [1]
hdma_usart1_tx          0x20002238   0x60  Data  Gb  usart.o [1]
hdma_usart3_rx          0x200022f8   0x60  Data  Gb  usart.o [1]
hdma_usart3_tx          0x20002358   0x60  Data  Gb  usart.o [1]
htim1                   0x20002a4c   0x3c  Data  Gb  tim.o [1]
htim3                   0x20002a88   0x3c  Data  Gb  tim.o [1]
htim_init               0x08006eed   0x1e  Code  Gb  tim.o [1]
huart1                  0x200029cc   0x40  Data  Gb  usart.o [1]
huart2                  0x20002a0c   0x40  Data  Gb  usart.o [1]
huart3                  0x20001364   0x40  Data  Gb  usart.o [1]
huart4                  0x2000294c   0x40  Data  Gb  usart.o [1]
huart5                  0x2000298c   0x40  Data  Gb  usart.o [1]
isalpha                 0x08007713   0x14  Code  Gb  isalpha.o [3]
isspace                 0x080076ff   0x14  Code  Gb  isspace.o [3]
last_point_x            0x20000160    0x4  Data  Gb  chassis.o [1]
last_point_y            0x20000164    0x4  Data  Gb  chassis.o [1]
last_pos                0x2000016c    0x4  Data  Gb  chassis.o [1]
ldexp                   0x080018bd         Code  Gb  ldexp.o [4]
ldexpl                  0x080018bd         Code  Gb  ldexp.o [4]
localeconv              0x0800123d    0x4  Code  Gb  xlocale_c.o [3]
main                    0x08004ded   0xa8  Code  Gb  main.o [1]
main_flag               0x20002b24    0x4  Data  Gb  main.o [1]
max_ccd                 0x20000044    0x4  Data  Gb  can_func.o [1]
max_speed               0x200009cc    0x4  Data  Gb  cmd_func.o [1]
maxon_canset3speed      0x08002eed   0x72  Code  Gb  maxon.o [1]
medical_take_off        0x20002b38    0x4  Data  Gb  gpio.o [1]
memchr                  0x0800130d         Code  Gb  memchr.o [5]
micro_switch_test_flag  0x200000c8    0x4  Data  Gb  chassis.o [1]
min_ccd                 0x20000040    0x4  Data  Gb  can_func.o [1]
ndigs                   0x08008718   0x28  Data  Lc  iar_Stoulx.o [3]
open_box                0x200000a4    0x4  Data  Gb  chassis.o [1]
origin_distance         0x20000168    0x4  Data  Gb  chassis.o [1]
point_arrive            0x08002bbd    0xe  Code  Gb  chassis.o [1]
point_arrived_flag      0x20000178    0x4  Data  Gb  chassis.o [1]
point_collection_tracer
                        0x08002ca9   0xc4  Code  Gb  chassis.o [1]
point_count_control_flag
                        0x20000184    0x4  Data  Gb  chassis.o [1]
point_tracer            0x08002bd5   0xba  Code  Gb  chassis.o [1]
point_tracer_angle_return
                        0x08002905   0x2a  Code  Gb  chassis.o [1]
point_tracer_flag       0x20000174    0x4  Data  Gb  chassis.o [1]
point_x                 0x200009bc    0x4  Data  Gb  cmd_func.o [1]
point_y                 0x200009c0    0x4  Data  Gb  cmd_func.o [1]
position_y_dir_pid      0x20000010   0x20  Data  Gb  chassis.o [1]
posture                 0x20002af4   0x18  Data  Lc  usart.o [1]
pows                    0x08003f08   0x48  Data  Lc  strto64.o [4]
putFloat                0x08007159   0x5a  Code  Gb  valuepack.o [1]
qs                      0x20002b7c    0x4  Data  Lc  no_free_heap0.o [3]
recive_id               0x200028f4   0x18  Data  Gb  can.o [1]
reset_PID               0x0800700f    0xa  Code  Gb  robomaster.o [1]
robomaster              0x200025fc   0xa0  Data  Gb  robomaster.o [1]
robomaster_flag         0x20002b6c    0x4  Data  Gb  robomaster.o [1]
s                       0x2000134c   0x18  Data  Gb  usart.o [1]
sFilterConfig           0x20002594   0x28  Data  Gb  can.o [1]
scalbln                 0x080018bd         Code  Gb  ldexp.o [4]
scalblnl                0x080018bd         Code  Gb  ldexp.o [4]
scalbn                  0x080018bd         Code  Gb  ldexp.o [4]
scalbnl                 0x080018bd         Code  Gb  ldexp.o [4]
scale                   0x08000987   0x46  Code  Lc  xprintffull.o [3]
scope_path              0x2000011c    0x4  Data  Gb  chassis.o [1]
sec_hand                0x20002b78    0x4  Data  Lc  xfail_s.o [3]
sendBuffer              0x080071e1   0x20  Code  Gb  valuepack.o [1]
send_flag               0x20002b2c    0x4  Data  Gb  main.o [1]
send_id                 0x200028cc   0x28  Data  Gb  can.o [1]
send_u16                0x080045a9    0xc  Code  Gb  can.o [1]
slow                    0x200000b4    0x4  Data  Gb  chassis.o [1]
slow_turn               0x200000bc    0x4  Data  Gb  chassis.o [1]
slow_turn_angle         0x200000a8    0x4  Data  Gb  chassis.o [1]
slow_turn_const         0x200000b0    0x4  Data  Gb  chassis.o [1]
slow_turn_func::last_slow_turn
                        0x20000124    0x4  Data  Lc  chassis.o [1]
speed_trapezium         0x08002a19  0x1a4  Code  Gb  chassis.o [1]
speed_x_dir_pid         0x20000134   0x20  Data  Gb  chassis.o [1]
speed_zx                0x20001010  0x324  Data  Gb  point_zx.o [1]
sqrt                    0x080038bd         Code  Gb  sqrt.o [4]
sqrtf                   0x0800388d         Code  Gb  sqrtf.o [4]
sqrtl                   0x080038bd         Code  Gb  sqrt.o [4]
startValuePack          0x08007141   0x18  Code  Gb  valuepack.o [1]
start_speed             0x200009c4    0x4  Data  Gb  cmd_func.o [1]
stop_flag               0x08008275   0x38  Code  Gb  cmd_func.o [1]
strchr                  0x08001249         Code  Gb  strchr.o [5]
strcmp                  0x0800764d         Code  Gb  strcmp.o [5]
strcpy                  0x08005585         Code  Gb  strcpy.o [5]
strlen                  0x080012bd         Code  Gb  strlen.o [5]
this_time_pos           0x20000170    0x4  Data  Gb  chassis.o [1]
throw_finish_flag       0x20002b10    0x4  Data  Gb  vavle.o [1]
tolower                 0x08008765   0x14  Code  Gb  tolower.o [3]
track_max_speed         0x20001348    0x4  Data  Gb  track.o [1]
track_test_offset       0x20002b74    0x4  Data  Gb  track.o [1]
uart_buffer             0x2000279c   0x68  Data  Gb  usart.o [1]
upper_flag              0x20002b0c    0x4  Data  Gb  vavle.o [1]
upper_thread::clap_cnt  0x20002b1c    0x4  Data  Lc  vavle.o [1]
upper_thread::delay_time
                        0x20002b18    0x4  Data  Lc  vavle.o [1]
upper_thread{1}{2}{7}{8}::throw_cnt
                        0x20002b20    0x4  Data  Lc  vavle.o [1]
uprintf                 0x0800339f   0x2a  Code  Gb  usart.o [1]
usart_DMA_init          0x0800340d   0x1a  Code  Gb  usart.o [1]
usart_exc_DMA           0x080034d9   0x2e  Code  Gb  usart.o [1]
usart_exc_DMA_vega      0x08003507   0x84  Code  Gb  usart.o [1]
uwTick                  0x20002b70    0x4  Data  Gb  stm32f4xx_hal.o [1]
valuepack_stage         0x20002b45    0x1  Data  Gb  valuepack.o [1]
valuepack_tx_bit_index  0x20002b44    0x1  Data  Gb  valuepack.o [1]
valuepack_tx_buffer     0x20002b48    0x4  Data  Gb  valuepack.o [1]
valuepack_tx_index      0x20002b46    0x2  Data  Gb  valuepack.o [1]
vec_create              0x08002ecf    0x2  Code  Gb  vec.o [1]
vec_model               0x08002eb1   0x1e  Code  Gb  vec.o [1]
vega_action_reset       0x08008741   0x18  Code  Gb  vega_action.o [1]
very_slow               0x200000b8    0x4  Data  Gb  chassis.o [1]
vsnprintf               0x08005549   0x3c  Code  Gb  vsnprint.o [3]
zx_points_pos_x         0x200009d0  0x320  Data  Gb  point_zx.o [1]
zx_points_pos_y         0x20000cf0  0x320  Data  Gb  point_zx.o [1]


[1] = D:\RoboconCode\ok\chassis\EWARM\MR1_Chassis\Obj
[2] = command line
[3] = dl7M_tlf.a
[4] = m7M_tls.a
[5] = rt7M_tl.a
[6] = shb_l.a

  35 462 bytes of readonly  code memory
   1 069 bytes of readonly  data memory
  17 284 bytes of readwrite data memory

Errors: none
Warnings: none
