###############################################################################
#
# IAR ELF Linker V8.22.1.15669/W32 for ARM                29/Sep/2019  16:21:21
# Copyright 2007-2018 IAR Systems AB.
#
#    Output file  =  
#        D:\RoboconCode\ok\chassis\EWARM\MR1_Chassis\Exe\MR1_Chassis.out
#    Map file     =  
#        D:\RoboconCode\ok\chassis\EWARM\MR1_Chassis\List\MR1_Chassis.map
#    Command line =  
#        -f C:\Users\12552\AppData\Local\Temp\EWAED0.tmp
#        (D:\RoboconCode\ok\chassis\EWARM\MR1_Chassis\Obj\can.o
#        D:\RoboconCode\ok\chassis\EWARM\MR1_Chassis\Obj\can_func.o
#        D:\RoboconCode\ok\chassis\EWARM\MR1_Chassis\Obj\chassis.o
#        D:\RoboconCode\ok\chassis\EWARM\MR1_Chassis\Obj\cmd.o
#        D:\RoboconCode\ok\chassis\EWARM\MR1_Chassis\Obj\cmd_func.o
#        D:\RoboconCode\ok\chassis\EWARM\MR1_Chassis\Obj\dma.o
#        D:\RoboconCode\ok\chassis\EWARM\MR1_Chassis\Obj\gpio.o
#        D:\RoboconCode\ok\chassis\EWARM\MR1_Chassis\Obj\main.o
#        D:\RoboconCode\ok\chassis\EWARM\MR1_Chassis\Obj\maxon.o
#        D:\RoboconCode\ok\chassis\EWARM\MR1_Chassis\Obj\pid.o
#        D:\RoboconCode\ok\chassis\EWARM\MR1_Chassis\Obj\point_zx.o
#        D:\RoboconCode\ok\chassis\EWARM\MR1_Chassis\Obj\points.o
#        D:\RoboconCode\ok\chassis\EWARM\MR1_Chassis\Obj\robomaster.o
#        D:\RoboconCode\ok\chassis\EWARM\MR1_Chassis\Obj\startup_stm32f407xx.o
#        D:\RoboconCode\ok\chassis\EWARM\MR1_Chassis\Obj\stm32f4xx_hal.o
#        D:\RoboconCode\ok\chassis\EWARM\MR1_Chassis\Obj\stm32f4xx_hal_can.o
#        D:\RoboconCode\ok\chassis\EWARM\MR1_Chassis\Obj\stm32f4xx_hal_cortex.o
#        D:\RoboconCode\ok\chassis\EWARM\MR1_Chassis\Obj\stm32f4xx_hal_dma.o
#        D:\RoboconCode\ok\chassis\EWARM\MR1_Chassis\Obj\stm32f4xx_hal_dma_ex.o
#        D:\RoboconCode\ok\chassis\EWARM\MR1_Chassis\Obj\stm32f4xx_hal_flash.o
#        D:\RoboconCode\ok\chassis\EWARM\MR1_Chassis\Obj\stm32f4xx_hal_flash_ex.o
#        D:\RoboconCode\ok\chassis\EWARM\MR1_Chassis\Obj\stm32f4xx_hal_flash_ramfunc.o
#        D:\RoboconCode\ok\chassis\EWARM\MR1_Chassis\Obj\stm32f4xx_hal_gpio.o
#        D:\RoboconCode\ok\chassis\EWARM\MR1_Chassis\Obj\stm32f4xx_hal_msp.o
#        D:\RoboconCode\ok\chassis\EWARM\MR1_Chassis\Obj\stm32f4xx_hal_pwr.o
#        D:\RoboconCode\ok\chassis\EWARM\MR1_Chassis\Obj\stm32f4xx_hal_pwr_ex.o
#        D:\RoboconCode\ok\chassis\EWARM\MR1_Chassis\Obj\stm32f4xx_hal_rcc.o
#        D:\RoboconCode\ok\chassis\EWARM\MR1_Chassis\Obj\stm32f4xx_hal_rcc_ex.o
#        D:\RoboconCode\ok\chassis\EWARM\MR1_Chassis\Obj\stm32f4xx_hal_tim.o
#        D:\RoboconCode\ok\chassis\EWARM\MR1_Chassis\Obj\stm32f4xx_hal_tim_ex.o
#        D:\RoboconCode\ok\chassis\EWARM\MR1_Chassis\Obj\stm32f4xx_hal_uart.o
#        D:\RoboconCode\ok\chassis\EWARM\MR1_Chassis\Obj\stm32f4xx_it.o
#        D:\RoboconCode\ok\chassis\EWARM\MR1_Chassis\Obj\stmflash.o
#        D:\RoboconCode\ok\chassis\EWARM\MR1_Chassis\Obj\system_stm32f4xx.o
#        D:\RoboconCode\ok\chassis\EWARM\MR1_Chassis\Obj\tim.o
#        D:\RoboconCode\ok\chassis\EWARM\MR1_Chassis\Obj\track.o
#        D:\RoboconCode\ok\chassis\EWARM\MR1_Chassis\Obj\usart.o
#        D:\RoboconCode\ok\chassis\EWARM\MR1_Chassis\Obj\valuepack.o
#        D:\RoboconCode\ok\chassis\EWARM\MR1_Chassis\Obj\vavle.o
#        D:\RoboconCode\ok\chassis\EWARM\MR1_Chassis\Obj\vec.o
#        D:\RoboconCode\ok\chassis\EWARM\MR1_Chassis\Obj\vega_action.o
#        --redirect _Printf=_PrintfFull --redirect _Scanf=_ScanfFull -o
#        D:\RoboconCode\ok\chassis\EWARM\MR1_Chassis\Exe\MR1_Chassis.out --map
#        D:\RoboconCode\ok\chassis\EWARM\MR1_Chassis\List\MR1_Chassis.map
#        --config D:\RoboconCode\ok\chassis\EWARM/stm32f407xx_flash.icf
#        --semihosting --entry __iar_program_start --vfe --text_out locale)
#
###############################################################################

*******************************************************************************
*** RUNTIME MODEL ATTRIBUTES
***

CppFlavor       = *
__Heap_Handler  = NoFree
__SystemLibrary = DLib
__dlib_version  = 6


*******************************************************************************
*** HEAP SELECTION
***

The no free heap was selected because no calls to memory
deallocation functions were found in the application.


*******************************************************************************
*** PLACEMENT SUMMARY
***

"A0":  place at 0x08000000 { ro section .intvec };
"P1":  place in [from 0x08000000 to 0x080fffff] { ro };
define block CSTACK with size = 4608, alignment = 8 { };
define block HEAP with size = 1536, alignment = 8 { };
"P2":  place in [from 0x20000000 to 0x2001ffff] {
          rw, block CSTACK, block HEAP };
initialize by copy { rw };

  Section            Kind        Address    Size  Object
  -------            ----        -------    ----  ------
"A0":                                      0x188
  .intvec            ro code  0x08000000   0x188  startup_stm32f407xx.o [1]
                            - 0x08000188   0x188

"P1":                                     0x904a
  .text              ro code  0x08000188   0xf98  chassis.o [1]
  .text              ro code  0x08001120    0x48  FltToDbl.o [4]
  .text              ro code  0x08001168   0x1a2  DblMul.o [4]
  .text              ro code  0x0800130a    0x7a  lz77_init_single.o [5]
  .text              ro code  0x08001384    0x68  DblToFlt.o [4]
  .text              ro code  0x080013ec   0x246  DblDiv.o [4]
  .text              ro code  0x08001632    0x1e  xencoding_8859_1.o [3]
  .text              ro code  0x08001650    0x20  vec.o [1]
  .text              ro code  0x08001670   0x178  DblAdd.o [4]
  .text              ro code  0x080017e8    0x22  S32ToDbl.o [4]
  .text              ro code  0x0800180a    0x1a  math_wrappers64.o [4]
  .text              ro code  0x08001824    0x80  maxon.o [1]
  .text              ro code  0x080018a4    0x3c  vavle.o [1]
  .text              ro code  0x080018e0   0x678  usart.o [1]
  .text              ro code  0x08001f58   0x200  stm32f4xx_hal_gpio.o [1]
  .text              ro code  0x08002158   0x1e0  cos_sin32.o [4]
  .text              ro code  0x08002338    0x1e  sqrtf.o [4]
  .text              ro code  0x08002356    0x1a  xsnprout.o [3]
  .text              ro code  0x08002370    0x6a  atan2f.o [4]
  .text              ro code  0x080023dc    0x84  pid.o [1]
  .text              ro code  0x08002460   0x102  sqrt.o [4]
  .text              ro code  0x08002564    0xe2  DblSub.o [4]
  .text              ro code  0x08002648   0x5a0  strto64.o [4]
  .text              ro code  0x08002be8   0x448  cos_sin64.o [4]
  .text              ro code  0x08003030   0x260  can.o [1]
  .text              ro code  0x08003290   0x7f4  stm32f4xx_hal_uart.o [1]
  .text              ro code  0x08003a84   0x31c  main.o [1]
  .text              ro code  0x08003da0   0x494  stm32f4xx_hal_dma.o [1]
  .text              ro code  0x08004234    0x3c  vsnprint.o [3]
  .text              ro code  0x08004270    0x4c  strcpy.o [5]
  .text              ro code  0x080042bc    0x3a  ABImemset48.o [5]
  .text              ro code  0x080042f8   0x11c  cmd.o [1]
  .text              ro code  0x08004414    0xa4  xatanf.o [4]
  .text              ro code  0x080044b8    0x70  frexp.o [4]
  .text              ro code  0x08004528   0x13a  ldexp.o [4]
  .text              ro code  0x08004662   0x122  iar_Stopfx.o [3]
  .text              ro code  0x08004784   0x1c8  iar_Stoflt.o [3]
  .text              ro code  0x0800494c   0x21c  iar_Stoxflt.o [3]
  .text              ro code  0x08004b68    0x2e  DblCmpLe.o [4]
  .text              ro code  0x08004b98    0x3a  DblToS32.o [4]
  .text              ro code  0x08004bd4   0x8e4  stm32f4xx_hal_can.o [1]
  .text              ro code  0x080054b8   0x148  can_func.o [1]
  .text              ro code  0x08005600     0xc  stm32f4xx_hal.o [1]
  .text              ro code  0x0800560c     0x2  stm32f4xx_hal_uart.o [1]
  .text              ro code  0x0800560e     0x2  stm32f4xx_hal_uart.o [1]
  .text              ro code  0x08005610     0x2  stm32f4xx_hal_uart.o [1]
  .text              ro code  0x08005614   0x1c0  stm32f4xx_hal_rcc.o [1]
  .text              ro code  0x080057d4    0x34  stm32f4xx_hal.o [1]
  .text              ro code  0x08005808   0x3c8  gpio.o [1]
  .text              ro code  0x08005bd0    0x78  dma.o [1]
  .text              ro code  0x08005c48   0x218  tim.o [1]
  .text              ro code  0x08005e60   0x1e0  robomaster.o [1]
  .text              ro code  0x08006040    0xcc  valuepack.o [1]
  .text              ro code  0x0800610c   0x2f0  stm32f4xx_hal_rcc.o [1]
  .text              ro code  0x080063fc   0x10c  stm32f4xx_hal_cortex.o [1]
  .text              ro code  0x08006508   0xf96  xprintffull.o [3]
  .text              ro code  0x080074a0    0x44  no_free_heap0.o [3]
  .text              ro code  0x080074e4    0x4a  strcmp.o [5]
  .text              ro code  0x08007530    0x66  ABImemset.o [5]
  .text              ro code  0x08007596    0x14  isspace.o [3]
  .text              ro code  0x080075aa    0x14  isalpha.o [3]
  .text              ro code  0x080075c0    0xb0  xlocale_c.o [3]
  .text              ro code  0x08007670    0x58  memchr.o [5]
  .text              ro code  0x080076c8     0x2  stm32f4xx_hal_can.o [1]
  .text              ro code  0x080076cc    0x28  stm32f4xx_hal.o [1]
  .text              ro code  0x080076f4   0x22e  I64DivMod.o [5]
  .text              ro code  0x08007924    0x94  stm32f4xx_hal_msp.o [1]
  .text              ro code  0x080079b8   0x588  stm32f4xx_hal_tim.o [1]
  .text              ro code  0x08007f40    0xa8  stm32f4xx_hal_tim_ex.o [1]
  .text              ro code  0x08007fe8    0x16  strchr.o [5]
  .text              ro code  0x08008000    0x40  xfail_s.o [3]
  .text              ro code  0x08008040    0x36  strlen.o [5]
  .text              ro code  0x08008076     0xa  xmbcurmax.o [3]
  .text              ro code  0x08008080    0xa6  ABImemcpy.o [5]
  .text              ro code  0x08008128    0x2e  DblCmpGe.o [4]
  .text              ro code  0x08008158    0x28  DblToU32.o [4]
  .text              ro code  0x08008180    0x1a  U32ToDbl.o [4]
  .text              ro code  0x0800819c    0x2c  xgetmemchunk.o [3]
  .text              ro code  0x080081c8     0x2  I64DivZer.o [5]
  .text              ro code  0x080081ca     0x6  abort.o [3]
  .text              ro code  0x080081d0    0x14  exit.o [6]
  .text              ro code  0x080081e4   0x810  cmd_func.o [1]
  .text              ro code  0x080089f4   0x174  iar_Stoulx.o [3]
  .text              ro code  0x08008b68    0x24  vega_action.o [1]
  .text              ro code  0x08008b8c    0x14  tolower.o [3]
  .text              ro code  0x08008ba0    0xa0  stm32f4xx_it.o [1]
  .text              ro code  0x08008c40    0x10  stm32f4xx_hal.o [1]
  .text              ro code  0x08008c50    0x60  system_stm32f4xx.o [1]
  .text              ro code  0x08008cb0    0x40  zero_init3.o [5]
  .text              ro code  0x08008cf0    0x28  data_init.o [5]
  .text              ro code  0x08008d18    0x22  fpinit_M.o [4]
  .iar.init_table    const    0x08008d3c    0x20  - Linker created -
  .text              ro code  0x08008d5c    0x1e  cmain.o [5]
  .text              ro code  0x08008d7a     0x4  low_level_init.o [3]
  .text              ro code  0x08008d7e     0x4  exit.o [3]
  .text              ro code  0x08008d84     0xa  cexit.o [5]
  .text              ro code  0x08008d90    0x10  startup_stm32f407xx.o [1]
  .text              ro code  0x08008da0     0xc  cstartup_M.o [5]
  .rodata            const    0x08008dac     0x8  system_stm32f4xx.o [1]
  .rodata            const    0x08008db4     0x6  xlocale_c.o [3]
  .text              ro code  0x08008dba     0x4  startup_stm32f407xx.o [1]
  .text              ro code  0x08008dbe     0x4  startup_stm32f407xx.o [1]
  .text              ro code  0x08008dc2     0x4  startup_stm32f407xx.o [1]
  .text              ro code  0x08008dc6     0x4  startup_stm32f407xx.o [1]
  .text              ro code  0x08008dca     0x4  startup_stm32f407xx.o [1]
  .text              ro code  0x08008dce     0x4  startup_stm32f407xx.o [1]
  .text              ro code  0x08008dd2     0x4  startup_stm32f407xx.o [1]
  .text              ro code  0x08008dd6     0x4  startup_stm32f407xx.o [1]
  .text              ro code  0x08008dda     0x4  startup_stm32f407xx.o [1]
  .text              ro code  0x08008dde     0x4  startup_stm32f407xx.o [1]
  .text              ro code  0x08008de2     0x4  startup_stm32f407xx.o [1]
  .text              ro code  0x08008de6     0x4  startup_stm32f407xx.o [1]
  .text              ro code  0x08008dea     0x4  startup_stm32f407xx.o [1]
  .text              ro code  0x08008dee     0x4  startup_stm32f407xx.o [1]
  .text              ro code  0x08008df2     0x4  startup_stm32f407xx.o [1]
  .text              ro code  0x08008df6     0x4  startup_stm32f407xx.o [1]
  .text              ro code  0x08008dfa     0x4  startup_stm32f407xx.o [1]
  .text              ro code  0x08008dfe     0x4  startup_stm32f407xx.o [1]
  .text              ro code  0x08008e02     0x4  startup_stm32f407xx.o [1]
  .text              ro code  0x08008e06     0x4  startup_stm32f407xx.o [1]
  .text              ro code  0x08008e0a     0x4  startup_stm32f407xx.o [1]
  .text              ro code  0x08008e0e     0x4  startup_stm32f407xx.o [1]
  .text              ro code  0x08008e12     0x4  startup_stm32f407xx.o [1]
  .text              ro code  0x08008e16     0x4  startup_stm32f407xx.o [1]
  .text              ro code  0x08008e1a     0x4  startup_stm32f407xx.o [1]
  .text              ro code  0x08008e1e     0x4  startup_stm32f407xx.o [1]
  .text              ro code  0x08008e22     0x4  startup_stm32f407xx.o [1]
  .text              ro code  0x08008e26     0x4  startup_stm32f407xx.o [1]
  .text              ro code  0x08008e2a     0x4  startup_stm32f407xx.o [1]
  .text              ro code  0x08008e2e     0x4  startup_stm32f407xx.o [1]
  .text              ro code  0x08008e32     0x4  startup_stm32f407xx.o [1]
  .text              ro code  0x08008e36     0x4  startup_stm32f407xx.o [1]
  .text              ro code  0x08008e3a     0x4  startup_stm32f407xx.o [1]
  .text              ro code  0x08008e3e     0x4  startup_stm32f407xx.o [1]
  .text              ro code  0x08008e42     0x4  startup_stm32f407xx.o [1]
  .text              ro code  0x08008e46     0x4  startup_stm32f407xx.o [1]
  .text              ro code  0x08008e4a     0x4  startup_stm32f407xx.o [1]
  .text              ro code  0x08008e4e     0x4  startup_stm32f407xx.o [1]
  .text              ro code  0x08008e52     0x4  startup_stm32f407xx.o [1]
  .text              ro code  0x08008e56     0x4  startup_stm32f407xx.o [1]
  .text              ro code  0x08008e5a     0x4  startup_stm32f407xx.o [1]
  .text              ro code  0x08008e5e     0x4  startup_stm32f407xx.o [1]
  .text              ro code  0x08008e62     0x4  startup_stm32f407xx.o [1]
  .text              ro code  0x08008e66     0x4  startup_stm32f407xx.o [1]
  .text              ro code  0x08008e6a     0x4  startup_stm32f407xx.o [1]
  .text              ro code  0x08008e6e     0x4  startup_stm32f407xx.o [1]
  .text              ro code  0x08008e72     0x4  startup_stm32f407xx.o [1]
  .text              ro code  0x08008e76     0x4  startup_stm32f407xx.o [1]
  .text              ro code  0x08008e7a     0x4  startup_stm32f407xx.o [1]
  .text              ro code  0x08008e7e     0x4  startup_stm32f407xx.o [1]
  .text              ro code  0x08008e82     0x4  startup_stm32f407xx.o [1]
  .text              ro code  0x08008e86     0x4  startup_stm32f407xx.o [1]
  .text              ro code  0x08008e8a     0x4  startup_stm32f407xx.o [1]
  .text              ro code  0x08008e8e     0x4  startup_stm32f407xx.o [1]
  .text              ro code  0x08008e92     0x4  startup_stm32f407xx.o [1]
  .text              ro code  0x08008e96     0x4  startup_stm32f407xx.o [1]
  .text              ro code  0x08008e9a     0x4  startup_stm32f407xx.o [1]
  .text              ro code  0x08008e9e     0x4  startup_stm32f407xx.o [1]
  .text              ro code  0x08008ea2     0x4  startup_stm32f407xx.o [1]
  .text              ro code  0x08008ea6     0x4  startup_stm32f407xx.o [1]
  .text              ro code  0x08008eaa     0x4  startup_stm32f407xx.o [1]
  .text              ro code  0x08008eae     0x4  startup_stm32f407xx.o [1]
  .text              ro code  0x08008eb2     0x4  startup_stm32f407xx.o [1]
  .text              ro code  0x08008eb6     0x4  startup_stm32f407xx.o [1]
  .text              ro code  0x08008eba     0x4  startup_stm32f407xx.o [1]
  .text              ro code  0x08008ebe     0x4  startup_stm32f407xx.o [1]
  .text              ro code  0x08008ec2     0x4  startup_stm32f407xx.o [1]
  .text              ro code  0x08008ec6     0x4  startup_stm32f407xx.o [1]
  .text              ro code  0x08008eca     0x4  startup_stm32f407xx.o [1]
  .text              ro code  0x08008ece     0x4  startup_stm32f407xx.o [1]
  .text              ro code  0x08008ed2     0x4  startup_stm32f407xx.o [1]
  .text              ro code  0x08008ed6     0x4  startup_stm32f407xx.o [1]
  .text              ro code  0x08008eda     0x4  startup_stm32f407xx.o [1]
  .rodata            const    0x08008ede     0x0  zero_init3.o [5]
  .rodata            const    0x08008ede     0x0  lz77_init_single.o [5]
  Initializer bytes  const    0x08008ede   0x2f4  <for P2-1>
                            - 0x080091d2  0x904a

"P2", part 1 of 3:                         0xe1c
  P2-1                        0x20000000   0xe1c  <Init block>
    .data            inited   0x20000000    0x30  chassis.o [1]
    .data            inited   0x20000030     0xc  can_func.o [1]
    .data            inited   0x2000003c     0xc  can_func.o [1]
    .data            inited   0x20000048    0x84  chassis.o [1]
    .data            inited   0x200000cc     0xc  chassis.o [1]
    .data            inited   0x200000d8     0xc  chassis.o [1]
    .data            inited   0x200000e4    0x20  chassis.o [1]
    .data            inited   0x20000104    0x58  chassis.o [1]
    .data            inited   0x2000015c   0x888  cmd.o [1]
    .data            inited   0x200009e4    0x24  cmd_func.o [1]
    .data            inited   0x20000a08   0x320  point_zx.o [1]
    .data            inited   0x20000d28    0x10  robomaster.o [1]
    .data            inited   0x20000d38     0x4  system_stm32f4xx.o [1]
    .data            inited   0x20000d3c     0x4  track.o [1]
    .data            inited   0x20000d40    0x58  usart.o [1]
    .data            inited   0x20000d98     0x4  vavle.o [1]
    .data            inited   0x20000d9c    0x38  xlocale_c.o [3]
    .data            inited   0x20000dd4    0x48  xlocale_c.o [3]
                            - 0x20000e1c   0xe1c

"P2", part 2 of 3:                        0x1ae0
  .bss               zero     0x20000e1c   0x640  points.o [1]
  .bss               zero     0x2000145c   0x320  point_zx.o [1]
  .bss               zero     0x2000177c   0x320  points.o [1]
  .bss               zero     0x20001a9c   0x320  points.o [1]
  .bss               zero     0x20001dbc   0x190  can.o [1]
  .bss               zero     0x20001f4c   0x180  usart.o [1]
  .bss               zero     0x200020cc    0xd0  usart.o [1]
  .bss               zero     0x2000219c    0xc8  usart.o [1]
  .bss               zero     0x20002264    0xac  can.o [1]
  .bss               zero     0x20002310    0xa0  robomaster.o [1]
  .bss               zero     0x200023b0    0x80  robomaster.o [1]
  .bss               zero     0x20002430    0x80  robomaster.o [1]
  .bss               zero     0x200024b0    0x68  usart.o [1]
  .bss               zero     0x20002518    0x64  usart.o [1]
  .bss               zero     0x2000257c    0x64  usart.o [1]
  .bss               zero     0x200025e0    0x50  chassis.o [1]
  .bss               zero     0x20002630    0x40  can.o [1]
  .bss               zero     0x20002670    0x40  chassis.o [1]
  .bss               zero     0x200026b0    0x40  usart.o [1]
  .bss               zero     0x200026f0    0x40  usart.o [1]
  .bss               zero     0x20002730    0x40  usart.o [1]
  .bss               zero     0x20002770    0x40  usart.o [1]
  .bss               zero     0x200027b0    0x3c  tim.o [1]
  .bss               zero     0x200027ec    0x3c  tim.o [1]
  .bss               zero     0x20002828    0x30  cmd.o [1]
  .bss               zero     0x20002858    0x18  usart.o [1]
  .bss               zero     0x20002870    0x18  vavle.o [1]
  .bss               zero     0x20002888    0x14  main.o [1]
  .bss               zero     0x2000289c    0x10  chassis.o [1]
  .bss               zero     0x200028ac     0xc  gpio.o [1]
  .bss               zero     0x200028b8     0xc  valuepack.o [1]
  .bss               zero     0x200028c8     0x8  can.o [1]
  .bss               zero     0x200028d0     0x8  can.o [1]
  .bss               zero     0x200028d8     0x8  chassis.o [1]
  .bss               zero     0x200028e0     0x4  can.o [1]
  .bss               zero     0x200028e4     0x4  robomaster.o [1]
  .bss               zero     0x200028e8     0x4  stm32f4xx_hal.o [1]
  .bss               zero     0x200028ec     0x4  track.o [1]
  .bss               zero     0x200028f0     0x4  xfail_s.o [3]
  .bss               zero     0x200028f4     0x4  no_free_heap0.o [3]
  .bss               zero     0x200028f8     0x4  xgetmemchunk.o [3]
                            - 0x200028fc  0x1ae0

"P2", part 3 of 3:                        0x1800
  CSTACK                      0x20002900  0x1200  <Block>
    CSTACK           uninit   0x20002900  0x1200  <Block tail>
  HEAP                        0x20003b00   0x600  <Block>
    HEAP             uninit   0x20003b00   0x600  <Block tail>
                            - 0x20004100  0x1800


*******************************************************************************
*** INIT TABLE
***

          Address     Size
          -------     ----
Zero (__iar_zero_init3)
    1 destination range, total size 0x1ae0:
          0x20000e1c  0x1ae0

Copy/lz77 (__iar_lz77_init_single3)
    1 source range, total size 0x2f4 (20% of destination):
          0x08008ede   0x2f4
    1 destination range, total size 0xe1c:
          0x20000000   0xe1c



*******************************************************************************
*** MODULE SUMMARY
***

    Module                  ro code  ro data  rw data
    ------                  -------  -------  -------
D:\RoboconCode\ok\chassis\EWARM\MR1_Chassis\Obj: [1]
    can.o                       608               656
    can_func.o                  328        5       24
    chassis.o                 3 992       67      492
    cmd.o                       284      457    2 232
    cmd_func.o                2 064        8       36
    dma.o                       120
    gpio.o                      968                12
    main.o                      796                20
    maxon.o                     128
    pid.o                       132
    point_zx.o                           167    1 600
    points.o                                    3 200
    robomaster.o                480        4      436
    startup_stm32f407xx.o       700
    stm32f4xx_hal.o             120                 4
    stm32f4xx_hal_can.o       2 278
    stm32f4xx_hal_cortex.o      268
    stm32f4xx_hal_dma.o       1 172
    stm32f4xx_hal_gpio.o        512
    stm32f4xx_hal_msp.o         148
    stm32f4xx_hal_rcc.o       1 200
    stm32f4xx_hal_tim.o       1 416
    stm32f4xx_hal_tim_ex.o      168
    stm32f4xx_hal_uart.o      2 042
    stm32f4xx_it.o              160
    system_stm32f4xx.o           96        9        4
    tim.o                       536               120
    track.o                                         8
    usart.o                   1 656       19    1 464
    valuepack.o                 204                12
    vavle.o                      60        1       28
    vec.o                        32
    vega_action.o                36
    -------------------------------------------------
    Total:                   22 704      737   10 348

command line: [2]
    -------------------------------------------------
    Total:

dl7M_tlf.a: [3]
    abort.o                       6
    exit.o                        4
    iar_Stoflt.o                456
    iar_Stopfx.o                290
    iar_Stoulx.o                372
    iar_Stoxflt.o               540
    isalpha.o                    20
    isspace.o                    20
    low_level_init.o              4
    no_free_heap0.o              68                 4
    tolower.o                    20
    vsnprint.o                   60
    xencoding_8859_1.o           30
    xfail_s.o                    64                 4
    xgetmemchunk.o               44                 4
    xlocale_c.o                 176       33      128
    xmbcurmax.o                  10
    xprintffull.o             3 990
    xsnprout.o                   26
    -------------------------------------------------
    Total:                    6 200       33      140

m7M_tls.a: [4]
    DblAdd.o                    376
    DblCmpGe.o                   46
    DblCmpLe.o                   46
    DblDiv.o                    582
    DblMul.o                    418
    DblSub.o                    226
    DblToFlt.o                  104
    DblToS32.o                   58
    DblToU32.o                   40
    FltToDbl.o                   72
    S32ToDbl.o                   34
    U32ToDbl.o                   26
    atan2f.o                    106
    cos_sin32.o                 480
    cos_sin64.o               1 096
    fpinit_M.o                   34
    frexp.o                     112
    ldexp.o                     314
    math_wrappers64.o            26
    sqrt.o                      258
    sqrtf.o                      30
    strto64.o                 1 440
    xatanf.o                    164
    -------------------------------------------------
    Total:                    6 088

rt7M_tl.a: [5]
    ABImemcpy.o                 166
    ABImemset.o                 102
    ABImemset48.o                58
    I64DivMod.o                 558
    I64DivZer.o                   2
    cexit.o                      10
    cmain.o                      30
    cstartup_M.o                 12
    data_init.o                  40
    lz77_init_single.o          122
    memchr.o                     88
    strchr.o                     22
    strcmp.o                     74
    strcpy.o                     76
    strlen.o                     54
    zero_init3.o                 64
    -------------------------------------------------
    Total:                    1 478

shb_l.a: [6]
    exit.o                       20
    -------------------------------------------------
    Total:                       20

    Gaps                         36        2        4
    Linker created                        32    6 144
-----------------------------------------------------
    Grand Total:             36 526      804   16 636


*******************************************************************************
*** ENTRY LIST
***

Entry                      Address   Size  Type      Object
-----                      -------   ----  ----      ------
.iar.init_table$$Base   0x08008d3c          --   Gb  - Linker created -
.iar.init_table$$Limit  0x08008d5c          --   Gb  - Linker created -
?main                   0x08008d5d         Code  Gb  cmain.o [5]
AHBPrescTable           0x08008ca0   0x10  Data  Gb  system_stm32f4xx.o [1]
APBPrescTable           0x08008dac    0x8  Data  Gb  system_stm32f4xx.o [1]
BoostAndSlowUpdate      0x08000d35   0xe2  Code  Gb  chassis.o [1]
Boost_Period            0x20000110    0x4  Data  Gb  chassis.o [1]
BusFault_Handler        0x08008ba7    0x2  Code  Gb  stm32f4xx_it.o [1]
CAN1_RX0_IRQHandler     0x08008bcb    0x6  Code  Gb  stm32f4xx_it.o [1]
CAN_LIST_MATCH          0x080031c5   0x2c  Code  Gb  can.o [1]
CAN_Receive_IT          0x08005367  0x152  Code  Lc  stm32f4xx_hal_can.o [1]
CAN_Transmit_IT         0x08005311   0x56  Code  Lc  stm32f4xx_hal_can.o [1]
CSTACK$$Base            0x20002900          --   Gb  - Linker created -
CSTACK$$Limit           0x20003b00          --   Gb  - Linker created -
CacheMore               0x08007601   0x24  Code  Lc  xlocale_c.o [3]
ChassisHandle           0x20002670   0x3c  Data  Gb  chassis.o [1]
ChassisSignal           0x200025e0   0x50  Data  Gb  chassis.o [1]
Chassis_State           0x200000c0    0x4  Data  Gb  chassis.o [1]
Configure_Filter        0x08003149   0x28  Code  Gb  can.o [1]
DMA1_Stream1_IRQHandler
                        0x08008bbf    0x6  Code  Gb  stm32f4xx_it.o [1]
DMA1_Stream3_IRQHandler
                        0x08008bc5    0x6  Code  Gb  stm32f4xx_it.o [1]
DMA2_Stream2_IRQHandler
                        0x08008c13    0x6  Code  Gb  stm32f4xx_it.o [1]
DMA2_Stream7_IRQHandler
                        0x08008c19    0x6  Code  Gb  stm32f4xx_it.o [1]
DMAUSART_RX_BUF         0x200020cc   0x64  Data  Gb  usart.o [1]
DMAUSART_RX_BUF_vega    0x2000257c   0x64  Data  Gb  usart.o [1]
DMA_CalcBaseAndBitshift
                        0x08004191   0x28  Code  Lc  stm32f4xx_hal_dma.o [1]
DMA_CalcBaseAndBitshift::flagBitshiftOffset
                        0x0800422c    0x8  Data  Lc  stm32f4xx_hal_dma.o [1]
DMA_CheckFifoParam      0x080041b9   0x72  Code  Lc  stm32f4xx_hal_dma.o [1]
DMA_RxOK_Flag           0x20002130    0x4  Data  Gb  usart.o [1]
DMA_RxOK_Flag_vega      0x20002134    0x4  Data  Gb  usart.o [1]
DMA_SetConfig           0x08004165   0x2a  Code  Lc  stm32f4xx_hal_dma.o [1]
DMAaRxBuffer            0x20002138   0x64  Data  Gb  usart.o [1]
DMAaRxBuffer_vega       0x20002518   0x64  Data  Gb  usart.o [1]
DebugMon_Handler        0x08008bad    0x2  Code  Gb  stm32f4xx_it.o [1]
Dtentox                 0x080027fd  0x19a  Code  Lc  strto64.o [4]
ENBALE_POINT_COLLECTION_TRACER
                        0x20000130    0x4  Data  Gb  chassis.o [1]
ERR_angle_m0            0x200000d4    0x4  Data  Gb  chassis.o [1]
ERR_angle_m1            0x200000d0    0x4  Data  Gb  chassis.o [1]
ERR_angle_m3            0x200000cc    0x4  Data  Gb  chassis.o [1]
HAL_CAN_ConfigFilter    0x08004d25   0xe0  Code  Gb  stm32f4xx_hal_can.o [1]
HAL_CAN_ErrorCallback   0x0800321d   0x24  Code  Gb  can.o [1]
HAL_CAN_IRQHandler      0x080050b3  0x240  Code  Gb  stm32f4xx_hal_can.o [1]
HAL_CAN_Init            0x08004bd5  0x150  Code  Gb  stm32f4xx_hal_can.o [1]
HAL_CAN_MspInit         0x08003079   0x48  Code  Gb  can.o [1]
HAL_CAN_Receive_IT      0x08004fef   0xc4  Code  Gb  stm32f4xx_hal_can.o [1]
HAL_CAN_RxCpltCallback  0x080031f1   0x2c  Code  Gb  can.o [1]
HAL_CAN_Transmit        0x08004e05  0x1ea  Code  Gb  stm32f4xx_hal_can.o [1]
HAL_DMA_Abort           0x08003ed9   0x8a  Code  Gb  stm32f4xx_hal_dma.o [1]
HAL_DMA_Abort_IT        0x08003f63   0x24  Code  Gb  stm32f4xx_hal_dma.o [1]
HAL_DMA_IRQHandler      0x08003f87  0x1d2  Code  Gb  stm32f4xx_hal_dma.o [1]
HAL_DMA_Init            0x08003da1   0xc8  Code  Gb  stm32f4xx_hal_dma.o [1]
HAL_DMA_Start_IT        0x08003e69   0x70  Code  Gb  stm32f4xx_hal_dma.o [1]
HAL_GPIO_Init           0x08001f59  0x1a8  Code  Gb  stm32f4xx_hal_gpio.o [1]
HAL_GPIO_ReadPin        0x08002101   0x10  Code  Gb  stm32f4xx_hal_gpio.o [1]
HAL_GPIO_TogglePin      0x08002123    0x8  Code  Gb  stm32f4xx_hal_gpio.o [1]
HAL_GPIO_WritePin       0x08002111   0x12  Code  Gb  stm32f4xx_hal_gpio.o [1]
HAL_GetTick             0x08005601    0xc  Code  Wk  stm32f4xx_hal.o [1]
HAL_IncTick             0x08008c41   0x10  Code  Wk  stm32f4xx_hal.o [1]
HAL_Init                0x080057d5   0x30  Code  Gb  stm32f4xx_hal.o [1]
HAL_InitTick            0x080076cd   0x28  Code  Wk  stm32f4xx_hal.o [1]
HAL_MspInit             0x08007925   0x94  Code  Gb  stm32f4xx_hal_msp.o [1]
HAL_NVIC_EnableIRQ      0x080064cf    0x2  Code  Gb  stm32f4xx_hal_cortex.o [1]
HAL_NVIC_SetPriority    0x080064b1   0x1e  Code  Gb  stm32f4xx_hal_cortex.o [1]
HAL_NVIC_SetPriorityGrouping
                        0x080064af    0x2  Code  Gb  stm32f4xx_hal_cortex.o [1]
HAL_RCC_ClockConfig     0x08005615  0x110  Code  Gb  stm32f4xx_hal_rcc.o [1]
HAL_RCC_GetHCLKFreq     0x08005725    0x6  Code  Gb  stm32f4xx_hal_rcc.o [1]
HAL_RCC_GetPCLK1Freq    0x0800572b   0x16  Code  Gb  stm32f4xx_hal_rcc.o [1]
HAL_RCC_GetPCLK2Freq    0x08005741   0x16  Code  Gb  stm32f4xx_hal_rcc.o [1]
HAL_RCC_OscConfig       0x0800610d  0x2f0  Code  Wk  stm32f4xx_hal_rcc.o [1]
HAL_SYSTICK_CLKSourceConfig
                        0x080064d3   0x18  Code  Gb  stm32f4xx_hal_cortex.o [1]
HAL_SYSTICK_Callback    0x08003c65   0xc0  Code  Gb  main.o [1]
HAL_SYSTICK_Callback::delay_time_cnt
                        0x20002898    0x4  Data  Lc  main.o [1]
HAL_SYSTICK_Callback::time_1ms_cnt
                        0x20002894    0x4  Data  Lc  main.o [1]
HAL_SYSTICK_Config      0x080064d1    0x2  Code  Gb  stm32f4xx_hal_cortex.o [1]
HAL_SYSTICK_IRQHandler  0x08006505    0x4  Code  Gb  stm32f4xx_hal_cortex.o [1]
HAL_TIMEx_ConfigBreakDeadTime
                        0x08007f8d   0x5c  Code  Gb  stm32f4xx_hal_tim_ex.o [1]
HAL_TIMEx_MasterConfigSynchronization
                        0x08007f41   0x4c  Code  Gb  stm32f4xx_hal_tim_ex.o [1]
HAL_TIM_Base_Init       0x080079b9   0x32  Code  Gb  stm32f4xx_hal_tim.o [1]
HAL_TIM_Base_MspInit    0x08005d99   0x26  Code  Gb  tim.o [1]
HAL_TIM_ConfigClockSource
                        0x08007b37   0xfe  Code  Gb  stm32f4xx_hal_tim.o [1]
HAL_TIM_MspPostInit     0x08005dbf   0x2e  Code  Gb  tim.o [1]
HAL_TIM_PWM_ConfigChannel
                        0x08007a65   0xd2  Code  Gb  stm32f4xx_hal_tim.o [1]
HAL_TIM_PWM_Init        0x080079eb   0x32  Code  Gb  stm32f4xx_hal_tim.o [1]
HAL_TIM_PWM_MspInit     0x08005d73   0x26  Code  Gb  tim.o [1]
HAL_TIM_PWM_Start       0x08007a1d   0x3e  Code  Gb  stm32f4xx_hal_tim.o [1]
HAL_UART_DMAStop        0x08003451   0x64  Code  Gb  stm32f4xx_hal_uart.o [1]
HAL_UART_ErrorCallback  0x08001d01   0x44  Code  Gb  usart.o [1]
HAL_UART_IDLECallback   0x08001d5f   0xb2  Code  Gb  usart.o [1]
HAL_UART_IRQHandler     0x080034b5  0x10c  Code  Gb  stm32f4xx_hal_uart.o [1]
HAL_UART_Init           0x08003291   0x5e  Code  Gb  stm32f4xx_hal_uart.o [1]
HAL_UART_MspInit        0x08001a0f  0x2c8  Code  Gb  usart.o [1]
HAL_UART_Receive_DMA    0x080033b7   0x9a  Code  Gb  stm32f4xx_hal_uart.o [1]
HAL_UART_Transmit       0x080032ef   0xc8  Code  Gb  stm32f4xx_hal_uart.o [1]
HEAP$$Base              0x20003b00          --   Gb  - Linker created -
HEAP$$Limit             0x20004100          --   Gb  - Linker created -
HardFault_Handler       0x08008ba3    0x2  Code  Gb  stm32f4xx_it.o [1]
LoadInt                 0x080066f7   0x7a  Code  Lc  xprintffull.o [3]
M2006_init              0x08005f1d   0x4e  Code  Gb  robomaster.o [1]
M3508_init              0x08005f6d   0x4e  Code  Gb  robomaster.o [1]
MX_CAN1_Init            0x08003031   0x48  Code  Gb  can.o [1]
MX_DMA_Init             0x08005bd1   0x78  Code  Gb  dma.o [1]
MX_GPIO_Init            0x08005809  0x28e  Code  Gb  gpio.o [1]
MX_NVIC_Init            0x08003c1d   0x46  Code  Lc  main.o [1]
MX_TIM1_Init            0x08005c49   0xc0  Code  Gb  tim.o [1]
MX_TIM3_Init            0x08005d09   0x6a  Code  Gb  tim.o [1]
MX_UART4_Init           0x080018e1   0x3c  Code  Gb  usart.o [1]
MX_UART5_Init           0x0800191d   0x3c  Code  Gb  usart.o [1]
MX_USART1_UART_Init     0x08001959   0x3c  Code  Gb  usart.o [1]
MX_USART2_UART_Init     0x08001995   0x3c  Code  Gb  usart.o [1]
MX_USART3_UART_Init     0x080019d1   0x3e  Code  Gb  usart.o [1]
MemManage_Handler       0x08008ba5    0x2  Code  Gb  stm32f4xx_it.o [1]
NMI_Handler             0x08008ba1    0x2  Code  Gb  stm32f4xx_it.o [1]
NVIC_EnableIRQ          0x08006421   0x12  Code  Lc  stm32f4xx_hal_cortex.o [1]
NVIC_EncodePriority     0x08006451   0x36  Code  Lc  stm32f4xx_hal_cortex.o [1]
NVIC_GetPriorityGrouping
                        0x08006417    0xa  Code  Lc  stm32f4xx_hal_cortex.o [1]
NVIC_SetPriority        0x08006433   0x1e  Code  Lc  stm32f4xx_hal_cortex.o [1]
NVIC_SetPriorityGrouping
                        0x080063fd   0x1a  Code  Lc  stm32f4xx_hal_cortex.o [1]
PID_Release_zx          0x080023dd   0x7c  Code  Gb  pid.o [1]
PID_init                0x08005fbd   0x44  Code  Gb  robomaster.o [1]
PendSV_Handler          0x08008baf    0x2  Code  Gb  stm32f4xx_it.o [1]
Region$$Table$$Base     0x08008d3c          --   Gb  - Linker created -
Region$$Table$$Limit    0x08008d5c          --   Gb  - Linker created -
Robomaster_Position_PID
                        0x20002430   0x80  Data  Gb  robomaster.o [1]
Robomaster_Speed_PID    0x200023b0   0x80  Data  Gb  robomaster.o [1]
RxMessage               0x200022d0   0x24  Data  Lc  can.o [1]
SVC_Handler             0x08008bab    0x2  Code  Gb  stm32f4xx_it.o [1]
Slow_Period             0x20000114    0x4  Data  Gb  chassis.o [1]
SysTick_Config          0x08006487   0x28  Code  Lc  stm32f4xx_hal_cortex.o [1]
SysTick_Handler         0x08008bb1    0xe  Code  Gb  stm32f4xx_it.o [1]
SystemClock_Config      0x08003b61   0xbc  Code  Gb  main.o [1]
SystemCoreClock         0x20000d38    0x4  Data  Gb  system_stm32f4xx.o [1]
SystemInit              0x08008c51   0x3a  Code  Gb  system_stm32f4xx.o [1]
TIM_Base_SetConfig      0x08007c35   0xda  Code  Gb  stm32f4xx_hal_tim.o [1]
TIM_CCxChannelCmd       0x08007d75   0x1a  Code  Gb  stm32f4xx_hal_tim.o [1]
TIM_ETR_SetConfig       0x08007f2b   0x16  Code  Lc  stm32f4xx_hal_tim.o [1]
TIM_ITRx_SetConfig      0x08007f1b   0x10  Code  Lc  stm32f4xx_hal_tim.o [1]
TIM_OC1_SetConfig       0x08007d91   0x5c  Code  Lc  stm32f4xx_hal_tim.o [1]
TIM_OC2_SetConfig       0x08007d0f   0x64  Code  Gb  stm32f4xx_hal_tim.o [1]
TIM_OC3_SetConfig       0x08007ded   0x62  Code  Lc  stm32f4xx_hal_tim.o [1]
TIM_OC4_SetConfig       0x08007e4f   0x52  Code  Lc  stm32f4xx_hal_tim.o [1]
TIM_TI1_ConfigInputStage
                        0x08007ed1   0x24  Code  Lc  stm32f4xx_hal_tim.o [1]
TIM_TI2_ConfigInputStage
                        0x08007ef5   0x26  Code  Lc  stm32f4xx_hal_tim.o [1]
TxMessage               0x200022f4   0x1c  Data  Lc  can.o [1]
UART_DMAAbortOnError    0x080036ed    0xc  Code  Lc  stm32f4xx_hal_uart.o [1]
UART_DMAError           0x08003601   0x56  Code  Lc  stm32f4xx_hal_uart.o [1]
UART_DMAReceiveCplt     0x080035c1   0x38  Code  Lc  stm32f4xx_hal_uart.o [1]
UART_DMARxHalfCplt      0x080035f9    0x6  Code  Lc  stm32f4xx_hal_uart.o [1]
UART_EndRxTransfer      0x080036cf   0x1c  Code  Lc  stm32f4xx_hal_uart.o [1]
UART_EndTransmit_IT     0x0800375b   0x1a  Code  Lc  stm32f4xx_hal_uart.o [1]
UART_EndTxTransfer      0x080036bd   0x12  Code  Lc  stm32f4xx_hal_uart.o [1]
UART_Receive_IT         0x08003775   0x8e  Code  Lc  stm32f4xx_hal_uart.o [1]
UART_SetConfig          0x08003803  0x274  Code  Lc  stm32f4xx_hal_uart.o [1]
UART_Transmit_IT        0x080036f9   0x62  Code  Lc  stm32f4xx_hal_uart.o [1]
UART_WaitOnFlagUntilTimeout
                        0x08003657   0x66  Code  Lc  stm32f4xx_hal_uart.o [1]
USART1_IRQHandler       0x08008bd1   0x1e  Code  Gb  stm32f4xx_it.o [1]
USART2_IRQHandler       0x08008bef    0x6  Code  Gb  stm32f4xx_it.o [1]
USART3_IRQHandler       0x08008bf5   0x1e  Code  Gb  stm32f4xx_it.o [1]
USART_RX_BUF            0x2000219c   0xc8  Data  Gb  usart.o [1]
UsageFault_Handler      0x08008ba9    0x2  Code  Gb  stm32f4xx_it.o [1]
_Encoding_8859_1_Mbrlen
                        0x08001645    0x2  Code  Gb  xencoding_8859_1.o [3]
_Encoding_8859_1_Wctomb
                        0x08001633   0x12  Code  Gb  xencoding_8859_1.o [3]
_Error_Handler          0x08003d6d    0x2  Code  Gb  main.o [1]
_GenldFull              0x08007179  0x274  Code  Lc  xprintffull.o [3]
_LdtobFull              0x08006d4d  0x3fe  Code  Lc  xprintffull.o [3]
_LitobFull              0x08006bf5  0x112  Code  Lc  xprintffull.o [3]
_LocaleC_isalpha        0x080075c7    0xc  Code  Gb  xlocale_c.o [3]
_LocaleC_islower        0x080075c1    0x4  Code  Gb  xlocale_c.o [3]
_LocaleC_isspace        0x080075dd   0x14  Code  Gb  xlocale_c.o [3]
_LocaleC_isupper        0x080075c5    0x2  Code  Gb  xlocale_c.o [3]
_LocaleC_tolower        0x080075f1    0xc  Code  Gb  xlocale_c.o [3]
_Locale_lconv           0x20000d9c   0x38  Data  Lc  xlocale_c.o [3]
_PrintfFull             0x08006509  0x1d6  Code  Gb  xprintffull.o [3]
_PutcharsFull           0x080073ed   0x2e  Code  Lc  xprintffull.o [3]
_PutfldFull             0x08006771  0x2d0  Code  Lc  xprintffull.o [3]
_PutstrFull             0x08006b37   0xbe  Code  Lc  xprintffull.o [3]
_PuttxtFull             0x08006a41   0xf6  Code  Lc  xprintffull.o [3]
_SNProut                0x08002357   0x1a  Code  Gb  xsnprout.o [3]
__aeabi_cdcmple         0x08004b69         Code  Gb  DblCmpLe.o [4]
__aeabi_cdrcmple        0x08008129         Code  Gb  DblCmpGe.o [4]
__aeabi_d2f             0x08001385         Code  Gb  DblToFlt.o [4]
__aeabi_d2iz            0x08004b99         Code  Gb  DblToS32.o [4]
__aeabi_d2uiz           0x08008159         Code  Gb  DblToU32.o [4]
__aeabi_dadd            0x08001671         Code  Gb  DblAdd.o [4]
__aeabi_ddiv            0x080013ed         Code  Gb  DblDiv.o [4]
__aeabi_dmul            0x08001169         Code  Gb  DblMul.o [4]
__aeabi_dsub            0x08002565         Code  Gb  DblSub.o [4]
__aeabi_f2d             0x08001121         Code  Gb  FltToDbl.o [4]
__aeabi_i2d             0x080017e9         Code  Gb  S32ToDbl.o [4]
__aeabi_ldiv0           0x080081c9         Code  Gb  I64DivZer.o [5]
__aeabi_memcpy          0x08008081         Code  Gb  ABImemcpy.o [5]
__aeabi_memcpy4         0x080080a1         Code  Gb  ABImemcpy.o [5]
__aeabi_memcpy8         0x080080a1         Code  Gb  ABImemcpy.o [5]
__aeabi_memset          0x08007531         Code  Gb  ABImemset.o [5]
__aeabi_memset4         0x080042bd         Code  Gb  ABImemset48.o [5]
__aeabi_memset8         0x080042bd         Code  Gb  ABImemset48.o [5]
__aeabi_ui2d            0x08008181         Code  Gb  U32ToDbl.o [4]
__aeabi_uldivmod        0x080076f5         Code  Gb  I64DivMod.o [5]
__cmain                 0x08008d5d         Code  Gb  cmain.o [5]
__data_GetMemChunk      0x0800819d   0x2c  Code  Gb  xgetmemchunk.o [3]
__data_GetMemChunk::start
                        0x200028f8    0x4  Data  Lc  xgetmemchunk.o [3]
__exit                  0x080081d1   0x14  Code  Gb  exit.o [6]
__iar_Fail_s            0x08008001   0x1c  Code  Gb  xfail_s.o [3]
__iar_Mbcurmax          0x08008077    0xa  Code  Gb  xmbcurmax.o [3]
__iar_Memchr            0x08007671         Code  Gb  memchr.o [5]
__iar_Memset            0x08007531         Code  Gb  ABImemset.o [5]
__iar_Memset4_word      0x080042c5         Code  Gb  ABImemset48.o [5]
__iar_Memset8_word      0x080042c5         Code  Gb  ABImemset48.o [5]
__iar_Memset_word       0x08007539         Code  Gb  ABImemset.o [5]
__iar_Sin32             0x08002159  0x198  Code  Lc  cos_sin32.o [4]
__iar_Sin64             0x08002be9  0x3b2  Code  Lc  cos_sin64.o [4]
__iar_Sto64             0x080029a9  0x1a6  Code  Gb  strto64.o [4]
__iar_Stoflt            0x08004785  0x1c8  Code  Gb  iar_Stoflt.o [3]
__iar_Stopfx            0x08004663  0x122  Code  Gb  iar_Stopfx.o [3]
__iar_Stoulx            0x080089f5  0x112  Code  Gb  iar_Stoulx.o [3]
__iar_Stoxflt           0x0800494d  0x1e6  Code  Gb  iar_Stoxflt.o [3]
__iar_Stoxflt::digits   0x08004b38   0x18  Data  Lc  iar_Stoxflt.o [3]
__iar_Stoxflt::vals     0x08004b50   0x18  Data  Lc  iar_Stoxflt.o [3]
__iar_Strchr            0x08007fe9         Code  Gb  strchr.o [5]
__iar_atan2_32          0x08002371         Code  Gb  atan2f.o [4]
__iar_cos32             0x08002331    0x4  Code  Gb  cos_sin32.o [4]
__iar_cos64             0x0800302d    0x4  Code  Gb  cos_sin64.o [4]
__iar_cos_medium        0x0800302d    0x4  Code  Gb  cos_sin64.o [4]
__iar_cos_medium32      0x08002331    0x4  Code  Gb  cos_sin32.o [4]
__iar_cos_medium64      0x0800302d    0x4  Code  Gb  cos_sin64.o [4]
__iar_cos_mediumf       0x08002331    0x4  Code  Gb  cos_sin32.o [4]
__iar_cos_mediuml       0x0800302d    0x4  Code  Gb  cos_sin64.o [4]
__iar_dadd              0x08002575         Code  Gb  DblSub.o [4]
__iar_data_init3        0x08008cf1   0x28  Code  Gb  data_init.o [5]
__iar_dsub              0x08001681         Code  Gb  DblAdd.o [4]
__iar_dsubStart         0x08001693         Code  Gb  DblAdd.o [4]
__iar_frexp             0x080044c5         Code  Gb  frexp.o [4]
__iar_frexpl            0x080044c5         Code  Gb  frexp.o [4]
__iar_globLocale        0x20000dd4   0x48  Data  Lc  xlocale_c.o [3]
__iar_global_Locale     0x080075fd    0x4  Code  Gb  xlocale_c.o [3]
__iar_init_vfp          0x08008d19         Code  Gb  fpinit_M.o [4]
__iar_ldexp64           0x08004529         Code  Gb  ldexp.o [4]
__iar_lz77_init_single3
                        0x0800130b   0x7a  Code  Gb  lz77_init_single.o [5]
__iar_program_start     0x08008da1         Code  Gb  cstartup_M.o [5]
__iar_scalbln64         0x08004529         Code  Gb  ldexp.o [4]
__iar_scalbn64          0x08004529         Code  Gb  ldexp.o [4]
__iar_sin32             0x08002335    0x4  Code  Gb  cos_sin32.o [4]
__iar_sin_medium32      0x08002335    0x4  Code  Gb  cos_sin32.o [4]
__iar_sin_mediumf       0x08002335    0x4  Code  Gb  cos_sin32.o [4]
__iar_softfp___iar_frexp64
                        0x080044b9         Code  Gb  frexp.o [4]
__iar_softfp_frexp      0x080044b9         Code  Gb  frexp.o [4]
__iar_softfp_frexpl     0x080044b9         Code  Gb  frexp.o [4]
__iar_sqrt32            0x08002339         Code  Gb  sqrtf.o [4]
__iar_sqrt64            0x08002471         Code  Gb  sqrt.o [4]
__iar_systems$$module {Abs}
                        0x00000001         Data  Gb  command line/config [2]
__iar_vfp___iar_sqrt64  0x08002461         Code  Gb  sqrt.o [4]
__iar_vfp_atof          0x08001811    0x8  Code  Gb  math_wrappers64.o [4]
__iar_vfp_cos           0x08001819    0xc  Code  Gb  math_wrappers64.o [4]
__iar_vfp_sqrt          0x08002461         Code  Gb  sqrt.o [4]
__iar_vfp_sqrtl         0x08002461         Code  Gb  sqrt.o [4]
__iar_xatanf            0x08004415         Code  Gb  xatanf.o [4]
__iar_zero_init3        0x08008cb1   0x40  Code  Gb  zero_init3.o [5]
__low_level_init        0x08008d7b    0x4  Code  Gb  low_level_init.o [3]
__no_free_malloc        0x080074a1   0x40  Code  Gb  no_free_heap0.o [3]
__vector_table          0x08000000         Data  Gb  startup_stm32f407xx.o [1]
_call_main              0x08008d69         Code  Gb  cmain.o [5]
_exit                   0x08008d85         Code  Gb  cexit.o [5]
_gLocale_mblen          0x0800765d    0x4  Code  Gb  xlocale_c.o [3]
_gLocale_mblenInt       0x08007625   0x34  Code  Gb  xlocale_c.o [3]
_gLocale_wctomb         0x08007661    0x4  Code  Gb  xlocale_c.o [3]
_gLocale_wctombInt      0x08007659    0x4  Code  Gb  xlocale_c.o [3]
_main                   0x08008d77         Code  Gb  cmain.o [5]
abort                   0x080081cb    0x6  Code  Gb  abort.o [3]
action_init_posx        0x200028d8    0x4  Data  Gb  chassis.o [1]
action_init_posy        0x200028dc    0x4  Data  Gb  chassis.o [1]
after_throw_continue_track_flag
                        0x20002878    0x4  Data  Gb  vavle.o [1]
atan2f                  0x08002371         Code  Gb  atan2f.o [4]
atof                    0x08002b95    0x8  Code  Gb  strto64.o [4]
atoi                    0x08008b0d    0x2  Code  Gb  iar_Stoulx.o [3]
canList                 0x20001dbc  0x190  Data  Gb  can.o [1]
can_RX_data             0x200028c8    0x8  Data  Gb  can.o [1]
can_TX_data             0x200028d0    0x8  Data  Gb  can.o [1]
can_add_callback        0x080031a9   0x1c  Code  Gb  can.o [1]
can_ccd_handle          0x08005571   0x32  Code  Gb  can_func.o [1]
can_func_init           0x080054b9   0x4c  Code  Gb  can_func.o [1]
can_id_init             0x080030c1   0x52  Code  Gb  can.o [1]
can_init                0x08003113   0x36  Code  Gb  can.o [1]
can_robomaster_rcv      0x08005e61   0xae  Code  Gb  robomaster.o [1]
can_robomaster_rcv::first_flag
                        0x20000d28   0x10  Data  Lc  robomaster.o [1]
can_send_msg            0x08003171   0x38  Code  Gb  can.o [1]
can_send_slide_pos      0x080055a3   0x30  Code  Gb  can_func.o [1]
canlistnum              0x200028e0    0x4  Data  Lc  can.o [1]
catch_bone_modify_x     0x200026ac    0x4  Data  Gb  chassis.o [1]
ccd_kd                  0x20000038    0x4  Data  Gb  can_func.o [1]
ccd_kp                  0x20000034    0x4  Data  Gb  can_func.o [1]
ccd_pid                 0x08005505   0x6a  Code  Gb  can_func.o [1]
ccd_pid::last           0x2000003c    0x2  Data  Lc  can_func.o [1]
ccd_pos                 0x20000030    0x2  Data  Gb  can_func.o [1]
chassis                 0x20000048   0x48  Data  Gb  chassis.o [1]
chassis_PID_Angle_Control
                        0x0800052d   0x34  Code  Gb  chassis.o [1]
chassis_PID_Angle_Control::angle_last_err
                        0x200000e0    0x4  Data  Lc  chassis.o [1]
chassis_angle_subtract  0x080004cd   0x60  Code  Gb  chassis.o [1]
chassis_arena           0x20000090    0x4  Data  Gb  chassis.o [1]
chassis_flag            0x2000288c    0x4  Data  Gb  main.o [1]
chassis_gostraight      0x08000561  0x140  Code  Gb  chassis.o [1]
chassis_gostraight_zx   0x080006a9  0x13e  Code  Gb  chassis.o [1]
chassis_handle          0x08000855  0x28e  Code  Gb  chassis.o [1]
chassis_init            0x080001ad  0x208  Code  Gb  chassis.o [1]
chassis_init_pos        0x080003c1   0x32  Code  Gb  chassis.o [1]
chassis_poscnt          0x20000094    0x4  Data  Gb  chassis.o [1]
chassis_posnum          0x200000a8    0x4  Data  Gb  chassis.o [1]
chassis_rocker          0x08000aed   0x50  Code  Gb  chassis.o [1]
chassis_speed           0x2000177c  0x320  Data  Gb  points.o [1]
chassis_speed1          0x20000e1c  0x640  Data  Gb  points.o [1]
chassis_speed2          0x20001a9c  0x320  Data  Gb  points.o [1]
chassis_speed_max       0x200000a4    0x4  Data  Gb  chassis.o [1]
chassis_turn_angle_KD   0x200000dc    0x4  Data  Gb  chassis.o [1]
chassis_turn_angle_KP   0x200000d8    0x4  Data  Gb  chassis.o [1]
chassis_update          0x080003f5   0xd8  Code  Gb  chassis.o [1]
chassis_vector_d        0x20000000    0x8  Data  Gb  chassis.o [1]
chassis_vector_vx       0x20000008    0x8  Data  Gb  chassis.o [1]
chassis_zero            0x08000189   0x24  Code  Gb  chassis.o [1]
cmd_angle_pid           0x0800828d   0x2e  Code  Gb  cmd_func.o [1]
cmd_argv                0x20002828   0x30  Data  Gb  cmd.o [1]
cmd_chassis_gostraight  0x0800848d   0x92  Code  Gb  cmd_func.o [1]
cmd_chassis_pid         0x080083d9   0x5a  Code  Gb  cmd_func.o [1]
cmd_debug_func          0x080082ed   0x44  Code  Gb  cmd_func.o [1]
cmd_exec                0x08004381   0x48  Code  Gb  cmd.o [1]
cmd_go_straight_func    0x0800821f   0x38  Code  Gb  cmd_func.o [1]
cmd_hello_func          0x080081e5   0x3a  Code  Gb  cmd_func.o [1]
cmd_help_func           0x080043c9   0x28  Code  Gb  cmd.o [1]
cmd_init                0x080042f9   0x1a  Code  Gb  cmd.o [1]
cmd_line_control_test   0x08008777   0x58  Code  Gb  cmd_func.o [1]
cmd_open_box1           0x08008483    0xa  Code  Gb  cmd_func.o [1]
cmd_param_func          0x08008331   0x3c  Code  Gb  cmd_func.o [1]
cmd_parse               0x08004313   0x6e  Code  Gb  cmd.o [1]
cmd_point_collection_tracer
                        0x08008709   0x28  Code  Gb  cmd_func.o [1]
cmd_point_tracer        0x08008655   0xa0  Code  Gb  cmd_func.o [1]
cmd_print_angle         0x0800851f   0x1c  Code  Gb  cmd_func.o [1]
cmd_print_pos           0x080082bb   0x32  Code  Gb  cmd_func.o [1]
cmd_r_sp_pid            0x080083ab    0x2  Code  Gb  cmd_func.o [1]
cmd_r_speed             0x080083ad    0x2  Code  Gb  cmd_func.o [1]
cmd_reset_vega          0x08008257   0x36  Code  Gb  cmd_func.o [1]
cmd_robomaster_position
                        0x0800836d   0x3e  Code  Gb  cmd_func.o [1]
cmd_set_boost_slow      0x08008731   0x46  Code  Gb  cmd_func.o [1]
cmd_slide_pos           0x08008433   0x50  Code  Gb  cmd_func.o [1]
cmd_start_point_tracer  0x080085b9   0x64  Code  Gb  cmd_func.o [1]
cmd_tbl                 0x2000015c  0x888  Data  Lc  cmd.o [1]
cmd_test_angle          0x0800853d   0x7a  Code  Gb  cmd_func.o [1]
cmd_upper_func          0x080083bf   0x1a  Code  Gb  cmd_func.o [1]
cmd_valve_open          0x080083af   0x10  Code  Gb  cmd_func.o [1]
cmd_vega_init           0x080086f5   0x14  Code  Gb  cmd_func.o [1]
combine_vec             0x2000289c    0x8  Data  Gb  chassis.o [1]
cos                     0x0800302d    0x4  Code  Gb  cos_sin64.o [4]
cosf                    0x08002331    0x4  Code  Gb  cos_sin32.o [4]
cosl                    0x0800302d    0x4  Code  Gb  cos_sin64.o [4]
count                   0x20000134    0x4  Data  Gb  chassis.o [1]
craw_close              0x080018b9    0xe  Code  Gb  vavle.o [1]
craw_open               0x080018c7    0xc  Code  Gb  vavle.o [1]
ddiv                    0x0800271d   0xd0  Code  Lc  strto64.o [4]
delay_num_const         0x200000bc    0x4  Data  Gb  chassis.o [1]
deliver_back            0x080018a5   0x14  Code  Gb  vavle.o [1]
deliver_mid             0x20000d98    0x4  Data  Gb  vavle.o [1]
digits                  0x08008b18   0x28  Data  Lc  iar_Stoulx.o [3]
dmul                    0x08002649   0xd2  Code  Lc  strto64.o [4]
endValuePack            0x080060b3   0x2e  Code  Gb  valuepack.o [1]
exit                    0x08008d7f    0x4  Code  Gb  exit.o [3]
fi                      0x200028c0    0x4  Data  Gb  valuepack.o [1]
final_speed             0x200009f0    0x4  Data  Gb  cmd_func.o [1]
first_time_controler    0x20000118    0x4  Data  Gb  chassis.o [1]
gpio_exc                0x08005a97  0x106  Code  Gb  gpio.o [1]
gpio_exc::gpio_flag     0x200028b0    0x4  Data  Lc  gpio.o [1]
gpio_exc::gpio_flag1    0x200028b4    0x4  Data  Lc  gpio.o [1]
hcan1                   0x20002264   0x44  Data  Gb  can.o [1]
hdma_usart1_rx          0x20001fac   0x60  Data  Gb  usart.o [1]
hdma_usart1_tx          0x20001f4c   0x60  Data  Gb  usart.o [1]
hdma_usart3_rx          0x2000200c   0x60  Data  Gb  usart.o [1]
hdma_usart3_tx          0x2000206c   0x60  Data  Gb  usart.o [1]
htim1                   0x200027b0   0x3c  Data  Gb  tim.o [1]
htim3                   0x200027ec   0x3c  Data  Gb  tim.o [1]
htim_init               0x08005ded   0x1e  Code  Gb  tim.o [1]
huart1                  0x20002730   0x40  Data  Gb  usart.o [1]
huart2                  0x20002770   0x40  Data  Gb  usart.o [1]
huart3                  0x20000d58   0x40  Data  Gb  usart.o [1]
huart4                  0x200026b0   0x40  Data  Gb  usart.o [1]
huart5                  0x200026f0   0x40  Data  Gb  usart.o [1]
isalpha                 0x080075ab   0x14  Code  Gb  isalpha.o [3]
isspace                 0x08007597   0x14  Code  Gb  isspace.o [3]
last_point_x            0x2000011c    0x4  Data  Gb  chassis.o [1]
last_point_y            0x20000120    0x4  Data  Gb  chassis.o [1]
ldexp                   0x08004529         Code  Gb  ldexp.o [4]
ldexpl                  0x08004529         Code  Gb  ldexp.o [4]
line_control            0x08000bc9  0x13a  Code  Gb  chassis.o [1]
line_control_PID        0x2000013c   0x20  Data  Gb  chassis.o [1]
line_control_flag_first
                        0x20000108    0x4  Data  Gb  chassis.o [1]
line_control_p_x        0x200009f8    0x4  Data  Gb  cmd_func.o [1]
line_control_p_y        0x200009fc    0x4  Data  Gb  cmd_func.o [1]
line_control_vec        0x200028a4    0x8  Data  Gb  chassis.o [1]
localeconv              0x08007665    0x4  Code  Gb  xlocale_c.o [3]
main                    0x08003a85   0xda  Code  Gb  main.o [1]
main_flag               0x20002888    0x4  Data  Gb  main.o [1]
max_ccd                 0x20000044    0x4  Data  Gb  can_func.o [1]
max_speed               0x200009f4    0x4  Data  Gb  cmd_func.o [1]
maxon_canset3speed      0x08001825   0x72  Code  Gb  maxon.o [1]
medical_take_off        0x200028ac    0x4  Data  Gb  gpio.o [1]
memchr                  0x08007671         Code  Gb  memchr.o [5]
micro_switch_test_flag  0x200000c4    0x4  Data  Gb  chassis.o [1]
min_ccd                 0x20000040    0x4  Data  Gb  can_func.o [1]
ndigs                   0x08008b40   0x28  Data  Lc  iar_Stoulx.o [3]
open_box                0x20000098    0x4  Data  Gb  chassis.o [1]
origin_angle            0x2000010c    0x4  Data  Gb  chassis.o [1]
origin_distance         0x20000124    0x4  Data  Gb  chassis.o [1]
point_arrive            0x08000f71    0xe  Code  Gb  chassis.o [1]
point_arrived_flag      0x2000012c    0x4  Data  Gb  chassis.o [1]
point_count_control_flag
                        0x20000138    0x4  Data  Gb  chassis.o [1]
point_tracer            0x08000f91  0x116  Code  Gb  chassis.o [1]
point_tracer_angle_return
                        0x08000d05   0x2a  Code  Gb  chassis.o [1]
point_tracer_flag       0x20000128    0x4  Data  Gb  chassis.o [1]
point_x                 0x200009e4    0x4  Data  Gb  cmd_func.o [1]
point_y                 0x200009e8    0x4  Data  Gb  cmd_func.o [1]
position_y_dir_pid      0x20000010   0x20  Data  Gb  chassis.o [1]
posture                 0x20002858   0x18  Data  Lc  usart.o [1]
pows                    0x08002ba0   0x48  Data  Lc  strto64.o [4]
putFloat                0x08006059   0x5a  Code  Gb  valuepack.o [1]
qs                      0x200028f4    0x4  Data  Lc  no_free_heap0.o [3]
recive_id               0x20002658   0x18  Data  Gb  can.o [1]
reset_PID               0x08005f0f    0xa  Code  Gb  robomaster.o [1]
robomaster              0x20002310   0xa0  Data  Gb  robomaster.o [1]
robomaster_flag         0x200028e4    0x4  Data  Gb  robomaster.o [1]
s                       0x20000d40   0x18  Data  Gb  usart.o [1]
sFilterConfig           0x200022a8   0x28  Data  Gb  can.o [1]
scalbln                 0x08004529         Code  Gb  ldexp.o [4]
scalblnl                0x08004529         Code  Gb  ldexp.o [4]
scalbn                  0x08004529         Code  Gb  ldexp.o [4]
scalbnl                 0x08004529         Code  Gb  ldexp.o [4]
scale                   0x08006d07   0x46  Code  Lc  xprintffull.o [3]
scope_path              0x2000009c    0x4  Data  Gb  chassis.o [1]
sec_hand                0x200028f0    0x4  Data  Lc  xfail_s.o [3]
sendBuffer              0x080060e1   0x20  Code  Gb  valuepack.o [1]
send_flag               0x20002890    0x4  Data  Gb  main.o [1]
send_id                 0x20002630   0x28  Data  Gb  can.o [1]
send_u16                0x08003241    0xc  Code  Gb  can.o [1]
sinf                    0x08002335    0x4  Code  Gb  cos_sin32.o [4]
slow                    0x200000b0    0x4  Data  Gb  chassis.o [1]
slow_turn               0x200000b8    0x4  Data  Gb  chassis.o [1]
slow_turn_angle         0x200000a0    0x4  Data  Gb  chassis.o [1]
slow_turn_const         0x200000ac    0x4  Data  Gb  chassis.o [1]
slow_turn_func::last_slow_turn
                        0x200000c8    0x4  Data  Lc  chassis.o [1]
speed_trapezium         0x08000e19  0x152  Code  Gb  chassis.o [1]
speed_vec_add           0x08000b49   0x7e  Code  Gb  chassis.o [1]
speed_x_dir_pid         0x200000e4   0x20  Data  Gb  chassis.o [1]
sqrt                    0x08002471         Code  Gb  sqrt.o [4]
sqrtf                   0x08002339         Code  Gb  sqrtf.o [4]
sqrtl                   0x08002471         Code  Gb  sqrt.o [4]
startValuePack          0x08006041   0x18  Code  Gb  valuepack.o [1]
start_point_x           0x20000a00    0x4  Data  Gb  cmd_func.o [1]
start_point_y           0x20000a04    0x4  Data  Gb  cmd_func.o [1]
start_speed             0x200009ec    0x4  Data  Gb  cmd_func.o [1]
stop_flag               0x0800861d   0x38  Code  Gb  cmd_func.o [1]
strchr                  0x08007fe9         Code  Gb  strchr.o [5]
strcmp                  0x080074e5         Code  Gb  strcmp.o [5]
strcpy                  0x08004271         Code  Gb  strcpy.o [5]
strlen                  0x08008041         Code  Gb  strlen.o [5]
throw_finish_flag       0x20002874    0x4  Data  Gb  vavle.o [1]
tolower                 0x08008b8d   0x14  Code  Gb  tolower.o [3]
total_line_control_flag
                        0x20000104    0x4  Data  Gb  chassis.o [1]
track_max_speed         0x20000d3c    0x4  Data  Gb  track.o [1]
track_test_offset       0x200028ec    0x4  Data  Gb  track.o [1]
uart_buffer             0x200024b0   0x68  Data  Gb  usart.o [1]
upper_flag              0x20002870    0x4  Data  Gb  vavle.o [1]
upper_thread::clap_cnt  0x20002880    0x4  Data  Lc  vavle.o [1]
upper_thread::delay_time
                        0x2000287c    0x4  Data  Lc  vavle.o [1]
upper_thread{1}{2}{7}{8}::throw_cnt
                        0x20002884    0x4  Data  Lc  vavle.o [1]
uprintf                 0x08001cd7   0x2a  Code  Gb  usart.o [1]
usart_DMA_init          0x08001d45   0x1a  Code  Gb  usart.o [1]
usart_exc_DMA           0x08001e11   0x2e  Code  Gb  usart.o [1]
usart_exc_DMA_vega      0x08001e3f   0x84  Code  Gb  usart.o [1]
uwTick                  0x200028e8    0x4  Data  Gb  stm32f4xx_hal.o [1]
valuepack_stage         0x200028b9    0x1  Data  Gb  valuepack.o [1]
valuepack_tx_bit_index  0x200028b8    0x1  Data  Gb  valuepack.o [1]
valuepack_tx_buffer     0x200028bc    0x4  Data  Gb  valuepack.o [1]
valuepack_tx_index      0x200028ba    0x2  Data  Gb  valuepack.o [1]
vec_create              0x0800166f    0x2  Code  Gb  vec.o [1]
vec_model               0x08001651   0x1e  Code  Gb  vec.o [1]
vega_action_reset       0x08008b69   0x18  Code  Gb  vega_action.o [1]
very_slow               0x200000b4    0x4  Data  Gb  chassis.o [1]
vsnprintf               0x08004235   0x3c  Code  Gb  vsnprint.o [3]
zx_points_pos_x         0x2000145c  0x320  Data  Gb  point_zx.o [1]
zx_points_pos_y         0x20000a08  0x320  Data  Gb  point_zx.o [1]


[1] = D:\RoboconCode\ok\chassis\EWARM\MR1_Chassis\Obj
[2] = command line
[3] = dl7M_tlf.a
[4] = m7M_tls.a
[5] = rt7M_tl.a
[6] = shb_l.a

  36 526 bytes of readonly  code memory
     804 bytes of readonly  data memory
  16 636 bytes of readwrite data memory

Errors: none
Warnings: none
