###############################################################################
#
# IAR ELF Linker V8.22.1.15669/W32 for ARM                30/Sep/2019  22:37:07
# Copyright 2007-2018 IAR Systems AB.
#
#    Output file  =  
#        D:\RoboconCode\ok\chassis\EWARM\MR1_Chassis\Exe\MR1_Chassis.out
#    Map file     =  
#        D:\RoboconCode\ok\chassis\EWARM\MR1_Chassis\List\MR1_Chassis.map
#    Command line =  
#        -f C:\Users\12552\AppData\Local\Temp\EWB886.tmp
#        (D:\RoboconCode\ok\chassis\EWARM\MR1_Chassis\Obj\can.o
#        D:\RoboconCode\ok\chassis\EWARM\MR1_Chassis\Obj\can_func.o
#        D:\RoboconCode\ok\chassis\EWARM\MR1_Chassis\Obj\chassis.o
#        D:\RoboconCode\ok\chassis\EWARM\MR1_Chassis\Obj\cmd.o
#        D:\RoboconCode\ok\chassis\EWARM\MR1_Chassis\Obj\cmd_func.o
#        D:\RoboconCode\ok\chassis\EWARM\MR1_Chassis\Obj\dma.o
#        D:\RoboconCode\ok\chassis\EWARM\MR1_Chassis\Obj\gpio.o
#        D:\RoboconCode\ok\chassis\EWARM\MR1_Chassis\Obj\main.o
#        D:\RoboconCode\ok\chassis\EWARM\MR1_Chassis\Obj\maxon.o
#        D:\RoboconCode\ok\chassis\EWARM\MR1_Chassis\Obj\pid.o
#        D:\RoboconCode\ok\chassis\EWARM\MR1_Chassis\Obj\point_zx.o
#        D:\RoboconCode\ok\chassis\EWARM\MR1_Chassis\Obj\points.o
#        D:\RoboconCode\ok\chassis\EWARM\MR1_Chassis\Obj\robomaster.o
#        D:\RoboconCode\ok\chassis\EWARM\MR1_Chassis\Obj\startup_stm32f407xx.o
#        D:\RoboconCode\ok\chassis\EWARM\MR1_Chassis\Obj\stm32f4xx_hal.o
#        D:\RoboconCode\ok\chassis\EWARM\MR1_Chassis\Obj\stm32f4xx_hal_can.o
#        D:\RoboconCode\ok\chassis\EWARM\MR1_Chassis\Obj\stm32f4xx_hal_cortex.o
#        D:\RoboconCode\ok\chassis\EWARM\MR1_Chassis\Obj\stm32f4xx_hal_dma.o
#        D:\RoboconCode\ok\chassis\EWARM\MR1_Chassis\Obj\stm32f4xx_hal_dma_ex.o
#        D:\RoboconCode\ok\chassis\EWARM\MR1_Chassis\Obj\stm32f4xx_hal_flash.o
#        D:\RoboconCode\ok\chassis\EWARM\MR1_Chassis\Obj\stm32f4xx_hal_flash_ex.o
#        D:\RoboconCode\ok\chassis\EWARM\MR1_Chassis\Obj\stm32f4xx_hal_flash_ramfunc.o
#        D:\RoboconCode\ok\chassis\EWARM\MR1_Chassis\Obj\stm32f4xx_hal_gpio.o
#        D:\RoboconCode\ok\chassis\EWARM\MR1_Chassis\Obj\stm32f4xx_hal_msp.o
#        D:\RoboconCode\ok\chassis\EWARM\MR1_Chassis\Obj\stm32f4xx_hal_pwr.o
#        D:\RoboconCode\ok\chassis\EWARM\MR1_Chassis\Obj\stm32f4xx_hal_pwr_ex.o
#        D:\RoboconCode\ok\chassis\EWARM\MR1_Chassis\Obj\stm32f4xx_hal_rcc.o
#        D:\RoboconCode\ok\chassis\EWARM\MR1_Chassis\Obj\stm32f4xx_hal_rcc_ex.o
#        D:\RoboconCode\ok\chassis\EWARM\MR1_Chassis\Obj\stm32f4xx_hal_tim.o
#        D:\RoboconCode\ok\chassis\EWARM\MR1_Chassis\Obj\stm32f4xx_hal_tim_ex.o
#        D:\RoboconCode\ok\chassis\EWARM\MR1_Chassis\Obj\stm32f4xx_hal_uart.o
#        D:\RoboconCode\ok\chassis\EWARM\MR1_Chassis\Obj\stm32f4xx_it.o
#        D:\RoboconCode\ok\chassis\EWARM\MR1_Chassis\Obj\stmflash.o
#        D:\RoboconCode\ok\chassis\EWARM\MR1_Chassis\Obj\system_stm32f4xx.o
#        D:\RoboconCode\ok\chassis\EWARM\MR1_Chassis\Obj\tim.o
#        D:\RoboconCode\ok\chassis\EWARM\MR1_Chassis\Obj\track.o
#        D:\RoboconCode\ok\chassis\EWARM\MR1_Chassis\Obj\usart.o
#        D:\RoboconCode\ok\chassis\EWARM\MR1_Chassis\Obj\valuepack.o
#        D:\RoboconCode\ok\chassis\EWARM\MR1_Chassis\Obj\vavle.o
#        D:\RoboconCode\ok\chassis\EWARM\MR1_Chassis\Obj\vec.o
#        D:\RoboconCode\ok\chassis\EWARM\MR1_Chassis\Obj\vega_action.o
#        --redirect _Printf=_PrintfFull --redirect _Scanf=_ScanfFull -o
#        D:\RoboconCode\ok\chassis\EWARM\MR1_Chassis\Exe\MR1_Chassis.out --map
#        D:\RoboconCode\ok\chassis\EWARM\MR1_Chassis\List\MR1_Chassis.map
#        --config D:\RoboconCode\ok\chassis\EWARM/stm32f407xx_flash.icf
#        --semihosting --entry __iar_program_start --vfe --text_out locale)
#
###############################################################################

*******************************************************************************
*** RUNTIME MODEL ATTRIBUTES
***

CppFlavor       = *
__Heap_Handler  = NoFree
__SystemLibrary = DLib
__dlib_version  = 6


*******************************************************************************
*** HEAP SELECTION
***

The no free heap was selected because no calls to memory
deallocation functions were found in the application.


*******************************************************************************
*** PLACEMENT SUMMARY
***

"A0":  place at 0x08000000 { ro section .intvec };
"P1":  place in [from 0x08000000 to 0x080fffff] { ro };
define block CSTACK with size = 4608, alignment = 8 { };
define block HEAP with size = 1536, alignment = 8 { };
"P2":  place in [from 0x20000000 to 0x2001ffff] {
          rw, block CSTACK, block HEAP };
initialize by copy { rw };

  Section            Kind        Address    Size  Object
  -------            ----        -------    ----  ------
"A0":                                      0x188
  .intvec            ro code  0x08000000   0x188  startup_stm32f407xx.o [1]
                            - 0x08000188   0x188

"P1":                                     0x911f
  .text              ro code  0x08000188   0xf96  xprintffull.o [3]
  .text              ro code  0x0800111e    0x7a  lz77_init_single.o [5]
  .text              ro code  0x08001198    0xb0  xlocale_c.o [3]
  .text              ro code  0x08001248    0x16  strchr.o [5]
  .text              ro code  0x0800125e    0x1e  xencoding_8859_1.o [3]
  .text              ro code  0x0800127c    0x40  xfail_s.o [3]
  .text              ro code  0x080012bc    0x36  strlen.o [5]
  .text              ro code  0x080012f2    0x1a  xsnprout.o [3]
  .text              ro code  0x0800130c    0x58  memchr.o [5]
  .text              ro code  0x08001364     0xa  xmbcurmax.o [3]
  .text              ro code  0x08001370    0xa6  ABImemcpy.o [5]
  .text              ro code  0x08001418   0x22e  I64DivMod.o [5]
  .text              ro code  0x08001648   0x1a2  DblMul.o [4]
  .text              ro code  0x080017ec    0x70  frexp.o [4]
  .text              ro code  0x0800185c    0x2e  DblCmpLe.o [4]
  .text              ro code  0x0800188c    0x2e  DblCmpGe.o [4]
  .text              ro code  0x080018bc   0x13a  ldexp.o [4]
  .text              ro code  0x080019f8    0x3a  DblToS32.o [4]
  .text              ro code  0x08001a34    0x22  S32ToDbl.o [4]
  .text              ro code  0x08001a58    0xe2  DblSub.o [4]
  .text              ro code  0x08001b3c   0x246  DblDiv.o [4]
  .text              ro code  0x08001d84    0x28  DblToU32.o [4]
  .text              ro code  0x08001dac    0x1a  U32ToDbl.o [4]
  .text              ro code  0x08001dc6     0x6  abort.o [3]
  .text              ro code  0x08001dcc     0x2  I64DivZer.o [5]
  .text              ro code  0x08001dd0   0x178  DblAdd.o [4]
  .text              ro code  0x08001f48    0x14  exit.o [6]
  .text              ro code  0x08001f5c   0xf44  chassis.o [1]
  .text              ro code  0x08002ea0    0x48  FltToDbl.o [4]
  .text              ro code  0x08002ee8    0x68  DblToFlt.o [4]
  .text              ro code  0x08002f50    0x20  vec.o [1]
  .text              ro code  0x08002f70    0x1a  math_wrappers64.o [4]
  .text              ro code  0x08002f8c    0x80  maxon.o [1]
  .text              ro code  0x0800300c    0x3c  vavle.o [1]
  .text              ro code  0x08003048   0x678  usart.o [1]
  .text              ro code  0x080036c0   0x200  stm32f4xx_hal_gpio.o [1]
  .text              ro code  0x080038c0   0x1e0  cos_sin32.o [4]
  .text              ro code  0x08003aa0    0x1e  sqrtf.o [4]
  .text              ro code  0x08003ac0    0x6a  atan2f.o [4]
  .text              ro code  0x08003b2c    0x84  pid.o [1]
  .text              ro code  0x08003bb0   0x102  sqrt.o [4]
  .text              ro code  0x08003cb8   0x5a0  strto64.o [4]
  .text              ro code  0x08004258   0x448  cos_sin64.o [4]
  .text              ro code  0x080046a0   0x260  can.o [1]
  .text              ro code  0x08004900   0x7f4  stm32f4xx_hal_uart.o [1]
  .text              ro code  0x080050f4   0x2c8  main.o [1]
  .text              ro code  0x080053bc   0x494  stm32f4xx_hal_dma.o [1]
  .text              ro code  0x08005850    0x3c  vsnprint.o [3]
  .text              ro code  0x0800588c    0x4c  strcpy.o [5]
  .text              ro code  0x080058d8    0x3a  ABImemset48.o [5]
  .text              ro code  0x08005914   0x11c  cmd.o [1]
  .text              ro code  0x08005a30    0xa4  xatanf.o [4]
  .text              ro code  0x08005ad4   0x122  iar_Stopfx.o [3]
  .text              ro code  0x08005bf8   0x1c8  iar_Stoflt.o [3]
  .text              ro code  0x08005dc0   0x21c  iar_Stoxflt.o [3]
  .text              ro code  0x08005fdc   0x8e4  stm32f4xx_hal_can.o [1]
  .text              ro code  0x080068c0   0x148  can_func.o [1]
  .text              ro code  0x08006a08     0xc  stm32f4xx_hal.o [1]
  .text              ro code  0x08006a14     0x2  stm32f4xx_hal_uart.o [1]
  .text              ro code  0x08006a16     0x2  stm32f4xx_hal_uart.o [1]
  .text              ro code  0x08006a18     0x2  stm32f4xx_hal_uart.o [1]
  .text              ro code  0x08006a1c   0x1c0  stm32f4xx_hal_rcc.o [1]
  .text              ro code  0x08006bdc    0x34  stm32f4xx_hal.o [1]
  .text              ro code  0x08006c10   0x3c8  gpio.o [1]
  .text              ro code  0x08006fd8    0x78  dma.o [1]
  .text              ro code  0x08007050   0x218  tim.o [1]
  .text              ro code  0x08007268   0x1e0  robomaster.o [1]
  .text              ro code  0x08007448    0xcc  valuepack.o [1]
  .text              ro code  0x08007514   0x2f0  stm32f4xx_hal_rcc.o [1]
  .text              ro code  0x08007804   0x10c  stm32f4xx_hal_cortex.o [1]
  .text              ro code  0x08007910    0x44  no_free_heap0.o [3]
  .text              ro code  0x08007954    0x4a  strcmp.o [5]
  .text              ro code  0x080079a0    0x66  ABImemset.o [5]
  .text              ro code  0x08007a06    0x14  isspace.o [3]
  .text              ro code  0x08007a1a    0x14  isalpha.o [3]
  .text              ro code  0x08007a2e     0x2  stm32f4xx_hal_can.o [1]
  .text              ro code  0x08007a30    0x28  stm32f4xx_hal.o [1]
  .text              ro code  0x08007a58    0x94  stm32f4xx_hal_msp.o [1]
  .text              ro code  0x08007aec   0x588  stm32f4xx_hal_tim.o [1]
  .text              ro code  0x08008074    0xa8  stm32f4xx_hal_tim_ex.o [1]
  .text              ro code  0x0800811c    0x2c  xgetmemchunk.o [3]
  .text              ro code  0x08008148   0x890  cmd_func.o [1]
  .text              ro code  0x080089d8   0x174  iar_Stoulx.o [3]
  .text              ro code  0x08008b4c    0x24  vega_action.o [1]
  .text              ro code  0x08008b70    0x14  tolower.o [3]
  .text              ro code  0x08008b84    0xa0  stm32f4xx_it.o [1]
  .text              ro code  0x08008c24    0x10  stm32f4xx_hal.o [1]
  .text              ro code  0x08008c34    0x60  system_stm32f4xx.o [1]
  .text              ro code  0x08008c94    0x40  zero_init3.o [5]
  .text              ro code  0x08008cd4    0x28  data_init.o [5]
  .text              ro code  0x08008cfc    0x22  fpinit_M.o [4]
  .iar.init_table    const    0x08008d20    0x20  - Linker created -
  .text              ro code  0x08008d40    0x1e  cmain.o [5]
  .text              ro code  0x08008d5e     0x4  low_level_init.o [3]
  .text              ro code  0x08008d62     0x4  exit.o [3]
  .text              ro code  0x08008d68     0xa  cexit.o [5]
  .text              ro code  0x08008d74    0x10  startup_stm32f407xx.o [1]
  .text              ro code  0x08008d84     0xc  cstartup_M.o [5]
  .rodata            const    0x08008d90     0x8  system_stm32f4xx.o [1]
  .rodata            const    0x08008d98     0x6  xlocale_c.o [3]
  .text              ro code  0x08008d9e     0x4  startup_stm32f407xx.o [1]
  .text              ro code  0x08008da2     0x4  startup_stm32f407xx.o [1]
  .text              ro code  0x08008da6     0x4  startup_stm32f407xx.o [1]
  .text              ro code  0x08008daa     0x4  startup_stm32f407xx.o [1]
  .text              ro code  0x08008dae     0x4  startup_stm32f407xx.o [1]
  .text              ro code  0x08008db2     0x4  startup_stm32f407xx.o [1]
  .text              ro code  0x08008db6     0x4  startup_stm32f407xx.o [1]
  .text              ro code  0x08008dba     0x4  startup_stm32f407xx.o [1]
  .text              ro code  0x08008dbe     0x4  startup_stm32f407xx.o [1]
  .text              ro code  0x08008dc2     0x4  startup_stm32f407xx.o [1]
  .text              ro code  0x08008dc6     0x4  startup_stm32f407xx.o [1]
  .text              ro code  0x08008dca     0x4  startup_stm32f407xx.o [1]
  .text              ro code  0x08008dce     0x4  startup_stm32f407xx.o [1]
  .text              ro code  0x08008dd2     0x4  startup_stm32f407xx.o [1]
  .text              ro code  0x08008dd6     0x4  startup_stm32f407xx.o [1]
  .text              ro code  0x08008dda     0x4  startup_stm32f407xx.o [1]
  .text              ro code  0x08008dde     0x4  startup_stm32f407xx.o [1]
  .text              ro code  0x08008de2     0x4  startup_stm32f407xx.o [1]
  .text              ro code  0x08008de6     0x4  startup_stm32f407xx.o [1]
  .text              ro code  0x08008dea     0x4  startup_stm32f407xx.o [1]
  .text              ro code  0x08008dee     0x4  startup_stm32f407xx.o [1]
  .text              ro code  0x08008df2     0x4  startup_stm32f407xx.o [1]
  .text              ro code  0x08008df6     0x4  startup_stm32f407xx.o [1]
  .text              ro code  0x08008dfa     0x4  startup_stm32f407xx.o [1]
  .text              ro code  0x08008dfe     0x4  startup_stm32f407xx.o [1]
  .text              ro code  0x08008e02     0x4  startup_stm32f407xx.o [1]
  .text              ro code  0x08008e06     0x4  startup_stm32f407xx.o [1]
  .text              ro code  0x08008e0a     0x4  startup_stm32f407xx.o [1]
  .text              ro code  0x08008e0e     0x4  startup_stm32f407xx.o [1]
  .text              ro code  0x08008e12     0x4  startup_stm32f407xx.o [1]
  .text              ro code  0x08008e16     0x4  startup_stm32f407xx.o [1]
  .text              ro code  0x08008e1a     0x4  startup_stm32f407xx.o [1]
  .text              ro code  0x08008e1e     0x4  startup_stm32f407xx.o [1]
  .text              ro code  0x08008e22     0x4  startup_stm32f407xx.o [1]
  .text              ro code  0x08008e26     0x4  startup_stm32f407xx.o [1]
  .text              ro code  0x08008e2a     0x4  startup_stm32f407xx.o [1]
  .text              ro code  0x08008e2e     0x4  startup_stm32f407xx.o [1]
  .text              ro code  0x08008e32     0x4  startup_stm32f407xx.o [1]
  .text              ro code  0x08008e36     0x4  startup_stm32f407xx.o [1]
  .text              ro code  0x08008e3a     0x4  startup_stm32f407xx.o [1]
  .text              ro code  0x08008e3e     0x4  startup_stm32f407xx.o [1]
  .text              ro code  0x08008e42     0x4  startup_stm32f407xx.o [1]
  .text              ro code  0x08008e46     0x4  startup_stm32f407xx.o [1]
  .text              ro code  0x08008e4a     0x4  startup_stm32f407xx.o [1]
  .text              ro code  0x08008e4e     0x4  startup_stm32f407xx.o [1]
  .text              ro code  0x08008e52     0x4  startup_stm32f407xx.o [1]
  .text              ro code  0x08008e56     0x4  startup_stm32f407xx.o [1]
  .text              ro code  0x08008e5a     0x4  startup_stm32f407xx.o [1]
  .text              ro code  0x08008e5e     0x4  startup_stm32f407xx.o [1]
  .text              ro code  0x08008e62     0x4  startup_stm32f407xx.o [1]
  .text              ro code  0x08008e66     0x4  startup_stm32f407xx.o [1]
  .text              ro code  0x08008e6a     0x4  startup_stm32f407xx.o [1]
  .text              ro code  0x08008e6e     0x4  startup_stm32f407xx.o [1]
  .text              ro code  0x08008e72     0x4  startup_stm32f407xx.o [1]
  .text              ro code  0x08008e76     0x4  startup_stm32f407xx.o [1]
  .text              ro code  0x08008e7a     0x4  startup_stm32f407xx.o [1]
  .text              ro code  0x08008e7e     0x4  startup_stm32f407xx.o [1]
  .text              ro code  0x08008e82     0x4  startup_stm32f407xx.o [1]
  .text              ro code  0x08008e86     0x4  startup_stm32f407xx.o [1]
  .text              ro code  0x08008e8a     0x4  startup_stm32f407xx.o [1]
  .text              ro code  0x08008e8e     0x4  startup_stm32f407xx.o [1]
  .text              ro code  0x08008e92     0x4  startup_stm32f407xx.o [1]
  .text              ro code  0x08008e96     0x4  startup_stm32f407xx.o [1]
  .text              ro code  0x08008e9a     0x4  startup_stm32f407xx.o [1]
  .text              ro code  0x08008e9e     0x4  startup_stm32f407xx.o [1]
  .text              ro code  0x08008ea2     0x4  startup_stm32f407xx.o [1]
  .text              ro code  0x08008ea6     0x4  startup_stm32f407xx.o [1]
  .text              ro code  0x08008eaa     0x4  startup_stm32f407xx.o [1]
  .text              ro code  0x08008eae     0x4  startup_stm32f407xx.o [1]
  .text              ro code  0x08008eb2     0x4  startup_stm32f407xx.o [1]
  .text              ro code  0x08008eb6     0x4  startup_stm32f407xx.o [1]
  .text              ro code  0x08008eba     0x4  startup_stm32f407xx.o [1]
  .text              ro code  0x08008ebe     0x4  startup_stm32f407xx.o [1]
  .rodata            const    0x08008ec2     0x0  zero_init3.o [5]
  .rodata            const    0x08008ec2     0x0  lz77_init_single.o [5]
  Initializer bytes  const    0x08008ec2   0x3e5  <for P2-1>
                            - 0x080092a7  0x911f

"P2", part 1 of 3:                        0x1190
  P2-1                        0x20000000  0x1190  <Init block>
    .data            inited   0x20000000    0x30  chassis.o [1]
    .data            inited   0x20000030     0xc  can_func.o [1]
    .data            inited   0x2000003c     0xc  can_func.o [1]
    .data            inited   0x20000048    0x84  chassis.o [1]
    .data            inited   0x200000cc     0xc  chassis.o [1]
    .data            inited   0x200000d8     0xc  chassis.o [1]
    .data            inited   0x200000e4    0x20  chassis.o [1]
    .data            inited   0x20000104    0x58  chassis.o [1]
    .data            inited   0x2000015c   0x8dc  cmd.o [1]
    .data            inited   0x20000a38    0x24  cmd_func.o [1]
    .data            inited   0x20000a5c   0x320  point_zx.o [1]
    .data            inited   0x20000d7c   0x320  point_zx.o [1]
    .data            inited   0x2000109c    0x10  robomaster.o [1]
    .data            inited   0x200010ac     0x4  system_stm32f4xx.o [1]
    .data            inited   0x200010b0     0x4  track.o [1]
    .data            inited   0x200010b4    0x58  usart.o [1]
    .data            inited   0x2000110c     0x4  vavle.o [1]
    .data            inited   0x20001110    0x38  xlocale_c.o [3]
    .data            inited   0x20001148    0x48  xlocale_c.o [3]
                            - 0x20001190  0x1190

"P2", part 2 of 3:                         0xb3c
  .bss               zero     0x20001190   0x190  can.o [1]
  .bss               zero     0x20001320   0x180  usart.o [1]
  .bss               zero     0x200014a0    0xd0  usart.o [1]
  .bss               zero     0x20001570    0xc8  usart.o [1]
  .bss               zero     0x20001638    0xac  can.o [1]
  .bss               zero     0x200016e4    0xa0  robomaster.o [1]
  .bss               zero     0x20001784    0x80  robomaster.o [1]
  .bss               zero     0x20001804    0x80  robomaster.o [1]
  .bss               zero     0x20001884    0x68  usart.o [1]
  .bss               zero     0x200018ec    0x64  usart.o [1]
  .bss               zero     0x20001950    0x64  usart.o [1]
  .bss               zero     0x200019b4    0x50  chassis.o [1]
  .bss               zero     0x20001a04    0x40  can.o [1]
  .bss               zero     0x20001a44    0x40  chassis.o [1]
  .bss               zero     0x20001a84    0x40  usart.o [1]
  .bss               zero     0x20001ac4    0x40  usart.o [1]
  .bss               zero     0x20001b04    0x40  usart.o [1]
  .bss               zero     0x20001b44    0x40  usart.o [1]
  .bss               zero     0x20001b84    0x3c  tim.o [1]
  .bss               zero     0x20001bc0    0x3c  tim.o [1]
  .bss               zero     0x20001bfc    0x30  cmd.o [1]
  .bss               zero     0x20001c2c    0x18  usart.o [1]
  .bss               zero     0x20001c44    0x18  vavle.o [1]
  .bss               zero     0x20001c5c    0x14  main.o [1]
  .bss               zero     0x20001c70    0x10  chassis.o [1]
  .bss               zero     0x20001c80     0xc  gpio.o [1]
  .bss               zero     0x20001c8c     0xc  valuepack.o [1]
  .bss               zero     0x20001c98     0x8  can.o [1]
  .bss               zero     0x20001ca0     0x8  can.o [1]
  .bss               zero     0x20001ca8     0x8  chassis.o [1]
  .bss               zero     0x20001cb0     0x4  can.o [1]
  .bss               zero     0x20001cb4     0x4  robomaster.o [1]
  .bss               zero     0x20001cb8     0x4  stm32f4xx_hal.o [1]
  .bss               zero     0x20001cbc     0x4  track.o [1]
  .bss               zero     0x20001cc0     0x4  xfail_s.o [3]
  .bss               zero     0x20001cc4     0x4  no_free_heap0.o [3]
  .bss               zero     0x20001cc8     0x4  xgetmemchunk.o [3]
                            - 0x20001ccc   0xb3c

"P2", part 3 of 3:                        0x1800
  CSTACK                      0x20001cd0  0x1200  <Block>
    CSTACK           uninit   0x20001cd0  0x1200  <Block tail>
  HEAP                        0x20002ed0   0x600  <Block>
    HEAP             uninit   0x20002ed0   0x600  <Block tail>
                            - 0x200034d0  0x1800


*******************************************************************************
*** INIT TABLE
***

          Address     Size
          -------     ----
Zero (__iar_zero_init3)
    1 destination range, total size 0xb3c:
          0x20001190   0xb3c

Copy/lz77 (__iar_lz77_init_single3)
    1 source range, total size 0x3e5 (22% of destination):
          0x08008ec2   0x3e5
    1 destination range, total size 0x1190:
          0x20000000  0x1190



*******************************************************************************
*** MODULE SUMMARY
***

    Module                  ro code  ro data  rw data
    ------                  -------  -------  -------
D:\RoboconCode\ok\chassis\EWARM\MR1_Chassis\Obj: [1]
    can.o                       608               656
    can_func.o                  328        5       24
    chassis.o                 3 908       72      492
    cmd.o                       284      503    2 316
    cmd_func.o                2 192        8       36
    dma.o                       120
    gpio.o                      968                12
    main.o                      712                20
    maxon.o                     128
    pid.o                       132
    point_zx.o                           354    1 600
    robomaster.o                480        4      436
    startup_stm32f407xx.o       700
    stm32f4xx_hal.o             120                 4
    stm32f4xx_hal_can.o       2 278
    stm32f4xx_hal_cortex.o      268
    stm32f4xx_hal_dma.o       1 172
    stm32f4xx_hal_gpio.o        512
    stm32f4xx_hal_msp.o         148
    stm32f4xx_hal_rcc.o       1 200
    stm32f4xx_hal_tim.o       1 416
    stm32f4xx_hal_tim_ex.o      168
    stm32f4xx_hal_uart.o      2 042
    stm32f4xx_it.o              160
    system_stm32f4xx.o           96        9        4
    tim.o                       536               120
    track.o                                1        8
    usart.o                   1 656       19    1 464
    valuepack.o                 204                12
    vavle.o                      60        1       28
    vec.o                        32
    vega_action.o                36
    -------------------------------------------------
    Total:                   22 664      976    7 232

command line: [2]
    -------------------------------------------------
    Total:

dl7M_tlf.a: [3]
    abort.o                       6
    exit.o                        4
    iar_Stoflt.o                456
    iar_Stopfx.o                290
    iar_Stoulx.o                372
    iar_Stoxflt.o               540
    isalpha.o                    20
    isspace.o                    20
    low_level_init.o              4
    no_free_heap0.o              68                 4
    tolower.o                    20
    vsnprint.o                   60
    xencoding_8859_1.o           30
    xfail_s.o                    64                 4
    xgetmemchunk.o               44                 4
    xlocale_c.o                 176       34      128
    xmbcurmax.o                  10
    xprintffull.o             3 990
    xsnprout.o                   26
    -------------------------------------------------
    Total:                    6 200       34      140

m7M_tls.a: [4]
    DblAdd.o                    376
    DblCmpGe.o                   46
    DblCmpLe.o                   46
    DblDiv.o                    582
    DblMul.o                    418
    DblSub.o                    226
    DblToFlt.o                  104
    DblToS32.o                   58
    DblToU32.o                   40
    FltToDbl.o                   72
    S32ToDbl.o                   34
    U32ToDbl.o                   26
    atan2f.o                    106
    cos_sin32.o                 480
    cos_sin64.o               1 096
    fpinit_M.o                   34
    frexp.o                     112
    ldexp.o                     314
    math_wrappers64.o            26
    sqrt.o                      258
    sqrtf.o                      30
    strto64.o                 1 440
    xatanf.o                    164
    -------------------------------------------------
    Total:                    6 088

rt7M_tl.a: [5]
    ABImemcpy.o                 166
    ABImemset.o                 102
    ABImemset48.o                58
    I64DivMod.o                 558
    I64DivZer.o                   2
    cexit.o                      10
    cmain.o                      30
    cstartup_M.o                 12
    data_init.o                  40
    lz77_init_single.o          122
    memchr.o                     88
    strchr.o                     22
    strcmp.o                     74
    strcpy.o                     76
    strlen.o                     54
    zero_init3.o                 64
    -------------------------------------------------
    Total:                    1 478

shb_l.a: [6]
    exit.o                       20
    -------------------------------------------------
    Total:                       20

    Gaps                         48        2
    Linker created                        33    6 144
-----------------------------------------------------
    Grand Total:             36 498    1 045   13 516


*******************************************************************************
*** ENTRY LIST
***

Entry                      Address   Size  Type      Object
-----                      -------   ----  ----      ------
.iar.init_table$$Base   0x08008d20          --   Gb  - Linker created -
.iar.init_table$$Limit  0x08008d40          --   Gb  - Linker created -
?main                   0x08008d41         Code  Gb  cmain.o [5]
AHBPrescTable           0x08008c84   0x10  Data  Gb  system_stm32f4xx.o [1]
APBPrescTable           0x08008d90    0x8  Data  Gb  system_stm32f4xx.o [1]
BoostAndSlowUpdate      0x08002945   0xe2  Code  Gb  chassis.o [1]
Boost_Period            0x20000110    0x4  Data  Gb  chassis.o [1]
BusFault_Handler        0x08008b8b    0x2  Code  Gb  stm32f4xx_it.o [1]
CAN1_RX0_IRQHandler     0x08008baf    0x6  Code  Gb  stm32f4xx_it.o [1]
CAN_LIST_MATCH          0x08004835   0x2c  Code  Gb  can.o [1]
CAN_Receive_IT          0x0800676f  0x152  Code  Lc  stm32f4xx_hal_can.o [1]
CAN_Transmit_IT         0x08006719   0x56  Code  Lc  stm32f4xx_hal_can.o [1]
CSTACK$$Base            0x20001cd0          --   Gb  - Linker created -
CSTACK$$Limit           0x20002ed0          --   Gb  - Linker created -
CacheMore               0x080011d9   0x24  Code  Lc  xlocale_c.o [3]
ChassisHandle           0x20001a44   0x3c  Data  Gb  chassis.o [1]
ChassisSignal           0x200019b4   0x50  Data  Gb  chassis.o [1]
Chassis_State           0x200000c0    0x4  Data  Gb  chassis.o [1]
Configure_Filter        0x080047b9   0x28  Code  Gb  can.o [1]
DMA1_Stream1_IRQHandler
                        0x08008ba3    0x6  Code  Gb  stm32f4xx_it.o [1]
DMA1_Stream3_IRQHandler
                        0x08008ba9    0x6  Code  Gb  stm32f4xx_it.o [1]
DMA2_Stream2_IRQHandler
                        0x08008bf7    0x6  Code  Gb  stm32f4xx_it.o [1]
DMA2_Stream7_IRQHandler
                        0x08008bfd    0x6  Code  Gb  stm32f4xx_it.o [1]
DMAUSART_RX_BUF         0x200014a0   0x64  Data  Gb  usart.o [1]
DMAUSART_RX_BUF_vega    0x20001950   0x64  Data  Gb  usart.o [1]
DMA_CalcBaseAndBitshift
                        0x080057ad   0x28  Code  Lc  stm32f4xx_hal_dma.o [1]
DMA_CalcBaseAndBitshift::flagBitshiftOffset
                        0x08005848    0x8  Data  Lc  stm32f4xx_hal_dma.o [1]
DMA_CheckFifoParam      0x080057d5   0x72  Code  Lc  stm32f4xx_hal_dma.o [1]
DMA_RxOK_Flag           0x20001504    0x4  Data  Gb  usart.o [1]
DMA_RxOK_Flag_vega      0x20001508    0x4  Data  Gb  usart.o [1]
DMA_SetConfig           0x08005781   0x2a  Code  Lc  stm32f4xx_hal_dma.o [1]
DMAaRxBuffer            0x2000150c   0x64  Data  Gb  usart.o [1]
DMAaRxBuffer_vega       0x200018ec   0x64  Data  Gb  usart.o [1]
DebugMon_Handler        0x08008b91    0x2  Code  Gb  stm32f4xx_it.o [1]
Dtentox                 0x08003e6d  0x19a  Code  Lc  strto64.o [4]
ENBALE_POINT_COLLECTION_TRACER
                        0x20000130    0x4  Data  Gb  chassis.o [1]
ERR_angle_m0            0x200000d4    0x4  Data  Gb  chassis.o [1]
ERR_angle_m1            0x200000d0    0x4  Data  Gb  chassis.o [1]
ERR_angle_m3            0x200000cc    0x4  Data  Gb  chassis.o [1]
HAL_CAN_ConfigFilter    0x0800612d   0xe0  Code  Gb  stm32f4xx_hal_can.o [1]
HAL_CAN_ErrorCallback   0x0800488d   0x24  Code  Gb  can.o [1]
HAL_CAN_IRQHandler      0x080064bb  0x240  Code  Gb  stm32f4xx_hal_can.o [1]
HAL_CAN_Init            0x08005fdd  0x150  Code  Gb  stm32f4xx_hal_can.o [1]
HAL_CAN_MspInit         0x080046e9   0x48  Code  Gb  can.o [1]
HAL_CAN_Receive_IT      0x080063f7   0xc4  Code  Gb  stm32f4xx_hal_can.o [1]
HAL_CAN_RxCpltCallback  0x08004861   0x2c  Code  Gb  can.o [1]
HAL_CAN_Transmit        0x0800620d  0x1ea  Code  Gb  stm32f4xx_hal_can.o [1]
HAL_DMA_Abort           0x080054f5   0x8a  Code  Gb  stm32f4xx_hal_dma.o [1]
HAL_DMA_Abort_IT        0x0800557f   0x24  Code  Gb  stm32f4xx_hal_dma.o [1]
HAL_DMA_IRQHandler      0x080055a3  0x1d2  Code  Gb  stm32f4xx_hal_dma.o [1]
HAL_DMA_Init            0x080053bd   0xc8  Code  Gb  stm32f4xx_hal_dma.o [1]
HAL_DMA_Start_IT        0x08005485   0x70  Code  Gb  stm32f4xx_hal_dma.o [1]
HAL_GPIO_Init           0x080036c1  0x1a8  Code  Gb  stm32f4xx_hal_gpio.o [1]
HAL_GPIO_ReadPin        0x08003869   0x10  Code  Gb  stm32f4xx_hal_gpio.o [1]
HAL_GPIO_TogglePin      0x0800388b    0x8  Code  Gb  stm32f4xx_hal_gpio.o [1]
HAL_GPIO_WritePin       0x08003879   0x12  Code  Gb  stm32f4xx_hal_gpio.o [1]
HAL_GetTick             0x08006a09    0xc  Code  Wk  stm32f4xx_hal.o [1]
HAL_IncTick             0x08008c25   0x10  Code  Wk  stm32f4xx_hal.o [1]
HAL_Init                0x08006bdd   0x30  Code  Gb  stm32f4xx_hal.o [1]
HAL_InitTick            0x08007a31   0x28  Code  Wk  stm32f4xx_hal.o [1]
HAL_MspInit             0x08007a59   0x94  Code  Gb  stm32f4xx_hal_msp.o [1]
HAL_NVIC_EnableIRQ      0x080078d7    0x2  Code  Gb  stm32f4xx_hal_cortex.o [1]
HAL_NVIC_SetPriority    0x080078b9   0x1e  Code  Gb  stm32f4xx_hal_cortex.o [1]
HAL_NVIC_SetPriorityGrouping
                        0x080078b7    0x2  Code  Gb  stm32f4xx_hal_cortex.o [1]
HAL_RCC_ClockConfig     0x08006a1d  0x110  Code  Gb  stm32f4xx_hal_rcc.o [1]
HAL_RCC_GetHCLKFreq     0x08006b2d    0x6  Code  Gb  stm32f4xx_hal_rcc.o [1]
HAL_RCC_GetPCLK1Freq    0x08006b33   0x16  Code  Gb  stm32f4xx_hal_rcc.o [1]
HAL_RCC_GetPCLK2Freq    0x08006b49   0x16  Code  Gb  stm32f4xx_hal_rcc.o [1]
HAL_RCC_OscConfig       0x08007515  0x2f0  Code  Wk  stm32f4xx_hal_rcc.o [1]
HAL_SYSTICK_CLKSourceConfig
                        0x080078db   0x18  Code  Gb  stm32f4xx_hal_cortex.o [1]
HAL_SYSTICK_Callback    0x080052a1   0xc0  Code  Gb  main.o [1]
HAL_SYSTICK_Callback::delay_time_cnt
                        0x20001c6c    0x4  Data  Lc  main.o [1]
HAL_SYSTICK_Callback::time_1ms_cnt
                        0x20001c68    0x4  Data  Lc  main.o [1]
HAL_SYSTICK_Config      0x080078d9    0x2  Code  Gb  stm32f4xx_hal_cortex.o [1]
HAL_SYSTICK_IRQHandler  0x0800790d    0x4  Code  Gb  stm32f4xx_hal_cortex.o [1]
HAL_TIMEx_ConfigBreakDeadTime
                        0x080080c1   0x5c  Code  Gb  stm32f4xx_hal_tim_ex.o [1]
HAL_TIMEx_MasterConfigSynchronization
                        0x08008075   0x4c  Code  Gb  stm32f4xx_hal_tim_ex.o [1]
HAL_TIM_Base_Init       0x08007aed   0x32  Code  Gb  stm32f4xx_hal_tim.o [1]
HAL_TIM_Base_MspInit    0x080071a1   0x26  Code  Gb  tim.o [1]
HAL_TIM_ConfigClockSource
                        0x08007c6b   0xfe  Code  Gb  stm32f4xx_hal_tim.o [1]
HAL_TIM_MspPostInit     0x080071c7   0x2e  Code  Gb  tim.o [1]
HAL_TIM_PWM_ConfigChannel
                        0x08007b99   0xd2  Code  Gb  stm32f4xx_hal_tim.o [1]
HAL_TIM_PWM_Init        0x08007b1f   0x32  Code  Gb  stm32f4xx_hal_tim.o [1]
HAL_TIM_PWM_MspInit     0x0800717b   0x26  Code  Gb  tim.o [1]
HAL_TIM_PWM_Start       0x08007b51   0x3e  Code  Gb  stm32f4xx_hal_tim.o [1]
HAL_UART_DMAStop        0x08004ac1   0x64  Code  Gb  stm32f4xx_hal_uart.o [1]
HAL_UART_ErrorCallback  0x08003469   0x44  Code  Gb  usart.o [1]
HAL_UART_IDLECallback   0x080034c7   0xb2  Code  Gb  usart.o [1]
HAL_UART_IRQHandler     0x08004b25  0x10c  Code  Gb  stm32f4xx_hal_uart.o [1]
HAL_UART_Init           0x08004901   0x5e  Code  Gb  stm32f4xx_hal_uart.o [1]
HAL_UART_MspInit        0x08003177  0x2c8  Code  Gb  usart.o [1]
HAL_UART_Receive_DMA    0x08004a27   0x9a  Code  Gb  stm32f4xx_hal_uart.o [1]
HAL_UART_Transmit       0x0800495f   0xc8  Code  Gb  stm32f4xx_hal_uart.o [1]
HEAP$$Base              0x20002ed0          --   Gb  - Linker created -
HEAP$$Limit             0x200034d0          --   Gb  - Linker created -
HardFault_Handler       0x08008b87    0x2  Code  Gb  stm32f4xx_it.o [1]
LoadInt                 0x08000377   0x7a  Code  Lc  xprintffull.o [3]
M2006_init              0x08007325   0x4e  Code  Gb  robomaster.o [1]
M3508_init              0x08007375   0x4e  Code  Gb  robomaster.o [1]
MX_CAN1_Init            0x080046a1   0x48  Code  Gb  can.o [1]
MX_DMA_Init             0x08006fd9   0x78  Code  Gb  dma.o [1]
MX_GPIO_Init            0x08006c11  0x28e  Code  Gb  gpio.o [1]
MX_NVIC_Init            0x08005259   0x46  Code  Lc  main.o [1]
MX_TIM1_Init            0x08007051   0xc0  Code  Gb  tim.o [1]
MX_TIM3_Init            0x08007111   0x6a  Code  Gb  tim.o [1]
MX_UART4_Init           0x08003049   0x3c  Code  Gb  usart.o [1]
MX_UART5_Init           0x08003085   0x3c  Code  Gb  usart.o [1]
MX_USART1_UART_Init     0x080030c1   0x3c  Code  Gb  usart.o [1]
MX_USART2_UART_Init     0x080030fd   0x3c  Code  Gb  usart.o [1]
MX_USART3_UART_Init     0x08003139   0x3e  Code  Gb  usart.o [1]
MemManage_Handler       0x08008b89    0x2  Code  Gb  stm32f4xx_it.o [1]
NMI_Handler             0x08008b85    0x2  Code  Gb  stm32f4xx_it.o [1]
NVIC_EnableIRQ          0x08007829   0x12  Code  Lc  stm32f4xx_hal_cortex.o [1]
NVIC_EncodePriority     0x08007859   0x36  Code  Lc  stm32f4xx_hal_cortex.o [1]
NVIC_GetPriorityGrouping
                        0x0800781f    0xa  Code  Lc  stm32f4xx_hal_cortex.o [1]
NVIC_SetPriority        0x0800783b   0x1e  Code  Lc  stm32f4xx_hal_cortex.o [1]
NVIC_SetPriorityGrouping
                        0x08007805   0x1a  Code  Lc  stm32f4xx_hal_cortex.o [1]
PID_Release_zx          0x08003b2d   0x7c  Code  Gb  pid.o [1]
PID_init                0x080073c5   0x44  Code  Gb  robomaster.o [1]
PendSV_Handler          0x08008b93    0x2  Code  Gb  stm32f4xx_it.o [1]
Region$$Table$$Base     0x08008d20          --   Gb  - Linker created -
Region$$Table$$Limit    0x08008d40          --   Gb  - Linker created -
Robomaster_Position_PID
                        0x20001804   0x80  Data  Gb  robomaster.o [1]
Robomaster_Speed_PID    0x20001784   0x80  Data  Gb  robomaster.o [1]
RxMessage               0x200016a4   0x24  Data  Lc  can.o [1]
SVC_Handler             0x08008b8f    0x2  Code  Gb  stm32f4xx_it.o [1]
Slow_Period             0x20000114    0x4  Data  Gb  chassis.o [1]
SysTick_Config          0x0800788f   0x28  Code  Lc  stm32f4xx_hal_cortex.o [1]
SysTick_Handler         0x08008b95    0xe  Code  Gb  stm32f4xx_it.o [1]
SystemClock_Config      0x0800519d   0xbc  Code  Gb  main.o [1]
SystemCoreClock         0x200010ac    0x4  Data  Gb  system_stm32f4xx.o [1]
SystemInit              0x08008c35   0x3a  Code  Gb  system_stm32f4xx.o [1]
TIM_Base_SetConfig      0x08007d69   0xda  Code  Gb  stm32f4xx_hal_tim.o [1]
TIM_CCxChannelCmd       0x08007ea9   0x1a  Code  Gb  stm32f4xx_hal_tim.o [1]
TIM_ETR_SetConfig       0x0800805f   0x16  Code  Lc  stm32f4xx_hal_tim.o [1]
TIM_ITRx_SetConfig      0x0800804f   0x10  Code  Lc  stm32f4xx_hal_tim.o [1]
TIM_OC1_SetConfig       0x08007ec5   0x5c  Code  Lc  stm32f4xx_hal_tim.o [1]
TIM_OC2_SetConfig       0x08007e43   0x64  Code  Gb  stm32f4xx_hal_tim.o [1]
TIM_OC3_SetConfig       0x08007f21   0x62  Code  Lc  stm32f4xx_hal_tim.o [1]
TIM_OC4_SetConfig       0x08007f83   0x52  Code  Lc  stm32f4xx_hal_tim.o [1]
TIM_TI1_ConfigInputStage
                        0x08008005   0x24  Code  Lc  stm32f4xx_hal_tim.o [1]
TIM_TI2_ConfigInputStage
                        0x08008029   0x26  Code  Lc  stm32f4xx_hal_tim.o [1]
TxMessage               0x200016c8   0x1c  Data  Lc  can.o [1]
UART_DMAAbortOnError    0x08004d5d    0xc  Code  Lc  stm32f4xx_hal_uart.o [1]
UART_DMAError           0x08004c71   0x56  Code  Lc  stm32f4xx_hal_uart.o [1]
UART_DMAReceiveCplt     0x08004c31   0x38  Code  Lc  stm32f4xx_hal_uart.o [1]
UART_DMARxHalfCplt      0x08004c69    0x6  Code  Lc  stm32f4xx_hal_uart.o [1]
UART_EndRxTransfer      0x08004d3f   0x1c  Code  Lc  stm32f4xx_hal_uart.o [1]
UART_EndTransmit_IT     0x08004dcb   0x1a  Code  Lc  stm32f4xx_hal_uart.o [1]
UART_EndTxTransfer      0x08004d2d   0x12  Code  Lc  stm32f4xx_hal_uart.o [1]
UART_Receive_IT         0x08004de5   0x8e  Code  Lc  stm32f4xx_hal_uart.o [1]
UART_SetConfig          0x08004e73  0x274  Code  Lc  stm32f4xx_hal_uart.o [1]
UART_Transmit_IT        0x08004d69   0x62  Code  Lc  stm32f4xx_hal_uart.o [1]
UART_WaitOnFlagUntilTimeout
                        0x08004cc7   0x66  Code  Lc  stm32f4xx_hal_uart.o [1]
USART1_IRQHandler       0x08008bb5   0x1e  Code  Gb  stm32f4xx_it.o [1]
USART2_IRQHandler       0x08008bd3    0x6  Code  Gb  stm32f4xx_it.o [1]
USART3_IRQHandler       0x08008bd9   0x1e  Code  Gb  stm32f4xx_it.o [1]
USART_RX_BUF            0x20001570   0xc8  Data  Gb  usart.o [1]
UsageFault_Handler      0x08008b8d    0x2  Code  Gb  stm32f4xx_it.o [1]
_Encoding_8859_1_Mbrlen
                        0x08001271    0x2  Code  Gb  xencoding_8859_1.o [3]
_Encoding_8859_1_Wctomb
                        0x0800125f   0x12  Code  Gb  xencoding_8859_1.o [3]
_Error_Handler          0x08005389    0x2  Code  Gb  main.o [1]
_GenldFull              0x08000df9  0x274  Code  Lc  xprintffull.o [3]
_LdtobFull              0x080009cd  0x3fe  Code  Lc  xprintffull.o [3]
_LitobFull              0x08000875  0x112  Code  Lc  xprintffull.o [3]
_LocaleC_isalpha        0x0800119f    0xc  Code  Gb  xlocale_c.o [3]
_LocaleC_islower        0x08001199    0x4  Code  Gb  xlocale_c.o [3]
_LocaleC_isspace        0x080011b5   0x14  Code  Gb  xlocale_c.o [3]
_LocaleC_isupper        0x0800119d    0x2  Code  Gb  xlocale_c.o [3]
_LocaleC_tolower        0x080011c9    0xc  Code  Gb  xlocale_c.o [3]
_Locale_lconv           0x20001110   0x38  Data  Lc  xlocale_c.o [3]
_PrintfFull             0x08000189  0x1d6  Code  Gb  xprintffull.o [3]
_PutcharsFull           0x0800106d   0x2e  Code  Lc  xprintffull.o [3]
_PutfldFull             0x080003f1  0x2d0  Code  Lc  xprintffull.o [3]
_PutstrFull             0x080007b7   0xbe  Code  Lc  xprintffull.o [3]
_PuttxtFull             0x080006c1   0xf6  Code  Lc  xprintffull.o [3]
_SNProut                0x080012f3   0x1a  Code  Gb  xsnprout.o [3]
__aeabi_cdcmple         0x0800185d         Code  Gb  DblCmpLe.o [4]
__aeabi_cdrcmple        0x0800188d         Code  Gb  DblCmpGe.o [4]
__aeabi_d2f             0x08002ee9         Code  Gb  DblToFlt.o [4]
__aeabi_d2iz            0x080019f9         Code  Gb  DblToS32.o [4]
__aeabi_d2uiz           0x08001d85         Code  Gb  DblToU32.o [4]
__aeabi_dadd            0x08001dd1         Code  Gb  DblAdd.o [4]
__aeabi_ddiv            0x08001b3d         Code  Gb  DblDiv.o [4]
__aeabi_dmul            0x08001649         Code  Gb  DblMul.o [4]
__aeabi_dsub            0x08001a59         Code  Gb  DblSub.o [4]
__aeabi_f2d             0x08002ea1         Code  Gb  FltToDbl.o [4]
__aeabi_i2d             0x08001a35         Code  Gb  S32ToDbl.o [4]
__aeabi_ldiv0           0x08001dcd         Code  Gb  I64DivZer.o [5]
__aeabi_memcpy          0x08001371         Code  Gb  ABImemcpy.o [5]
__aeabi_memcpy4         0x08001391         Code  Gb  ABImemcpy.o [5]
__aeabi_memcpy8         0x08001391         Code  Gb  ABImemcpy.o [5]
__aeabi_memset          0x080079a1         Code  Gb  ABImemset.o [5]
__aeabi_memset4         0x080058d9         Code  Gb  ABImemset48.o [5]
__aeabi_memset8         0x080058d9         Code  Gb  ABImemset48.o [5]
__aeabi_ui2d            0x08001dad         Code  Gb  U32ToDbl.o [4]
__aeabi_uldivmod        0x08001419         Code  Gb  I64DivMod.o [5]
__cmain                 0x08008d41         Code  Gb  cmain.o [5]
__data_GetMemChunk      0x0800811d   0x2c  Code  Gb  xgetmemchunk.o [3]
__data_GetMemChunk::start
                        0x20001cc8    0x4  Data  Lc  xgetmemchunk.o [3]
__exit                  0x08001f49   0x14  Code  Gb  exit.o [6]
__iar_Fail_s            0x0800127d   0x1c  Code  Gb  xfail_s.o [3]
__iar_Mbcurmax          0x08001365    0xa  Code  Gb  xmbcurmax.o [3]
__iar_Memchr            0x0800130d         Code  Gb  memchr.o [5]
__iar_Memset            0x080079a1         Code  Gb  ABImemset.o [5]
__iar_Memset4_word      0x080058e1         Code  Gb  ABImemset48.o [5]
__iar_Memset8_word      0x080058e1         Code  Gb  ABImemset48.o [5]
__iar_Memset_word       0x080079a9         Code  Gb  ABImemset.o [5]
__iar_Sin32             0x080038c1  0x198  Code  Lc  cos_sin32.o [4]
__iar_Sin64             0x08004259  0x3b2  Code  Lc  cos_sin64.o [4]
__iar_Sto64             0x08004019  0x1a6  Code  Gb  strto64.o [4]
__iar_Stoflt            0x08005bf9  0x1c8  Code  Gb  iar_Stoflt.o [3]
__iar_Stopfx            0x08005ad5  0x122  Code  Gb  iar_Stopfx.o [3]
__iar_Stoulx            0x080089d9  0x112  Code  Gb  iar_Stoulx.o [3]
__iar_Stoxflt           0x08005dc1  0x1e6  Code  Gb  iar_Stoxflt.o [3]
__iar_Stoxflt::digits   0x08005fac   0x18  Data  Lc  iar_Stoxflt.o [3]
__iar_Stoxflt::vals     0x08005fc4   0x18  Data  Lc  iar_Stoxflt.o [3]
__iar_Strchr            0x08001249         Code  Gb  strchr.o [5]
__iar_atan2_32          0x08003ac1         Code  Gb  atan2f.o [4]
__iar_cos32             0x08003a99    0x4  Code  Gb  cos_sin32.o [4]
__iar_cos64             0x0800469d    0x4  Code  Gb  cos_sin64.o [4]
__iar_cos_medium        0x0800469d    0x4  Code  Gb  cos_sin64.o [4]
__iar_cos_medium32      0x08003a99    0x4  Code  Gb  cos_sin32.o [4]
__iar_cos_medium64      0x0800469d    0x4  Code  Gb  cos_sin64.o [4]
__iar_cos_mediumf       0x08003a99    0x4  Code  Gb  cos_sin32.o [4]
__iar_cos_mediuml       0x0800469d    0x4  Code  Gb  cos_sin64.o [4]
__iar_dadd              0x08001a69         Code  Gb  DblSub.o [4]
__iar_data_init3        0x08008cd5   0x28  Code  Gb  data_init.o [5]
__iar_dsub              0x08001de1         Code  Gb  DblAdd.o [4]
__iar_dsubStart         0x08001df3         Code  Gb  DblAdd.o [4]
__iar_frexp             0x080017f9         Code  Gb  frexp.o [4]
__iar_frexpl            0x080017f9         Code  Gb  frexp.o [4]
__iar_globLocale        0x20001148   0x48  Data  Lc  xlocale_c.o [3]
__iar_global_Locale     0x080011d5    0x4  Code  Gb  xlocale_c.o [3]
__iar_init_vfp          0x08008cfd         Code  Gb  fpinit_M.o [4]
__iar_ldexp64           0x080018bd         Code  Gb  ldexp.o [4]
__iar_lz77_init_single3
                        0x0800111f   0x7a  Code  Gb  lz77_init_single.o [5]
__iar_program_start     0x08008d85         Code  Gb  cstartup_M.o [5]
__iar_scalbln64         0x080018bd         Code  Gb  ldexp.o [4]
__iar_scalbn64          0x080018bd         Code  Gb  ldexp.o [4]
__iar_sin32             0x08003a9d    0x4  Code  Gb  cos_sin32.o [4]
__iar_sin_medium32      0x08003a9d    0x4  Code  Gb  cos_sin32.o [4]
__iar_sin_mediumf       0x08003a9d    0x4  Code  Gb  cos_sin32.o [4]
__iar_softfp___iar_frexp64
                        0x080017ed         Code  Gb  frexp.o [4]
__iar_softfp_frexp      0x080017ed         Code  Gb  frexp.o [4]
__iar_softfp_frexpl     0x080017ed         Code  Gb  frexp.o [4]
__iar_sqrt32            0x08003aa1         Code  Gb  sqrtf.o [4]
__iar_sqrt64            0x08003bc1         Code  Gb  sqrt.o [4]
__iar_systems$$module {Abs}
                        0x00000001         Data  Gb  command line/config [2]
__iar_vfp___iar_sqrt64  0x08003bb1         Code  Gb  sqrt.o [4]
__iar_vfp_atof          0x08002f77    0x8  Code  Gb  math_wrappers64.o [4]
__iar_vfp_cos           0x08002f7f    0xc  Code  Gb  math_wrappers64.o [4]
__iar_vfp_sqrt          0x08003bb1         Code  Gb  sqrt.o [4]
__iar_vfp_sqrtl         0x08003bb1         Code  Gb  sqrt.o [4]
__iar_xatanf            0x08005a31         Code  Gb  xatanf.o [4]
__iar_zero_init3        0x08008c95   0x40  Code  Gb  zero_init3.o [5]
__low_level_init        0x08008d5f    0x4  Code  Gb  low_level_init.o [3]
__no_free_malloc        0x08007911   0x40  Code  Gb  no_free_heap0.o [3]
__vector_table          0x08000000         Data  Gb  startup_stm32f407xx.o [1]
_call_main              0x08008d4d         Code  Gb  cmain.o [5]
_exit                   0x08008d69         Code  Gb  cexit.o [5]
_gLocale_mblen          0x08001235    0x4  Code  Gb  xlocale_c.o [3]
_gLocale_mblenInt       0x080011fd   0x34  Code  Gb  xlocale_c.o [3]
_gLocale_wctomb         0x08001239    0x4  Code  Gb  xlocale_c.o [3]
_gLocale_wctombInt      0x08001231    0x4  Code  Gb  xlocale_c.o [3]
_main                   0x08008d5b         Code  Gb  cmain.o [5]
abort                   0x08001dc7    0x6  Code  Gb  abort.o [3]
action_init_posx        0x20001ca8    0x4  Data  Gb  chassis.o [1]
action_init_posy        0x20001cac    0x4  Data  Gb  chassis.o [1]
after_throw_continue_track_flag
                        0x20001c4c    0x4  Data  Gb  vavle.o [1]
atan2f                  0x08003ac1         Code  Gb  atan2f.o [4]
atof                    0x08004205    0x8  Code  Gb  strto64.o [4]
atoi                    0x08008af1    0x2  Code  Gb  iar_Stoulx.o [3]
canList                 0x20001190  0x190  Data  Gb  can.o [1]
can_RX_data             0x20001c98    0x8  Data  Gb  can.o [1]
can_TX_data             0x20001ca0    0x8  Data  Gb  can.o [1]
can_add_callback        0x08004819   0x1c  Code  Gb  can.o [1]
can_ccd_handle          0x08006979   0x32  Code  Gb  can_func.o [1]
can_func_init           0x080068c1   0x4c  Code  Gb  can_func.o [1]
can_id_init             0x08004731   0x52  Code  Gb  can.o [1]
can_init                0x08004783   0x36  Code  Gb  can.o [1]
can_robomaster_rcv      0x08007269   0xae  Code  Gb  robomaster.o [1]
can_robomaster_rcv::first_flag
                        0x2000109c   0x10  Data  Lc  robomaster.o [1]
can_send_msg            0x080047e1   0x38  Code  Gb  can.o [1]
can_send_slide_pos      0x080069ab   0x30  Code  Gb  can_func.o [1]
canlistnum              0x20001cb0    0x4  Data  Lc  can.o [1]
catch_bone_modify_x     0x20001a80    0x4  Data  Gb  chassis.o [1]
ccd_kd                  0x20000038    0x4  Data  Gb  can_func.o [1]
ccd_kp                  0x20000034    0x4  Data  Gb  can_func.o [1]
ccd_pid                 0x0800690d   0x6a  Code  Gb  can_func.o [1]
ccd_pid::last           0x2000003c    0x2  Data  Lc  can_func.o [1]
ccd_pos                 0x20000030    0x2  Data  Gb  can_func.o [1]
chassis                 0x20000048   0x48  Data  Gb  chassis.o [1]
chassis_PID_Angle_Control
                        0x08002109   0x34  Code  Gb  chassis.o [1]
chassis_PID_Angle_Control::angle_last_err
                        0x200000e0    0x4  Data  Lc  chassis.o [1]
chassis_angle_subtract  0x080020a9   0x60  Code  Gb  chassis.o [1]
chassis_arena           0x20000090    0x4  Data  Gb  chassis.o [1]
chassis_flag            0x20001c60    0x4  Data  Gb  main.o [1]
chassis_gostraight      0x0800213d  0x140  Code  Gb  chassis.o [1]
chassis_gostraight_zx   0x08002285  0x140  Code  Gb  chassis.o [1]
chassis_handle          0x08002419  0x28e  Code  Gb  chassis.o [1]
chassis_init            0x08001f81   0x1c  Code  Gb  chassis.o [1]
chassis_init_pos        0x08001f9d   0x32  Code  Gb  chassis.o [1]
chassis_poscnt          0x20000094    0x4  Data  Gb  chassis.o [1]
chassis_posnum          0x200000a8    0x4  Data  Gb  chassis.o [1]
chassis_rocker          0x080026b1   0x50  Code  Gb  chassis.o [1]
chassis_speed_max       0x200000a4    0x4  Data  Gb  chassis.o [1]
chassis_turn_angle_KD   0x200000dc    0x4  Data  Gb  chassis.o [1]
chassis_turn_angle_KP   0x200000d8    0x4  Data  Gb  chassis.o [1]
chassis_update          0x08001fd1   0xd8  Code  Gb  chassis.o [1]
chassis_vector_d        0x20000000    0x8  Data  Gb  chassis.o [1]
chassis_vector_vx       0x20000008    0x8  Data  Gb  chassis.o [1]
chassis_zero            0x08001f5d   0x24  Code  Gb  chassis.o [1]
cmd_angle_pid           0x080081f1   0x2e  Code  Gb  cmd_func.o [1]
cmd_argv                0x20001bfc   0x30  Data  Gb  cmd.o [1]
cmd_chassis_gostraight  0x080083f1   0x92  Code  Gb  cmd_func.o [1]
cmd_chassis_pid         0x0800833d   0x5a  Code  Gb  cmd_func.o [1]
cmd_debug_func          0x08008251   0x44  Code  Gb  cmd_func.o [1]
cmd_exec                0x0800599d   0x48  Code  Gb  cmd.o [1]
cmd_go_straight_func    0x08008183   0x38  Code  Gb  cmd_func.o [1]
cmd_hello_func          0x08008149   0x3a  Code  Gb  cmd_func.o [1]
cmd_help_func           0x080059e5   0x28  Code  Gb  cmd.o [1]
cmd_init                0x08005915   0x1a  Code  Gb  cmd.o [1]
cmd_line_control_PID    0x08008739   0x60  Code  Gb  cmd_func.o [1]
cmd_line_control_test   0x080086db   0x58  Code  Gb  cmd_func.o [1]
cmd_open_box1           0x080083e7    0xa  Code  Gb  cmd_func.o [1]
cmd_param_func          0x08008295   0x3c  Code  Gb  cmd_func.o [1]
cmd_parse               0x0800592f   0x6e  Code  Gb  cmd.o [1]
cmd_point_collection_tracer
                        0x0800866d   0x28  Code  Gb  cmd_func.o [1]
cmd_point_tracer        0x080085b9   0xa0  Code  Gb  cmd_func.o [1]
cmd_print_angle         0x08008483   0x1c  Code  Gb  cmd_func.o [1]
cmd_print_pos           0x0800821f   0x32  Code  Gb  cmd_func.o [1]
cmd_r_sp_pid            0x0800830f    0x2  Code  Gb  cmd_func.o [1]
cmd_r_speed             0x08008311    0x2  Code  Gb  cmd_func.o [1]
cmd_reset_vega          0x080081bb   0x36  Code  Gb  cmd_func.o [1]
cmd_robomaster_position
                        0x080082d1   0x3e  Code  Gb  cmd_func.o [1]
cmd_set_boost_slow      0x08008695   0x46  Code  Gb  cmd_func.o [1]
cmd_slide_pos           0x08008397   0x50  Code  Gb  cmd_func.o [1]
cmd_start_point_tracer  0x0800851b   0x66  Code  Gb  cmd_func.o [1]
cmd_tbl                 0x2000015c  0x8dc  Data  Lc  cmd.o [1]
cmd_test_angle          0x080084a1   0x7a  Code  Gb  cmd_func.o [1]
cmd_upper_func          0x08008323   0x1a  Code  Gb  cmd_func.o [1]
cmd_valve_open          0x08008313   0x10  Code  Gb  cmd_func.o [1]
cmd_vega_init           0x08008659   0x14  Code  Gb  cmd_func.o [1]
combine_vec             0x20001c70    0x8  Data  Gb  chassis.o [1]
cos                     0x0800469d    0x4  Code  Gb  cos_sin64.o [4]
cosf                    0x08003a99    0x4  Code  Gb  cos_sin32.o [4]
cosl                    0x0800469d    0x4  Code  Gb  cos_sin64.o [4]
count                   0x20000134    0x4  Data  Gb  chassis.o [1]
craw_close              0x08003021    0xe  Code  Gb  vavle.o [1]
craw_open               0x0800302f    0xc  Code  Gb  vavle.o [1]
ddiv                    0x08003d8d   0xd0  Code  Lc  strto64.o [4]
delay_num_const         0x200000bc    0x4  Data  Gb  chassis.o [1]
deliver_back            0x0800300d   0x14  Code  Gb  vavle.o [1]
deliver_mid             0x2000110c    0x4  Data  Gb  vavle.o [1]
digits                  0x08008afc   0x28  Data  Lc  iar_Stoulx.o [3]
dmul                    0x08003cb9   0xd2  Code  Lc  strto64.o [4]
endValuePack            0x080074bb   0x2e  Code  Gb  valuepack.o [1]
exit                    0x08008d63    0x4  Code  Gb  exit.o [3]
fi                      0x20001c94    0x4  Data  Gb  valuepack.o [1]
final_speed             0x20000a44    0x4  Data  Gb  cmd_func.o [1]
first_time_controler    0x20000118    0x4  Data  Gb  chassis.o [1]
gpio_exc                0x08006e9f  0x106  Code  Gb  gpio.o [1]
gpio_exc::gpio_flag     0x20001c84    0x4  Data  Lc  gpio.o [1]
gpio_exc::gpio_flag1    0x20001c88    0x4  Data  Lc  gpio.o [1]
hcan1                   0x20001638   0x44  Data  Gb  can.o [1]
hdma_usart1_rx          0x20001380   0x60  Data  Gb  usart.o [1]
hdma_usart1_tx          0x20001320   0x60  Data  Gb  usart.o [1]
hdma_usart3_rx          0x200013e0   0x60  Data  Gb  usart.o [1]
hdma_usart3_tx          0x20001440   0x60  Data  Gb  usart.o [1]
htim1                   0x20001b84   0x3c  Data  Gb  tim.o [1]
htim3                   0x20001bc0   0x3c  Data  Gb  tim.o [1]
htim_init               0x080071f5   0x1e  Code  Gb  tim.o [1]
huart1                  0x20001b04   0x40  Data  Gb  usart.o [1]
huart2                  0x20001b44   0x40  Data  Gb  usart.o [1]
huart3                  0x200010cc   0x40  Data  Gb  usart.o [1]
huart4                  0x20001a84   0x40  Data  Gb  usart.o [1]
huart5                  0x20001ac4   0x40  Data  Gb  usart.o [1]
isalpha                 0x08007a1b   0x14  Code  Gb  isalpha.o [3]
isspace                 0x08007a07   0x14  Code  Gb  isspace.o [3]
last_point_x            0x2000011c    0x4  Data  Gb  chassis.o [1]
last_point_y            0x20000120    0x4  Data  Gb  chassis.o [1]
ldexp                   0x080018bd         Code  Gb  ldexp.o [4]
ldexpl                  0x080018bd         Code  Gb  ldexp.o [4]
line_control            0x0800278d  0x17e  Code  Gb  chassis.o [1]
line_control_PID        0x2000013c   0x20  Data  Gb  chassis.o [1]
line_control_flag_first
                        0x20000108    0x4  Data  Gb  chassis.o [1]
line_control_p_x        0x20000a4c    0x4  Data  Gb  cmd_func.o [1]
line_control_p_y        0x20000a50    0x4  Data  Gb  cmd_func.o [1]
line_control_vec        0x20001c78    0x8  Data  Gb  chassis.o [1]
localeconv              0x0800123d    0x4  Code  Gb  xlocale_c.o [3]
main                    0x080050f5   0xa8  Code  Gb  main.o [1]
main_flag               0x20001c5c    0x4  Data  Gb  main.o [1]
max_ccd                 0x20000044    0x4  Data  Gb  can_func.o [1]
max_speed               0x20000a48    0x4  Data  Gb  cmd_func.o [1]
maxon_canset3speed      0x08002f8d   0x72  Code  Gb  maxon.o [1]
medical_take_off        0x20001c80    0x4  Data  Gb  gpio.o [1]
memchr                  0x0800130d         Code  Gb  memchr.o [5]
micro_switch_test_flag  0x200000c4    0x4  Data  Gb  chassis.o [1]
min_ccd                 0x20000040    0x4  Data  Gb  can_func.o [1]
ndigs                   0x08008b24   0x28  Data  Lc  iar_Stoulx.o [3]
open_box                0x20000098    0x4  Data  Gb  chassis.o [1]
origin_angle            0x2000010c    0x4  Data  Gb  chassis.o [1]
origin_distance         0x20000124    0x4  Data  Gb  chassis.o [1]
point_arrive            0x08002bad   0x16  Code  Gb  chassis.o [1]
point_arrived_flag      0x2000012c    0x4  Data  Gb  chassis.o [1]
point_collection_tracer
                        0x08002d19   0xee  Code  Gb  chassis.o [1]
point_count_control_flag
                        0x20000138    0x4  Data  Gb  chassis.o [1]
point_tracer            0x08002be5  0x11e  Code  Gb  chassis.o [1]
point_tracer_angle_return
                        0x0800290b   0x2a  Code  Gb  chassis.o [1]
point_tracer_angle_return_static
                        0x08002935   0x10  Code  Gb  chassis.o [1]
point_tracer_flag       0x20000128    0x4  Data  Gb  chassis.o [1]
point_x                 0x20000a38    0x4  Data  Gb  cmd_func.o [1]
point_y                 0x20000a3c    0x4  Data  Gb  cmd_func.o [1]
position_y_dir_pid      0x20000010   0x20  Data  Gb  chassis.o [1]
posture                 0x20001c2c   0x18  Data  Lc  usart.o [1]
pows                    0x08004210   0x48  Data  Lc  strto64.o [4]
putFloat                0x08007461   0x5a  Code  Gb  valuepack.o [1]
qs                      0x20001cc4    0x4  Data  Lc  no_free_heap0.o [3]
recive_id               0x20001a2c   0x18  Data  Gb  can.o [1]
reset_PID               0x08007317    0xa  Code  Gb  robomaster.o [1]
robomaster              0x200016e4   0xa0  Data  Gb  robomaster.o [1]
robomaster_flag         0x20001cb4    0x4  Data  Gb  robomaster.o [1]
s                       0x200010b4   0x18  Data  Gb  usart.o [1]
sFilterConfig           0x2000167c   0x28  Data  Gb  can.o [1]
scalbln                 0x080018bd         Code  Gb  ldexp.o [4]
scalblnl                0x080018bd         Code  Gb  ldexp.o [4]
scalbn                  0x080018bd         Code  Gb  ldexp.o [4]
scalbnl                 0x080018bd         Code  Gb  ldexp.o [4]
scale                   0x08000987   0x46  Code  Lc  xprintffull.o [3]
scope_path              0x2000009c    0x4  Data  Gb  chassis.o [1]
sec_hand                0x20001cc0    0x4  Data  Lc  xfail_s.o [3]
sendBuffer              0x080074e9   0x20  Code  Gb  valuepack.o [1]
send_flag               0x20001c64    0x4  Data  Gb  main.o [1]
send_id                 0x20001a04   0x28  Data  Gb  can.o [1]
send_u16                0x080048b1    0xc  Code  Gb  can.o [1]
sinf                    0x08003a9d    0x4  Code  Gb  cos_sin32.o [4]
slow                    0x200000b0    0x4  Data  Gb  chassis.o [1]
slow_turn               0x200000b8    0x4  Data  Gb  chassis.o [1]
slow_turn_angle         0x200000a0    0x4  Data  Gb  chassis.o [1]
slow_turn_const         0x200000ac    0x4  Data  Gb  chassis.o [1]
slow_turn_func::last_slow_turn
                        0x200000c8    0x4  Data  Lc  chassis.o [1]
speed_trapezium         0x08002a31  0x176  Code  Gb  chassis.o [1]
speed_vec_add           0x0800270d   0x7e  Code  Gb  chassis.o [1]
speed_x_dir_pid         0x200000e4   0x20  Data  Gb  chassis.o [1]
sqrt                    0x08003bc1         Code  Gb  sqrt.o [4]
sqrtf                   0x08003aa1         Code  Gb  sqrtf.o [4]
sqrtl                   0x08003bc1         Code  Gb  sqrt.o [4]
startValuePack          0x08007449   0x18  Code  Gb  valuepack.o [1]
start_point_x           0x20000a54    0x4  Data  Gb  cmd_func.o [1]
start_point_y           0x20000a58    0x4  Data  Gb  cmd_func.o [1]
start_speed             0x20000a40    0x4  Data  Gb  cmd_func.o [1]
stop_flag               0x08008581   0x38  Code  Gb  cmd_func.o [1]
strchr                  0x08001249         Code  Gb  strchr.o [5]
strcmp                  0x08007955         Code  Gb  strcmp.o [5]
strcpy                  0x0800588d         Code  Gb  strcpy.o [5]
strlen                  0x080012bd         Code  Gb  strlen.o [5]
throw_finish_flag       0x20001c48    0x4  Data  Gb  vavle.o [1]
tolower                 0x08008b71   0x14  Code  Gb  tolower.o [3]
total_line_control_flag
                        0x20000104    0x4  Data  Gb  chassis.o [1]
track_max_speed         0x200010b0    0x4  Data  Gb  track.o [1]
track_test_offset       0x20001cbc    0x4  Data  Gb  track.o [1]
uart_buffer             0x20001884   0x68  Data  Gb  usart.o [1]
upper_flag              0x20001c44    0x4  Data  Gb  vavle.o [1]
upper_thread::clap_cnt  0x20001c54    0x4  Data  Lc  vavle.o [1]
upper_thread::delay_time
                        0x20001c50    0x4  Data  Lc  vavle.o [1]
upper_thread{1}{2}{7}{8}::throw_cnt
                        0x20001c58    0x4  Data  Lc  vavle.o [1]
uprintf                 0x0800343f   0x2a  Code  Gb  usart.o [1]
usart_DMA_init          0x080034ad   0x1a  Code  Gb  usart.o [1]
usart_exc_DMA           0x08003579   0x2e  Code  Gb  usart.o [1]
usart_exc_DMA_vega      0x080035a7   0x84  Code  Gb  usart.o [1]
uwTick                  0x20001cb8    0x4  Data  Gb  stm32f4xx_hal.o [1]
valuepack_stage         0x20001c8d    0x1  Data  Gb  valuepack.o [1]
valuepack_tx_bit_index  0x20001c8c    0x1  Data  Gb  valuepack.o [1]
valuepack_tx_buffer     0x20001c90    0x4  Data  Gb  valuepack.o [1]
valuepack_tx_index      0x20001c8e    0x2  Data  Gb  valuepack.o [1]
vec_create              0x08002f6f    0x2  Code  Gb  vec.o [1]
vec_model               0x08002f51   0x1e  Code  Gb  vec.o [1]
vega_action_reset       0x08008b4d   0x18  Code  Gb  vega_action.o [1]
very_slow               0x200000b4    0x4  Data  Gb  chassis.o [1]
vsnprintf               0x08005851   0x3c  Code  Gb  vsnprint.o [3]
zx_points_pos_x         0x20000a5c  0x320  Data  Gb  point_zx.o [1]
zx_points_pos_y         0x20000d7c  0x320  Data  Gb  point_zx.o [1]


[1] = D:\RoboconCode\ok\chassis\EWARM\MR1_Chassis\Obj
[2] = command line
[3] = dl7M_tlf.a
[4] = m7M_tls.a
[5] = rt7M_tl.a
[6] = shb_l.a

  36 498 bytes of readonly  code memory
   1 045 bytes of readonly  data memory
  13 516 bytes of readwrite data memory

Errors: none
Warnings: none
