###############################################################################
#
# IAR ELF Linker V8.22.1.15669/W32 for ARM                07/Oct/2019  20:07:21
# Copyright 2007-2018 IAR Systems AB.
#
#    Output file  =  
#        D:\RoboconCode\ok\chassis\EWARM\MR1_Chassis\Exe\MR1_Chassis.out
#    Map file     =  
#        D:\RoboconCode\ok\chassis\EWARM\MR1_Chassis\List\MR1_Chassis.map
#    Command line =  
#        -f C:\Users\12552\AppData\Local\Temp\EWB724.tmp
#        (D:\RoboconCode\ok\chassis\EWARM\MR1_Chassis\Obj\can.o
#        D:\RoboconCode\ok\chassis\EWARM\MR1_Chassis\Obj\can_func.o
#        D:\RoboconCode\ok\chassis\EWARM\MR1_Chassis\Obj\chassis.o
#        D:\RoboconCode\ok\chassis\EWARM\MR1_Chassis\Obj\cmd.o
#        D:\RoboconCode\ok\chassis\EWARM\MR1_Chassis\Obj\cmd_func.o
#        D:\RoboconCode\ok\chassis\EWARM\MR1_Chassis\Obj\dma.o
#        D:\RoboconCode\ok\chassis\EWARM\MR1_Chassis\Obj\gpio.o
#        D:\RoboconCode\ok\chassis\EWARM\MR1_Chassis\Obj\main.o
#        D:\RoboconCode\ok\chassis\EWARM\MR1_Chassis\Obj\maxon.o
#        D:\RoboconCode\ok\chassis\EWARM\MR1_Chassis\Obj\pid.o
#        D:\RoboconCode\ok\chassis\EWARM\MR1_Chassis\Obj\point_zx.o
#        D:\RoboconCode\ok\chassis\EWARM\MR1_Chassis\Obj\points.o
#        D:\RoboconCode\ok\chassis\EWARM\MR1_Chassis\Obj\robomaster.o
#        D:\RoboconCode\ok\chassis\EWARM\MR1_Chassis\Obj\startup_stm32f407xx.o
#        D:\RoboconCode\ok\chassis\EWARM\MR1_Chassis\Obj\stm32f4xx_hal.o
#        D:\RoboconCode\ok\chassis\EWARM\MR1_Chassis\Obj\stm32f4xx_hal_can.o
#        D:\RoboconCode\ok\chassis\EWARM\MR1_Chassis\Obj\stm32f4xx_hal_cortex.o
#        D:\RoboconCode\ok\chassis\EWARM\MR1_Chassis\Obj\stm32f4xx_hal_dma.o
#        D:\RoboconCode\ok\chassis\EWARM\MR1_Chassis\Obj\stm32f4xx_hal_dma_ex.o
#        D:\RoboconCode\ok\chassis\EWARM\MR1_Chassis\Obj\stm32f4xx_hal_flash.o
#        D:\RoboconCode\ok\chassis\EWARM\MR1_Chassis\Obj\stm32f4xx_hal_flash_ex.o
#        D:\RoboconCode\ok\chassis\EWARM\MR1_Chassis\Obj\stm32f4xx_hal_flash_ramfunc.o
#        D:\RoboconCode\ok\chassis\EWARM\MR1_Chassis\Obj\stm32f4xx_hal_gpio.o
#        D:\RoboconCode\ok\chassis\EWARM\MR1_Chassis\Obj\stm32f4xx_hal_msp.o
#        D:\RoboconCode\ok\chassis\EWARM\MR1_Chassis\Obj\stm32f4xx_hal_pwr.o
#        D:\RoboconCode\ok\chassis\EWARM\MR1_Chassis\Obj\stm32f4xx_hal_pwr_ex.o
#        D:\RoboconCode\ok\chassis\EWARM\MR1_Chassis\Obj\stm32f4xx_hal_rcc.o
#        D:\RoboconCode\ok\chassis\EWARM\MR1_Chassis\Obj\stm32f4xx_hal_rcc_ex.o
#        D:\RoboconCode\ok\chassis\EWARM\MR1_Chassis\Obj\stm32f4xx_hal_tim.o
#        D:\RoboconCode\ok\chassis\EWARM\MR1_Chassis\Obj\stm32f4xx_hal_tim_ex.o
#        D:\RoboconCode\ok\chassis\EWARM\MR1_Chassis\Obj\stm32f4xx_hal_uart.o
#        D:\RoboconCode\ok\chassis\EWARM\MR1_Chassis\Obj\stm32f4xx_it.o
#        D:\RoboconCode\ok\chassis\EWARM\MR1_Chassis\Obj\stmflash.o
#        D:\RoboconCode\ok\chassis\EWARM\MR1_Chassis\Obj\system_stm32f4xx.o
#        D:\RoboconCode\ok\chassis\EWARM\MR1_Chassis\Obj\tim.o
#        D:\RoboconCode\ok\chassis\EWARM\MR1_Chassis\Obj\track.o
#        D:\RoboconCode\ok\chassis\EWARM\MR1_Chassis\Obj\usart.o
#        D:\RoboconCode\ok\chassis\EWARM\MR1_Chassis\Obj\valuepack.o
#        D:\RoboconCode\ok\chassis\EWARM\MR1_Chassis\Obj\vavle.o
#        D:\RoboconCode\ok\chassis\EWARM\MR1_Chassis\Obj\vec.o
#        D:\RoboconCode\ok\chassis\EWARM\MR1_Chassis\Obj\vega_action.o
#        --redirect _Printf=_PrintfFull --redirect _Scanf=_ScanfFull -o
#        D:\RoboconCode\ok\chassis\EWARM\MR1_Chassis\Exe\MR1_Chassis.out --map
#        D:\RoboconCode\ok\chassis\EWARM\MR1_Chassis\List\MR1_Chassis.map
#        --config D:\RoboconCode\ok\chassis\EWARM/stm32f407xx_flash.icf
#        --semihosting --entry __iar_program_start --vfe --text_out locale)
#
###############################################################################

*******************************************************************************
*** RUNTIME MODEL ATTRIBUTES
***

CppFlavor       = *
__Heap_Handler  = NoFree
__SystemLibrary = DLib
__dlib_version  = 6


*******************************************************************************
*** HEAP SELECTION
***

The no free heap was selected because no calls to memory
deallocation functions were found in the application.


*******************************************************************************
*** PLACEMENT SUMMARY
***

"A0":  place at 0x08000000 { ro section .intvec };
"P1":  place in [from 0x08000000 to 0x080fffff] { ro };
define block CSTACK with size = 4608, alignment = 8 { };
define block HEAP with size = 1536, alignment = 8 { };
"P2":  place in [from 0x20000000 to 0x2001ffff] {
          rw, block CSTACK, block HEAP };
initialize by copy { rw };

  Section            Kind        Address    Size  Object
  -------            ----        -------    ----  ------
"A0":                                      0x188
  .intvec            ro code  0x08000000   0x188  startup_stm32f407xx.o [1]
                            - 0x08000188   0x188

"P1":                                     0x92d7
  .text              ro code  0x08000188  0x10d4  chassis.o [1]
  .text              ro code  0x0800125c    0x48  FltToDbl.o [4]
  .text              ro code  0x080012a4   0x1a2  DblMul.o [4]
  .text              ro code  0x08001446    0x7a  lz77_init_single.o [5]
  .text              ro code  0x080014c0    0x68  DblToFlt.o [4]
  .text              ro code  0x08001528   0x246  DblDiv.o [4]
  .text              ro code  0x0800176e    0x1e  xencoding_8859_1.o [3]
  .text              ro code  0x0800178c    0x20  vec.o [1]
  .text              ro code  0x080017ac   0x178  DblAdd.o [4]
  .text              ro code  0x08001924    0x22  S32ToDbl.o [4]
  .text              ro code  0x08001946    0x1a  math_wrappers64.o [4]
  .text              ro code  0x08001960    0x80  maxon.o [1]
  .text              ro code  0x080019e0    0x3c  vavle.o [1]
  .text              ro code  0x08001a1c   0x678  usart.o [1]
  .text              ro code  0x08002094   0x200  stm32f4xx_hal_gpio.o [1]
  .text              ro code  0x08002294   0x1e0  cos_sin32.o [4]
  .text              ro code  0x08002474    0x1e  sqrtf.o [4]
  .text              ro code  0x08002492    0x1a  xsnprout.o [3]
  .text              ro code  0x080024ac    0x6a  atan2f.o [4]
  .text              ro code  0x08002518    0x84  pid.o [1]
  .text              ro code  0x0800259c   0x102  sqrt.o [4]
  .text              ro code  0x080026a0    0xe2  DblSub.o [4]
  .text              ro code  0x08002788   0x5a0  strto64.o [4]
  .text              ro code  0x08002d28   0x448  cos_sin64.o [4]
  .text              ro code  0x08003170   0x260  can.o [1]
  .text              ro code  0x080033d0   0x7f4  stm32f4xx_hal_uart.o [1]
  .text              ro code  0x08003bc4   0x308  main.o [1]
  .text              ro code  0x08003ecc   0x494  stm32f4xx_hal_dma.o [1]
  .text              ro code  0x08004360    0x3c  vsnprint.o [3]
  .text              ro code  0x0800439c    0x4c  strcpy.o [5]
  .text              ro code  0x080043e8    0x3a  ABImemset48.o [5]
  .text              ro code  0x08004424   0x11c  cmd.o [1]
  .text              ro code  0x08004540    0xa4  xatanf.o [4]
  .text              ro code  0x080045e4    0x70  frexp.o [4]
  .text              ro code  0x08004654   0x13a  ldexp.o [4]
  .text              ro code  0x0800478e   0x122  iar_Stopfx.o [3]
  .text              ro code  0x080048b0   0x1c8  iar_Stoflt.o [3]
  .text              ro code  0x08004a78   0x21c  iar_Stoxflt.o [3]
  .text              ro code  0x08004c94    0x2e  DblCmpLe.o [4]
  .text              ro code  0x08004cc4    0x3a  DblToS32.o [4]
  .text              ro code  0x08004d00   0x8e4  stm32f4xx_hal_can.o [1]
  .text              ro code  0x080055e4   0x148  can_func.o [1]
  .text              ro code  0x0800572c     0xc  stm32f4xx_hal.o [1]
  .text              ro code  0x08005738     0x2  stm32f4xx_hal_uart.o [1]
  .text              ro code  0x0800573a     0x2  stm32f4xx_hal_uart.o [1]
  .text              ro code  0x0800573c     0x2  stm32f4xx_hal_uart.o [1]
  .text              ro code  0x08005740   0x1c0  stm32f4xx_hal_rcc.o [1]
  .text              ro code  0x08005900    0x34  stm32f4xx_hal.o [1]
  .text              ro code  0x08005934   0x3c8  gpio.o [1]
  .text              ro code  0x08005cfc    0x78  dma.o [1]
  .text              ro code  0x08005d74   0x218  tim.o [1]
  .text              ro code  0x08005f8c   0x1e0  robomaster.o [1]
  .text              ro code  0x0800616c    0xcc  valuepack.o [1]
  .text              ro code  0x08006238   0x2f0  stm32f4xx_hal_rcc.o [1]
  .text              ro code  0x08006528   0x10c  stm32f4xx_hal_cortex.o [1]
  .text              ro code  0x08006634   0xf96  xprintffull.o [3]
  .text              ro code  0x080075cc    0x44  no_free_heap0.o [3]
  .text              ro code  0x08007610    0x4a  strcmp.o [5]
  .text              ro code  0x0800765c    0x66  ABImemset.o [5]
  .text              ro code  0x080076c2    0x14  isspace.o [3]
  .text              ro code  0x080076d6    0x14  isalpha.o [3]
  .text              ro code  0x080076ec    0xb0  xlocale_c.o [3]
  .text              ro code  0x0800779c    0x58  memchr.o [5]
  .text              ro code  0x080077f4     0x2  stm32f4xx_hal_can.o [1]
  .text              ro code  0x080077f8    0x28  stm32f4xx_hal.o [1]
  .text              ro code  0x08007820   0x22e  I64DivMod.o [5]
  .text              ro code  0x08007a50    0x94  stm32f4xx_hal_msp.o [1]
  .text              ro code  0x08007ae4   0x588  stm32f4xx_hal_tim.o [1]
  .text              ro code  0x0800806c    0xa8  stm32f4xx_hal_tim_ex.o [1]
  .text              ro code  0x08008114    0x16  strchr.o [5]
  .text              ro code  0x0800812c    0x40  xfail_s.o [3]
  .text              ro code  0x0800816c    0x36  strlen.o [5]
  .text              ro code  0x080081a2     0xa  xmbcurmax.o [3]
  .text              ro code  0x080081ac    0xa6  ABImemcpy.o [5]
  .text              ro code  0x08008254    0x2e  DblCmpGe.o [4]
  .text              ro code  0x08008284    0x28  DblToU32.o [4]
  .text              ro code  0x080082ac    0x1a  U32ToDbl.o [4]
  .text              ro code  0x080082c8    0x2c  xgetmemchunk.o [3]
  .text              ro code  0x080082f4     0x2  I64DivZer.o [5]
  .text              ro code  0x080082f6     0x6  abort.o [3]
  .text              ro code  0x080082fc    0x14  exit.o [6]
  .text              ro code  0x08008310   0x950  cmd_func.o [1]
  .text              ro code  0x08008c60   0x174  iar_Stoulx.o [3]
  .text              ro code  0x08008dd4    0x24  vega_action.o [1]
  .text              ro code  0x08008df8    0x14  tolower.o [3]
  .text              ro code  0x08008e0c    0xa0  stm32f4xx_it.o [1]
  .text              ro code  0x08008eac    0x10  stm32f4xx_hal.o [1]
  .text              ro code  0x08008ebc    0x60  system_stm32f4xx.o [1]
  .text              ro code  0x08008f1c    0x40  zero_init3.o [5]
  .text              ro code  0x08008f5c    0x28  data_init.o [5]
  .text              ro code  0x08008f84    0x22  fpinit_M.o [4]
  .iar.init_table    const    0x08008fa8    0x20  - Linker created -
  .text              ro code  0x08008fc8    0x1e  cmain.o [5]
  .text              ro code  0x08008fe6     0x4  low_level_init.o [3]
  .text              ro code  0x08008fea     0x4  exit.o [3]
  .text              ro code  0x08008ff0     0xa  cexit.o [5]
  .text              ro code  0x08008ffc    0x10  startup_stm32f407xx.o [1]
  .text              ro code  0x0800900c     0xc  cstartup_M.o [5]
  .rodata            const    0x08009018     0x8  system_stm32f4xx.o [1]
  .rodata            const    0x08009020     0x6  xlocale_c.o [3]
  .text              ro code  0x08009026     0x4  startup_stm32f407xx.o [1]
  .text              ro code  0x0800902a     0x4  startup_stm32f407xx.o [1]
  .text              ro code  0x0800902e     0x4  startup_stm32f407xx.o [1]
  .text              ro code  0x08009032     0x4  startup_stm32f407xx.o [1]
  .text              ro code  0x08009036     0x4  startup_stm32f407xx.o [1]
  .text              ro code  0x0800903a     0x4  startup_stm32f407xx.o [1]
  .text              ro code  0x0800903e     0x4  startup_stm32f407xx.o [1]
  .text              ro code  0x08009042     0x4  startup_stm32f407xx.o [1]
  .text              ro code  0x08009046     0x4  startup_stm32f407xx.o [1]
  .text              ro code  0x0800904a     0x4  startup_stm32f407xx.o [1]
  .text              ro code  0x0800904e     0x4  startup_stm32f407xx.o [1]
  .text              ro code  0x08009052     0x4  startup_stm32f407xx.o [1]
  .text              ro code  0x08009056     0x4  startup_stm32f407xx.o [1]
  .text              ro code  0x0800905a     0x4  startup_stm32f407xx.o [1]
  .text              ro code  0x0800905e     0x4  startup_stm32f407xx.o [1]
  .text              ro code  0x08009062     0x4  startup_stm32f407xx.o [1]
  .text              ro code  0x08009066     0x4  startup_stm32f407xx.o [1]
  .text              ro code  0x0800906a     0x4  startup_stm32f407xx.o [1]
  .text              ro code  0x0800906e     0x4  startup_stm32f407xx.o [1]
  .text              ro code  0x08009072     0x4  startup_stm32f407xx.o [1]
  .text              ro code  0x08009076     0x4  startup_stm32f407xx.o [1]
  .text              ro code  0x0800907a     0x4  startup_stm32f407xx.o [1]
  .text              ro code  0x0800907e     0x4  startup_stm32f407xx.o [1]
  .text              ro code  0x08009082     0x4  startup_stm32f407xx.o [1]
  .text              ro code  0x08009086     0x4  startup_stm32f407xx.o [1]
  .text              ro code  0x0800908a     0x4  startup_stm32f407xx.o [1]
  .text              ro code  0x0800908e     0x4  startup_stm32f407xx.o [1]
  .text              ro code  0x08009092     0x4  startup_stm32f407xx.o [1]
  .text              ro code  0x08009096     0x4  startup_stm32f407xx.o [1]
  .text              ro code  0x0800909a     0x4  startup_stm32f407xx.o [1]
  .text              ro code  0x0800909e     0x4  startup_stm32f407xx.o [1]
  .text              ro code  0x080090a2     0x4  startup_stm32f407xx.o [1]
  .text              ro code  0x080090a6     0x4  startup_stm32f407xx.o [1]
  .text              ro code  0x080090aa     0x4  startup_stm32f407xx.o [1]
  .text              ro code  0x080090ae     0x4  startup_stm32f407xx.o [1]
  .text              ro code  0x080090b2     0x4  startup_stm32f407xx.o [1]
  .text              ro code  0x080090b6     0x4  startup_stm32f407xx.o [1]
  .text              ro code  0x080090ba     0x4  startup_stm32f407xx.o [1]
  .text              ro code  0x080090be     0x4  startup_stm32f407xx.o [1]
  .text              ro code  0x080090c2     0x4  startup_stm32f407xx.o [1]
  .text              ro code  0x080090c6     0x4  startup_stm32f407xx.o [1]
  .text              ro code  0x080090ca     0x4  startup_stm32f407xx.o [1]
  .text              ro code  0x080090ce     0x4  startup_stm32f407xx.o [1]
  .text              ro code  0x080090d2     0x4  startup_stm32f407xx.o [1]
  .text              ro code  0x080090d6     0x4  startup_stm32f407xx.o [1]
  .text              ro code  0x080090da     0x4  startup_stm32f407xx.o [1]
  .text              ro code  0x080090de     0x4  startup_stm32f407xx.o [1]
  .text              ro code  0x080090e2     0x4  startup_stm32f407xx.o [1]
  .text              ro code  0x080090e6     0x4  startup_stm32f407xx.o [1]
  .text              ro code  0x080090ea     0x4  startup_stm32f407xx.o [1]
  .text              ro code  0x080090ee     0x4  startup_stm32f407xx.o [1]
  .text              ro code  0x080090f2     0x4  startup_stm32f407xx.o [1]
  .text              ro code  0x080090f6     0x4  startup_stm32f407xx.o [1]
  .text              ro code  0x080090fa     0x4  startup_stm32f407xx.o [1]
  .text              ro code  0x080090fe     0x4  startup_stm32f407xx.o [1]
  .text              ro code  0x08009102     0x4  startup_stm32f407xx.o [1]
  .text              ro code  0x08009106     0x4  startup_stm32f407xx.o [1]
  .text              ro code  0x0800910a     0x4  startup_stm32f407xx.o [1]
  .text              ro code  0x0800910e     0x4  startup_stm32f407xx.o [1]
  .text              ro code  0x08009112     0x4  startup_stm32f407xx.o [1]
  .text              ro code  0x08009116     0x4  startup_stm32f407xx.o [1]
  .text              ro code  0x0800911a     0x4  startup_stm32f407xx.o [1]
  .text              ro code  0x0800911e     0x4  startup_stm32f407xx.o [1]
  .text              ro code  0x08009122     0x4  startup_stm32f407xx.o [1]
  .text              ro code  0x08009126     0x4  startup_stm32f407xx.o [1]
  .text              ro code  0x0800912a     0x4  startup_stm32f407xx.o [1]
  .text              ro code  0x0800912e     0x4  startup_stm32f407xx.o [1]
  .text              ro code  0x08009132     0x4  startup_stm32f407xx.o [1]
  .text              ro code  0x08009136     0x4  startup_stm32f407xx.o [1]
  .text              ro code  0x0800913a     0x4  startup_stm32f407xx.o [1]
  .text              ro code  0x0800913e     0x4  startup_stm32f407xx.o [1]
  .text              ro code  0x08009142     0x4  startup_stm32f407xx.o [1]
  .text              ro code  0x08009146     0x4  startup_stm32f407xx.o [1]
  .rodata            const    0x0800914a     0x0  zero_init3.o [5]
  .rodata            const    0x0800914a     0x0  lz77_init_single.o [5]
  Initializer bytes  const    0x0800914a   0x315  <for P2-1>
                            - 0x0800945f  0x92d7

"P2", part 1 of 3:                        0x11f8
  P2-1                        0x20000000  0x11f8  <Init block>
    .data            inited   0x20000000    0x30  chassis.o [1]
    .data            inited   0x20000030     0xc  can_func.o [1]
    .data            inited   0x2000003c     0xc  can_func.o [1]
    .data            inited   0x20000048    0x84  chassis.o [1]
    .data            inited   0x200000cc     0xc  chassis.o [1]
    .data            inited   0x200000d8     0xc  chassis.o [1]
    .data            inited   0x200000e4    0x20  chassis.o [1]
    .data            inited   0x20000104    0x6c  chassis.o [1]
    .data            inited   0x20000170   0x930  cmd.o [1]
    .data            inited   0x20000aa0    0x24  cmd_func.o [1]
    .data            inited   0x20000ac4   0x320  point_zx.o [1]
    .data            inited   0x20000de4   0x320  point_zx.o [1]
    .data            inited   0x20001104    0x10  robomaster.o [1]
    .data            inited   0x20001114     0x4  system_stm32f4xx.o [1]
    .data            inited   0x20001118     0x4  track.o [1]
    .data            inited   0x2000111c    0x58  usart.o [1]
    .data            inited   0x20001174     0x4  vavle.o [1]
    .data            inited   0x20001178    0x38  xlocale_c.o [3]
    .data            inited   0x200011b0    0x48  xlocale_c.o [3]
                            - 0x200011f8  0x11f8

"P2", part 2 of 3:                         0xb3c
  .bss               zero     0x200011f8   0x190  can.o [1]
  .bss               zero     0x20001388   0x180  usart.o [1]
  .bss               zero     0x20001508    0xd0  usart.o [1]
  .bss               zero     0x200015d8    0xc8  usart.o [1]
  .bss               zero     0x200016a0    0xac  can.o [1]
  .bss               zero     0x2000174c    0xa0  robomaster.o [1]
  .bss               zero     0x200017ec    0x80  robomaster.o [1]
  .bss               zero     0x2000186c    0x80  robomaster.o [1]
  .bss               zero     0x200018ec    0x68  usart.o [1]
  .bss               zero     0x20001954    0x64  usart.o [1]
  .bss               zero     0x200019b8    0x64  usart.o [1]
  .bss               zero     0x20001a1c    0x50  chassis.o [1]
  .bss               zero     0x20001a6c    0x40  can.o [1]
  .bss               zero     0x20001aac    0x40  chassis.o [1]
  .bss               zero     0x20001aec    0x40  usart.o [1]
  .bss               zero     0x20001b2c    0x40  usart.o [1]
  .bss               zero     0x20001b6c    0x40  usart.o [1]
  .bss               zero     0x20001bac    0x40  usart.o [1]
  .bss               zero     0x20001bec    0x3c  tim.o [1]
  .bss               zero     0x20001c28    0x3c  tim.o [1]
  .bss               zero     0x20001c64    0x30  cmd.o [1]
  .bss               zero     0x20001c94    0x18  usart.o [1]
  .bss               zero     0x20001cac    0x18  vavle.o [1]
  .bss               zero     0x20001cc4    0x14  main.o [1]
  .bss               zero     0x20001cd8     0xc  gpio.o [1]
  .bss               zero     0x20001ce4     0xc  valuepack.o [1]
  .bss               zero     0x20001cf0     0x8  can.o [1]
  .bss               zero     0x20001cf8     0x8  can.o [1]
  .bss               zero     0x20001d00     0x8  chassis.o [1]
  .bss               zero     0x20001d08     0x8  chassis.o [1]
  .bss               zero     0x20001d10     0x8  cmd_func.o [1]
  .bss               zero     0x20001d18     0x4  can.o [1]
  .bss               zero     0x20001d1c     0x4  robomaster.o [1]
  .bss               zero     0x20001d20     0x4  stm32f4xx_hal.o [1]
  .bss               zero     0x20001d24     0x4  track.o [1]
  .bss               zero     0x20001d28     0x4  xfail_s.o [3]
  .bss               zero     0x20001d2c     0x4  no_free_heap0.o [3]
  .bss               zero     0x20001d30     0x4  xgetmemchunk.o [3]
                            - 0x20001d34   0xb3c

"P2", part 3 of 3:                        0x1800
  CSTACK                      0x20001d38  0x1200  <Block>
    CSTACK           uninit   0x20001d38  0x1200  <Block tail>
  HEAP                        0x20002f38   0x600  <Block>
    HEAP             uninit   0x20002f38   0x600  <Block tail>
                            - 0x20003538  0x1800


*******************************************************************************
*** INIT TABLE
***

          Address     Size
          -------     ----
Zero (__iar_zero_init3)
    1 destination range, total size 0xb3c:
          0x200011f8   0xb3c

Copy/lz77 (__iar_lz77_init_single3)
    1 source range, total size 0x315 (17% of destination):
          0x0800914a   0x315
    1 destination range, total size 0x11f8:
          0x20000000  0x11f8



*******************************************************************************
*** MODULE SUMMARY
***

    Module                  ro code  ro data  rw data
    ------                  -------  -------  -------
D:\RoboconCode\ok\chassis\EWARM\MR1_Chassis\Obj: [1]
    can.o                       608               656
    can_func.o                  328        4       24
    chassis.o                 4 308       59      504
    cmd.o                       284      403    2 400
    cmd_func.o                2 384        6       44
    dma.o                       120
    gpio.o                      968                12
    main.o                      776                20
    maxon.o                     128
    pid.o                       132
    point_zx.o                           275    1 600
    robomaster.o                480        2      436
    startup_stm32f407xx.o       700
    stm32f4xx_hal.o             120                 4
    stm32f4xx_hal_can.o       2 278
    stm32f4xx_hal_cortex.o      268
    stm32f4xx_hal_dma.o       1 172
    stm32f4xx_hal_gpio.o        512
    stm32f4xx_hal_msp.o         148
    stm32f4xx_hal_rcc.o       1 200
    stm32f4xx_hal_tim.o       1 416
    stm32f4xx_hal_tim_ex.o      168
    stm32f4xx_hal_uart.o      2 042
    stm32f4xx_it.o              160
    system_stm32f4xx.o           96        9        4
    tim.o                       536               120
    track.o                                1        8
    usart.o                   1 656       15    1 464
    valuepack.o                 204                12
    vavle.o                      60        1       28
    vec.o                        32
    vega_action.o                36
    -------------------------------------------------
    Total:                   23 320      775    7 336

command line: [2]
    -------------------------------------------------
    Total:

dl7M_tlf.a: [3]
    abort.o                       6
    exit.o                        4
    iar_Stoflt.o                456
    iar_Stopfx.o                290
    iar_Stoulx.o                372
    iar_Stoxflt.o               540
    isalpha.o                    20
    isspace.o                    20
    low_level_init.o              4
    no_free_heap0.o              68                 4
    tolower.o                    20
    vsnprint.o                   60
    xencoding_8859_1.o           30
    xfail_s.o                    64                 4
    xgetmemchunk.o               44                 4
    xlocale_c.o                 176       28      128
    xmbcurmax.o                  10
    xprintffull.o             3 990
    xsnprout.o                   26
    -------------------------------------------------
    Total:                    6 200       28      140

m7M_tls.a: [4]
    DblAdd.o                    376
    DblCmpGe.o                   46
    DblCmpLe.o                   46
    DblDiv.o                    582
    DblMul.o                    418
    DblSub.o                    226
    DblToFlt.o                  104
    DblToS32.o                   58
    DblToU32.o                   40
    FltToDbl.o                   72
    S32ToDbl.o                   34
    U32ToDbl.o                   26
    atan2f.o                    106
    cos_sin32.o                 480
    cos_sin64.o               1 096
    fpinit_M.o                   34
    frexp.o                     112
    ldexp.o                     314
    math_wrappers64.o            26
    sqrt.o                      258
    sqrtf.o                      30
    strto64.o                 1 440
    xatanf.o                    164
    -------------------------------------------------
    Total:                    6 088

rt7M_tl.a: [5]
    ABImemcpy.o                 166
    ABImemset.o                 102
    ABImemset48.o                58
    I64DivMod.o                 558
    I64DivZer.o                   2
    cexit.o                      10
    cmain.o                      30
    cstartup_M.o                 12
    data_init.o                  40
    lz77_init_single.o          122
    memchr.o                     88
    strchr.o                     22
    strcmp.o                     74
    strcpy.o                     76
    strlen.o                     54
    zero_init3.o                 64
    -------------------------------------------------
    Total:                    1 478

shb_l.a: [6]
    exit.o                       20
    -------------------------------------------------
    Total:                       20

    Gaps                         40        2
    Linker created                        32    6 144
-----------------------------------------------------
    Grand Total:             37 146      837   13 620


*******************************************************************************
*** ENTRY LIST
***

Entry                      Address   Size  Type      Object
-----                      -------   ----  ----      ------
.iar.init_table$$Base   0x08008fa8          --   Gb  - Linker created -
.iar.init_table$$Limit  0x08008fc8          --   Gb  - Linker created -
?main                   0x08008fc9         Code  Gb  cmain.o [5]
AHBPrescTable           0x08008f0c   0x10  Data  Gb  system_stm32f4xx.o [1]
APBPrescTable           0x08009018    0x8  Data  Gb  system_stm32f4xx.o [1]
BoostAndSlowUpdate      0x08000b91   0xe2  Code  Gb  chassis.o [1]
Boost_Period            0x20000118    0x4  Data  Gb  chassis.o [1]
BusFault_Handler        0x08008e13    0x2  Code  Gb  stm32f4xx_it.o [1]
CAN1_RX0_IRQHandler     0x08008e37    0x6  Code  Gb  stm32f4xx_it.o [1]
CAN_LIST_MATCH          0x08003305   0x2c  Code  Gb  can.o [1]
CAN_Receive_IT          0x08005493  0x152  Code  Lc  stm32f4xx_hal_can.o [1]
CAN_Transmit_IT         0x0800543d   0x56  Code  Lc  stm32f4xx_hal_can.o [1]
CSTACK$$Base            0x20001d38          --   Gb  - Linker created -
CSTACK$$Limit           0x20002f38          --   Gb  - Linker created -
CacheMore               0x0800772d   0x24  Code  Lc  xlocale_c.o [3]
ChassisHandle           0x20001aac   0x3c  Data  Gb  chassis.o [1]
ChassisSignal           0x20001a1c   0x50  Data  Gb  chassis.o [1]
Chassis_State           0x200000c0    0x4  Data  Gb  chassis.o [1]
Configure_Filter        0x08003289   0x28  Code  Gb  can.o [1]
DMA1_Stream1_IRQHandler
                        0x08008e2b    0x6  Code  Gb  stm32f4xx_it.o [1]
DMA1_Stream3_IRQHandler
                        0x08008e31    0x6  Code  Gb  stm32f4xx_it.o [1]
DMA2_Stream2_IRQHandler
                        0x08008e7f    0x6  Code  Gb  stm32f4xx_it.o [1]
DMA2_Stream7_IRQHandler
                        0x08008e85    0x6  Code  Gb  stm32f4xx_it.o [1]
DMAUSART_RX_BUF         0x20001508   0x64  Data  Gb  usart.o [1]
DMAUSART_RX_BUF_vega    0x200019b8   0x64  Data  Gb  usart.o [1]
DMA_CalcBaseAndBitshift
                        0x080042bd   0x28  Code  Lc  stm32f4xx_hal_dma.o [1]
DMA_CalcBaseAndBitshift::flagBitshiftOffset
                        0x08004358    0x8  Data  Lc  stm32f4xx_hal_dma.o [1]
DMA_CheckFifoParam      0x080042e5   0x72  Code  Lc  stm32f4xx_hal_dma.o [1]
DMA_RxOK_Flag           0x2000156c    0x4  Data  Gb  usart.o [1]
DMA_RxOK_Flag_vega      0x20001570    0x4  Data  Gb  usart.o [1]
DMA_SetConfig           0x08004291   0x2a  Code  Lc  stm32f4xx_hal_dma.o [1]
DMAaRxBuffer            0x20001574   0x64  Data  Gb  usart.o [1]
DMAaRxBuffer_vega       0x20001954   0x64  Data  Gb  usart.o [1]
DebugMon_Handler        0x08008e19    0x2  Code  Gb  stm32f4xx_it.o [1]
Dtentox                 0x0800293d  0x19a  Code  Lc  strto64.o [4]
ENBALE_POINT_COLLECTION_TRACER
                        0x20000138    0x4  Data  Gb  chassis.o [1]
ERR_angle_m0            0x200000d4    0x4  Data  Gb  chassis.o [1]
ERR_angle_m1            0x200000d0    0x4  Data  Gb  chassis.o [1]
ERR_angle_m3            0x200000cc    0x4  Data  Gb  chassis.o [1]
HAL_CAN_ConfigFilter    0x08004e51   0xe0  Code  Gb  stm32f4xx_hal_can.o [1]
HAL_CAN_ErrorCallback   0x0800335d   0x24  Code  Gb  can.o [1]
HAL_CAN_IRQHandler      0x080051df  0x240  Code  Gb  stm32f4xx_hal_can.o [1]
HAL_CAN_Init            0x08004d01  0x150  Code  Gb  stm32f4xx_hal_can.o [1]
HAL_CAN_MspInit         0x080031b9   0x48  Code  Gb  can.o [1]
HAL_CAN_Receive_IT      0x0800511b   0xc4  Code  Gb  stm32f4xx_hal_can.o [1]
HAL_CAN_RxCpltCallback  0x08003331   0x2c  Code  Gb  can.o [1]
HAL_CAN_Transmit        0x08004f31  0x1ea  Code  Gb  stm32f4xx_hal_can.o [1]
HAL_DMA_Abort           0x08004005   0x8a  Code  Gb  stm32f4xx_hal_dma.o [1]
HAL_DMA_Abort_IT        0x0800408f   0x24  Code  Gb  stm32f4xx_hal_dma.o [1]
HAL_DMA_IRQHandler      0x080040b3  0x1d2  Code  Gb  stm32f4xx_hal_dma.o [1]
HAL_DMA_Init            0x08003ecd   0xc8  Code  Gb  stm32f4xx_hal_dma.o [1]
HAL_DMA_Start_IT        0x08003f95   0x70  Code  Gb  stm32f4xx_hal_dma.o [1]
HAL_GPIO_Init           0x08002095  0x1a8  Code  Gb  stm32f4xx_hal_gpio.o [1]
HAL_GPIO_ReadPin        0x0800223d   0x10  Code  Gb  stm32f4xx_hal_gpio.o [1]
HAL_GPIO_TogglePin      0x0800225f    0x8  Code  Gb  stm32f4xx_hal_gpio.o [1]
HAL_GPIO_WritePin       0x0800224d   0x12  Code  Gb  stm32f4xx_hal_gpio.o [1]
HAL_GetTick             0x0800572d    0xc  Code  Wk  stm32f4xx_hal.o [1]
HAL_IncTick             0x08008ead   0x10  Code  Wk  stm32f4xx_hal.o [1]
HAL_Init                0x08005901   0x30  Code  Gb  stm32f4xx_hal.o [1]
HAL_InitTick            0x080077f9   0x28  Code  Wk  stm32f4xx_hal.o [1]
HAL_MspInit             0x08007a51   0x94  Code  Gb  stm32f4xx_hal_msp.o [1]
HAL_NVIC_EnableIRQ      0x080065fb    0x2  Code  Gb  stm32f4xx_hal_cortex.o [1]
HAL_NVIC_SetPriority    0x080065dd   0x1e  Code  Gb  stm32f4xx_hal_cortex.o [1]
HAL_NVIC_SetPriorityGrouping
                        0x080065db    0x2  Code  Gb  stm32f4xx_hal_cortex.o [1]
HAL_RCC_ClockConfig     0x08005741  0x110  Code  Gb  stm32f4xx_hal_rcc.o [1]
HAL_RCC_GetHCLKFreq     0x08005851    0x6  Code  Gb  stm32f4xx_hal_rcc.o [1]
HAL_RCC_GetPCLK1Freq    0x08005857   0x16  Code  Gb  stm32f4xx_hal_rcc.o [1]
HAL_RCC_GetPCLK2Freq    0x0800586d   0x16  Code  Gb  stm32f4xx_hal_rcc.o [1]
HAL_RCC_OscConfig       0x08006239  0x2f0  Code  Wk  stm32f4xx_hal_rcc.o [1]
HAL_SYSTICK_CLKSourceConfig
                        0x080065ff   0x18  Code  Gb  stm32f4xx_hal_cortex.o [1]
HAL_SYSTICK_Callback    0x08003da1   0xc0  Code  Gb  main.o [1]
HAL_SYSTICK_Callback::delay_time_cnt
                        0x20001cd4    0x4  Data  Lc  main.o [1]
HAL_SYSTICK_Callback::time_1ms_cnt
                        0x20001cd0    0x4  Data  Lc  main.o [1]
HAL_SYSTICK_Config      0x080065fd    0x2  Code  Gb  stm32f4xx_hal_cortex.o [1]
HAL_SYSTICK_IRQHandler  0x08006631    0x4  Code  Gb  stm32f4xx_hal_cortex.o [1]
HAL_TIMEx_ConfigBreakDeadTime
                        0x080080b9   0x5c  Code  Gb  stm32f4xx_hal_tim_ex.o [1]
HAL_TIMEx_MasterConfigSynchronization
                        0x0800806d   0x4c  Code  Gb  stm32f4xx_hal_tim_ex.o [1]
HAL_TIM_Base_Init       0x08007ae5   0x32  Code  Gb  stm32f4xx_hal_tim.o [1]
HAL_TIM_Base_MspInit    0x08005ec5   0x26  Code  Gb  tim.o [1]
HAL_TIM_ConfigClockSource
                        0x08007c63   0xfe  Code  Gb  stm32f4xx_hal_tim.o [1]
HAL_TIM_MspPostInit     0x08005eeb   0x2e  Code  Gb  tim.o [1]
HAL_TIM_PWM_ConfigChannel
                        0x08007b91   0xd2  Code  Gb  stm32f4xx_hal_tim.o [1]
HAL_TIM_PWM_Init        0x08007b17   0x32  Code  Gb  stm32f4xx_hal_tim.o [1]
HAL_TIM_PWM_MspInit     0x08005e9f   0x26  Code  Gb  tim.o [1]
HAL_TIM_PWM_Start       0x08007b49   0x3e  Code  Gb  stm32f4xx_hal_tim.o [1]
HAL_UART_DMAStop        0x08003591   0x64  Code  Gb  stm32f4xx_hal_uart.o [1]
HAL_UART_ErrorCallback  0x08001e3d   0x44  Code  Gb  usart.o [1]
HAL_UART_IDLECallback   0x08001e9b   0xb2  Code  Gb  usart.o [1]
HAL_UART_IRQHandler     0x080035f5  0x10c  Code  Gb  stm32f4xx_hal_uart.o [1]
HAL_UART_Init           0x080033d1   0x5e  Code  Gb  stm32f4xx_hal_uart.o [1]
HAL_UART_MspInit        0x08001b4b  0x2c8  Code  Gb  usart.o [1]
HAL_UART_Receive_DMA    0x080034f7   0x9a  Code  Gb  stm32f4xx_hal_uart.o [1]
HAL_UART_Transmit       0x0800342f   0xc8  Code  Gb  stm32f4xx_hal_uart.o [1]
HEAP$$Base              0x20002f38          --   Gb  - Linker created -
HEAP$$Limit             0x20003538          --   Gb  - Linker created -
HardFault_Handler       0x08008e0f    0x2  Code  Gb  stm32f4xx_it.o [1]
LoadInt                 0x08006823   0x7a  Code  Lc  xprintffull.o [3]
M2006_init              0x08006049   0x4e  Code  Gb  robomaster.o [1]
M3508_init              0x08006099   0x4e  Code  Gb  robomaster.o [1]
MX_CAN1_Init            0x08003171   0x48  Code  Gb  can.o [1]
MX_DMA_Init             0x08005cfd   0x78  Code  Gb  dma.o [1]
MX_GPIO_Init            0x08005935  0x28e  Code  Gb  gpio.o [1]
MX_NVIC_Init            0x08003d59   0x46  Code  Lc  main.o [1]
MX_TIM1_Init            0x08005d75   0xc0  Code  Gb  tim.o [1]
MX_TIM3_Init            0x08005e35   0x6a  Code  Gb  tim.o [1]
MX_UART4_Init           0x08001a1d   0x3c  Code  Gb  usart.o [1]
MX_UART5_Init           0x08001a59   0x3c  Code  Gb  usart.o [1]
MX_USART1_UART_Init     0x08001a95   0x3c  Code  Gb  usart.o [1]
MX_USART2_UART_Init     0x08001ad1   0x3c  Code  Gb  usart.o [1]
MX_USART3_UART_Init     0x08001b0d   0x3e  Code  Gb  usart.o [1]
MemManage_Handler       0x08008e11    0x2  Code  Gb  stm32f4xx_it.o [1]
NMI_Handler             0x08008e0d    0x2  Code  Gb  stm32f4xx_it.o [1]
NVIC_EnableIRQ          0x0800654d   0x12  Code  Lc  stm32f4xx_hal_cortex.o [1]
NVIC_EncodePriority     0x0800657d   0x36  Code  Lc  stm32f4xx_hal_cortex.o [1]
NVIC_GetPriorityGrouping
                        0x08006543    0xa  Code  Lc  stm32f4xx_hal_cortex.o [1]
NVIC_SetPriority        0x0800655f   0x1e  Code  Lc  stm32f4xx_hal_cortex.o [1]
NVIC_SetPriorityGrouping
                        0x08006529   0x1a  Code  Lc  stm32f4xx_hal_cortex.o [1]
PID_Release_zx          0x08002519   0x7c  Code  Gb  pid.o [1]
PID_init                0x080060e9   0x44  Code  Gb  robomaster.o [1]
PendSV_Handler          0x08008e1b    0x2  Code  Gb  stm32f4xx_it.o [1]
Region$$Table$$Base     0x08008fa8          --   Gb  - Linker created -
Region$$Table$$Limit    0x08008fc8          --   Gb  - Linker created -
Robomaster_Position_PID
                        0x2000186c   0x80  Data  Gb  robomaster.o [1]
Robomaster_Speed_PID    0x200017ec   0x80  Data  Gb  robomaster.o [1]
RxMessage               0x2000170c   0x24  Data  Lc  can.o [1]
SVC_Handler             0x08008e17    0x2  Code  Gb  stm32f4xx_it.o [1]
Slow_Period             0x2000011c    0x4  Data  Gb  chassis.o [1]
SysTick_Config          0x080065b3   0x28  Code  Lc  stm32f4xx_hal_cortex.o [1]
SysTick_Handler         0x08008e1d    0xe  Code  Gb  stm32f4xx_it.o [1]
SystemClock_Config      0x08003c9d   0xbc  Code  Gb  main.o [1]
SystemCoreClock         0x20001114    0x4  Data  Gb  system_stm32f4xx.o [1]
SystemInit              0x08008ebd   0x3a  Code  Gb  system_stm32f4xx.o [1]
TIM_Base_SetConfig      0x08007d61   0xda  Code  Gb  stm32f4xx_hal_tim.o [1]
TIM_CCxChannelCmd       0x08007ea1   0x1a  Code  Gb  stm32f4xx_hal_tim.o [1]
TIM_ETR_SetConfig       0x08008057   0x16  Code  Lc  stm32f4xx_hal_tim.o [1]
TIM_ITRx_SetConfig      0x08008047   0x10  Code  Lc  stm32f4xx_hal_tim.o [1]
TIM_OC1_SetConfig       0x08007ebd   0x5c  Code  Lc  stm32f4xx_hal_tim.o [1]
TIM_OC2_SetConfig       0x08007e3b   0x64  Code  Gb  stm32f4xx_hal_tim.o [1]
TIM_OC3_SetConfig       0x08007f19   0x62  Code  Lc  stm32f4xx_hal_tim.o [1]
TIM_OC4_SetConfig       0x08007f7b   0x52  Code  Lc  stm32f4xx_hal_tim.o [1]
TIM_TI1_ConfigInputStage
                        0x08007ffd   0x24  Code  Lc  stm32f4xx_hal_tim.o [1]
TIM_TI2_ConfigInputStage
                        0x08008021   0x26  Code  Lc  stm32f4xx_hal_tim.o [1]
TxMessage               0x20001730   0x1c  Data  Lc  can.o [1]
UART_DMAAbortOnError    0x0800382d    0xc  Code  Lc  stm32f4xx_hal_uart.o [1]
UART_DMAError           0x08003741   0x56  Code  Lc  stm32f4xx_hal_uart.o [1]
UART_DMAReceiveCplt     0x08003701   0x38  Code  Lc  stm32f4xx_hal_uart.o [1]
UART_DMARxHalfCplt      0x08003739    0x6  Code  Lc  stm32f4xx_hal_uart.o [1]
UART_EndRxTransfer      0x0800380f   0x1c  Code  Lc  stm32f4xx_hal_uart.o [1]
UART_EndTransmit_IT     0x0800389b   0x1a  Code  Lc  stm32f4xx_hal_uart.o [1]
UART_EndTxTransfer      0x080037fd   0x12  Code  Lc  stm32f4xx_hal_uart.o [1]
UART_Receive_IT         0x080038b5   0x8e  Code  Lc  stm32f4xx_hal_uart.o [1]
UART_SetConfig          0x08003943  0x274  Code  Lc  stm32f4xx_hal_uart.o [1]
UART_Transmit_IT        0x08003839   0x62  Code  Lc  stm32f4xx_hal_uart.o [1]
UART_WaitOnFlagUntilTimeout
                        0x08003797   0x66  Code  Lc  stm32f4xx_hal_uart.o [1]
USART1_IRQHandler       0x08008e3d   0x1e  Code  Gb  stm32f4xx_it.o [1]
USART2_IRQHandler       0x08008e5b    0x6  Code  Gb  stm32f4xx_it.o [1]
USART3_IRQHandler       0x08008e61   0x1e  Code  Gb  stm32f4xx_it.o [1]
USART_RX_BUF            0x200015d8   0xc8  Data  Gb  usart.o [1]
UsageFault_Handler      0x08008e15    0x2  Code  Gb  stm32f4xx_it.o [1]
_Encoding_8859_1_Mbrlen
                        0x08001781    0x2  Code  Gb  xencoding_8859_1.o [3]
_Encoding_8859_1_Wctomb
                        0x0800176f   0x12  Code  Gb  xencoding_8859_1.o [3]
_Error_Handler          0x08003e99    0x2  Code  Gb  main.o [1]
_GenldFull              0x080072a5  0x274  Code  Lc  xprintffull.o [3]
_LdtobFull              0x08006e79  0x3fe  Code  Lc  xprintffull.o [3]
_LitobFull              0x08006d21  0x112  Code  Lc  xprintffull.o [3]
_LocaleC_isalpha        0x080076f3    0xc  Code  Gb  xlocale_c.o [3]
_LocaleC_islower        0x080076ed    0x4  Code  Gb  xlocale_c.o [3]
_LocaleC_isspace        0x08007709   0x14  Code  Gb  xlocale_c.o [3]
_LocaleC_isupper        0x080076f1    0x2  Code  Gb  xlocale_c.o [3]
_LocaleC_tolower        0x0800771d    0xc  Code  Gb  xlocale_c.o [3]
_Locale_lconv           0x20001178   0x38  Data  Lc  xlocale_c.o [3]
_PrintfFull             0x08006635  0x1d6  Code  Gb  xprintffull.o [3]
_PutcharsFull           0x08007519   0x2e  Code  Lc  xprintffull.o [3]
_PutfldFull             0x0800689d  0x2d0  Code  Lc  xprintffull.o [3]
_PutstrFull             0x08006c63   0xbe  Code  Lc  xprintffull.o [3]
_PuttxtFull             0x08006b6d   0xf6  Code  Lc  xprintffull.o [3]
_SNProut                0x08002493   0x1a  Code  Gb  xsnprout.o [3]
__aeabi_cdcmple         0x08004c95         Code  Gb  DblCmpLe.o [4]
__aeabi_cdrcmple        0x08008255         Code  Gb  DblCmpGe.o [4]
__aeabi_d2f             0x080014c1         Code  Gb  DblToFlt.o [4]
__aeabi_d2iz            0x08004cc5         Code  Gb  DblToS32.o [4]
__aeabi_d2uiz           0x08008285         Code  Gb  DblToU32.o [4]
__aeabi_dadd            0x080017ad         Code  Gb  DblAdd.o [4]
__aeabi_ddiv            0x08001529         Code  Gb  DblDiv.o [4]
__aeabi_dmul            0x080012a5         Code  Gb  DblMul.o [4]
__aeabi_dsub            0x080026a1         Code  Gb  DblSub.o [4]
__aeabi_f2d             0x0800125d         Code  Gb  FltToDbl.o [4]
__aeabi_i2d             0x08001925         Code  Gb  S32ToDbl.o [4]
__aeabi_ldiv0           0x080082f5         Code  Gb  I64DivZer.o [5]
__aeabi_memcpy          0x080081ad         Code  Gb  ABImemcpy.o [5]
__aeabi_memcpy4         0x080081cd         Code  Gb  ABImemcpy.o [5]
__aeabi_memcpy8         0x080081cd         Code  Gb  ABImemcpy.o [5]
__aeabi_memset          0x0800765d         Code  Gb  ABImemset.o [5]
__aeabi_memset4         0x080043e9         Code  Gb  ABImemset48.o [5]
__aeabi_memset8         0x080043e9         Code  Gb  ABImemset48.o [5]
__aeabi_ui2d            0x080082ad         Code  Gb  U32ToDbl.o [4]
__aeabi_uldivmod        0x08007821         Code  Gb  I64DivMod.o [5]
__cmain                 0x08008fc9         Code  Gb  cmain.o [5]
__data_GetMemChunk      0x080082c9   0x2c  Code  Gb  xgetmemchunk.o [3]
__data_GetMemChunk::start
                        0x20001d30    0x4  Data  Lc  xgetmemchunk.o [3]
__exit                  0x080082fd   0x14  Code  Gb  exit.o [6]
__iar_Fail_s            0x0800812d   0x1c  Code  Gb  xfail_s.o [3]
__iar_Mbcurmax          0x080081a3    0xa  Code  Gb  xmbcurmax.o [3]
__iar_Memchr            0x0800779d         Code  Gb  memchr.o [5]
__iar_Memset            0x0800765d         Code  Gb  ABImemset.o [5]
__iar_Memset4_word      0x080043f1         Code  Gb  ABImemset48.o [5]
__iar_Memset8_word      0x080043f1         Code  Gb  ABImemset48.o [5]
__iar_Memset_word       0x08007665         Code  Gb  ABImemset.o [5]
__iar_Sin32             0x08002295  0x198  Code  Lc  cos_sin32.o [4]
__iar_Sin64             0x08002d29  0x3b2  Code  Lc  cos_sin64.o [4]
__iar_Sto64             0x08002ae9  0x1a6  Code  Gb  strto64.o [4]
__iar_Stoflt            0x080048b1  0x1c8  Code  Gb  iar_Stoflt.o [3]
__iar_Stopfx            0x0800478f  0x122  Code  Gb  iar_Stopfx.o [3]
__iar_Stoulx            0x08008c61  0x112  Code  Gb  iar_Stoulx.o [3]
__iar_Stoxflt           0x08004a79  0x1e6  Code  Gb  iar_Stoxflt.o [3]
__iar_Stoxflt::digits   0x08004c64   0x18  Data  Lc  iar_Stoxflt.o [3]
__iar_Stoxflt::vals     0x08004c7c   0x18  Data  Lc  iar_Stoxflt.o [3]
__iar_Strchr            0x08008115         Code  Gb  strchr.o [5]
__iar_atan2_32          0x080024ad         Code  Gb  atan2f.o [4]
__iar_cos32             0x0800246d    0x4  Code  Gb  cos_sin32.o [4]
__iar_cos64             0x0800316d    0x4  Code  Gb  cos_sin64.o [4]
__iar_cos_medium        0x0800316d    0x4  Code  Gb  cos_sin64.o [4]
__iar_cos_medium32      0x0800246d    0x4  Code  Gb  cos_sin32.o [4]
__iar_cos_medium64      0x0800316d    0x4  Code  Gb  cos_sin64.o [4]
__iar_cos_mediumf       0x0800246d    0x4  Code  Gb  cos_sin32.o [4]
__iar_cos_mediuml       0x0800316d    0x4  Code  Gb  cos_sin64.o [4]
__iar_dadd              0x080026b1         Code  Gb  DblSub.o [4]
__iar_data_init3        0x08008f5d   0x28  Code  Gb  data_init.o [5]
__iar_dsub              0x080017bd         Code  Gb  DblAdd.o [4]
__iar_dsubStart         0x080017cf         Code  Gb  DblAdd.o [4]
__iar_frexp             0x080045f1         Code  Gb  frexp.o [4]
__iar_frexpl            0x080045f1         Code  Gb  frexp.o [4]
__iar_globLocale        0x200011b0   0x48  Data  Lc  xlocale_c.o [3]
__iar_global_Locale     0x08007729    0x4  Code  Gb  xlocale_c.o [3]
__iar_init_vfp          0x08008f85         Code  Gb  fpinit_M.o [4]
__iar_ldexp64           0x08004655         Code  Gb  ldexp.o [4]
__iar_lz77_init_single3
                        0x08001447   0x7a  Code  Gb  lz77_init_single.o [5]
__iar_program_start     0x0800900d         Code  Gb  cstartup_M.o [5]
__iar_scalbln64         0x08004655         Code  Gb  ldexp.o [4]
__iar_scalbn64          0x08004655         Code  Gb  ldexp.o [4]
__iar_sin32             0x08002471    0x4  Code  Gb  cos_sin32.o [4]
__iar_sin_medium32      0x08002471    0x4  Code  Gb  cos_sin32.o [4]
__iar_sin_mediumf       0x08002471    0x4  Code  Gb  cos_sin32.o [4]
__iar_softfp___iar_frexp64
                        0x080045e5         Code  Gb  frexp.o [4]
__iar_softfp_frexp      0x080045e5         Code  Gb  frexp.o [4]
__iar_softfp_frexpl     0x080045e5         Code  Gb  frexp.o [4]
__iar_sqrt32            0x08002475         Code  Gb  sqrtf.o [4]
__iar_sqrt64            0x080025ad         Code  Gb  sqrt.o [4]
__iar_systems$$module {Abs}
                        0x00000001         Data  Gb  command line/config [2]
__iar_vfp___iar_sqrt64  0x0800259d         Code  Gb  sqrt.o [4]
__iar_vfp_atof          0x0800194d    0x8  Code  Gb  math_wrappers64.o [4]
__iar_vfp_cos           0x08001955    0xc  Code  Gb  math_wrappers64.o [4]
__iar_vfp_sqrt          0x0800259d         Code  Gb  sqrt.o [4]
__iar_vfp_sqrtl         0x0800259d         Code  Gb  sqrt.o [4]
__iar_xatanf            0x08004541         Code  Gb  xatanf.o [4]
__iar_zero_init3        0x08008f1d   0x40  Code  Gb  zero_init3.o [5]
__low_level_init        0x08008fe7    0x4  Code  Gb  low_level_init.o [3]
__no_free_malloc        0x080075cd   0x40  Code  Gb  no_free_heap0.o [3]
__vector_table          0x08000000         Data  Gb  startup_stm32f407xx.o [1]
_call_main              0x08008fd5         Code  Gb  cmain.o [5]
_exit                   0x08008ff1         Code  Gb  cexit.o [5]
_gLocale_mblen          0x08007789    0x4  Code  Gb  xlocale_c.o [3]
_gLocale_mblenInt       0x08007751   0x34  Code  Gb  xlocale_c.o [3]
_gLocale_wctomb         0x0800778d    0x4  Code  Gb  xlocale_c.o [3]
_gLocale_wctombInt      0x08007785    0x4  Code  Gb  xlocale_c.o [3]
_main                   0x08008fe3         Code  Gb  cmain.o [5]
abort                   0x080082f7    0x6  Code  Gb  abort.o [3]
action_init_posx        0x20001d00    0x4  Data  Gb  chassis.o [1]
action_init_posy        0x20001d04    0x4  Data  Gb  chassis.o [1]
after_throw_continue_track_flag
                        0x20001cb4    0x4  Data  Gb  vavle.o [1]
atan2f                  0x080024ad         Code  Gb  atan2f.o [4]
atof                    0x08002cd5    0x8  Code  Gb  strto64.o [4]
atoi                    0x08008d79    0x2  Code  Gb  iar_Stoulx.o [3]
canList                 0x200011f8  0x190  Data  Gb  can.o [1]
can_RX_data             0x20001cf0    0x8  Data  Gb  can.o [1]
can_TX_data             0x20001cf8    0x8  Data  Gb  can.o [1]
can_add_callback        0x080032e9   0x1c  Code  Gb  can.o [1]
can_ccd_handle          0x0800569d   0x32  Code  Gb  can_func.o [1]
can_func_init           0x080055e5   0x4c  Code  Gb  can_func.o [1]
can_id_init             0x08003201   0x52  Code  Gb  can.o [1]
can_init                0x08003253   0x36  Code  Gb  can.o [1]
can_robomaster_rcv      0x08005f8d   0xae  Code  Gb  robomaster.o [1]
can_robomaster_rcv::first_flag
                        0x20001104   0x10  Data  Lc  robomaster.o [1]
can_send_msg            0x080032b1   0x38  Code  Gb  can.o [1]
can_send_slide_pos      0x080056cf   0x30  Code  Gb  can_func.o [1]
canlistnum              0x20001d18    0x4  Data  Lc  can.o [1]
catch_bone_modify_x     0x20001ae8    0x4  Data  Gb  chassis.o [1]
ccd_kd                  0x20000038    0x4  Data  Gb  can_func.o [1]
ccd_kp                  0x20000034    0x4  Data  Gb  can_func.o [1]
ccd_pid                 0x08005631   0x6a  Code  Gb  can_func.o [1]
ccd_pid::last           0x2000003c    0x2  Data  Lc  can_func.o [1]
ccd_pos                 0x20000030    0x2  Data  Gb  can_func.o [1]
chassis                 0x20000048   0x48  Data  Gb  chassis.o [1]
chassis_PID_Angle_Control
                        0x08000335   0x34  Code  Gb  chassis.o [1]
chassis_PID_Angle_Control::angle_last_err
                        0x200000e0    0x4  Data  Lc  chassis.o [1]
chassis_angle_subtract  0x080002d5   0x60  Code  Gb  chassis.o [1]
chassis_arena           0x20000090    0x4  Data  Gb  chassis.o [1]
chassis_flag            0x20001cc8    0x4  Data  Gb  main.o [1]
chassis_gostraight      0x08000369  0x140  Code  Gb  chassis.o [1]
chassis_gostraight_zx   0x080004b1  0x140  Code  Gb  chassis.o [1]
chassis_handle          0x08000645  0x28e  Code  Gb  chassis.o [1]
chassis_init            0x080001ad   0x1c  Code  Gb  chassis.o [1]
chassis_init_pos        0x080001c9   0x32  Code  Gb  chassis.o [1]
chassis_poscnt          0x20000094    0x4  Data  Gb  chassis.o [1]
chassis_posnum          0x200000a8    0x4  Data  Gb  chassis.o [1]
chassis_rocker          0x080008dd   0x50  Code  Gb  chassis.o [1]
chassis_speed_max       0x200000a4    0x4  Data  Gb  chassis.o [1]
chassis_turn_angle_KD   0x200000dc    0x4  Data  Gb  chassis.o [1]
chassis_turn_angle_KP   0x200000d8    0x4  Data  Gb  chassis.o [1]
chassis_update          0x080001fd   0xd8  Code  Gb  chassis.o [1]
chassis_vector_d        0x20000000    0x8  Data  Gb  chassis.o [1]
chassis_vector_vx       0x20000008    0x8  Data  Gb  chassis.o [1]
chassis_zero            0x08000189   0x24  Code  Gb  chassis.o [1]
cmd_angle_pid           0x080083b9   0x2e  Code  Gb  cmd_func.o [1]
cmd_argv                0x20001c64   0x30  Data  Gb  cmd.o [1]
cmd_chassis_gostraight  0x080085b9   0x94  Code  Gb  cmd_func.o [1]
cmd_chassis_pid         0x08008505   0x5a  Code  Gb  cmd_func.o [1]
cmd_debug_func          0x08008419   0x44  Code  Gb  cmd_func.o [1]
cmd_exec                0x080044ad   0x48  Code  Gb  cmd.o [1]
cmd_go_straight_func    0x0800834b   0x38  Code  Gb  cmd_func.o [1]
cmd_go_to_point_for_test
                        0x0800897d   0x72  Code  Gb  cmd_func.o [1]
cmd_hello_func          0x08008311   0x3a  Code  Gb  cmd_func.o [1]
cmd_help_func           0x080044f5   0x28  Code  Gb  cmd.o [1]
cmd_init                0x08004425   0x1a  Code  Gb  cmd.o [1]
cmd_line_control_PID    0x0800891d   0x60  Code  Gb  cmd_func.o [1]
cmd_line_control_test   0x080088bf   0x58  Code  Gb  cmd_func.o [1]
cmd_open_box1           0x080085af    0xa  Code  Gb  cmd_func.o [1]
cmd_param_func          0x0800845d   0x3c  Code  Gb  cmd_func.o [1]
cmd_parse               0x0800443f   0x6e  Code  Gb  cmd.o [1]
cmd_point_collection_tracer
                        0x0800884d   0x2c  Code  Gb  cmd_func.o [1]
cmd_point_tracer        0x08008793   0xa4  Code  Gb  cmd_func.o [1]
cmd_print_angle         0x0800864d   0x1e  Code  Gb  cmd_func.o [1]
cmd_print_pos           0x080083e7   0x32  Code  Gb  cmd_func.o [1]
cmd_r_sp_pid            0x080084d7    0x2  Code  Gb  cmd_func.o [1]
cmd_r_speed             0x080084d9    0x2  Code  Gb  cmd_func.o [1]
cmd_reset_vega          0x08008383   0x36  Code  Gb  cmd_func.o [1]
cmd_robomaster_position
                        0x08008499   0x3e  Code  Gb  cmd_func.o [1]
cmd_set_boost_slow      0x08008879   0x46  Code  Gb  cmd_func.o [1]
cmd_slide_pos           0x0800855f   0x50  Code  Gb  cmd_func.o [1]
cmd_start_point_tracer  0x080086e7   0x66  Code  Gb  cmd_func.o [1]
cmd_tbl                 0x20000170  0x930  Data  Lc  cmd.o [1]
cmd_test_angle          0x0800866d   0x7a  Code  Gb  cmd_func.o [1]
cmd_upper_func          0x080084eb   0x1a  Code  Gb  cmd_func.o [1]
cmd_valve_open          0x080084db   0x10  Code  Gb  cmd_func.o [1]
cmd_vega_init           0x08008837   0x14  Code  Gb  cmd_func.o [1]
combine_vec             0x20000104    0x8  Data  Gb  chassis.o [1]
cos                     0x0800316d    0x4  Code  Gb  cos_sin64.o [4]
cosf                    0x0800246d    0x4  Code  Gb  cos_sin32.o [4]
cosl                    0x0800316d    0x4  Code  Gb  cos_sin64.o [4]
count                   0x2000013c    0x4  Data  Gb  chassis.o [1]
craw_close              0x080019f5    0xe  Code  Gb  vavle.o [1]
craw_open               0x08001a03    0xc  Code  Gb  vavle.o [1]
ddiv                    0x0800285d   0xd0  Code  Lc  strto64.o [4]
delay_num_const         0x200000bc    0x4  Data  Gb  chassis.o [1]
deliver_back            0x080019e1   0x14  Code  Gb  vavle.o [1]
deliver_mid             0x20001174    0x4  Data  Gb  vavle.o [1]
digits                  0x08008d84   0x28  Data  Lc  iar_Stoulx.o [3]
dmul                    0x08002789   0xd2  Code  Lc  strto64.o [4]
endValuePack            0x080061df   0x2e  Code  Gb  valuepack.o [1]
exit                    0x08008feb    0x4  Code  Gb  exit.o [3]
fi                      0x20001cec    0x4  Data  Gb  valuepack.o [1]
final_speed             0x20000aac    0x4  Data  Gb  cmd_func.o [1]
first_time_controler    0x20000120    0x4  Data  Gb  chassis.o [1]
go_to_point_for_test    0x08001079  0x118  Code  Gb  chassis.o [1]
go_to_point_test_flag   0x2000014c    0x4  Data  Gb  chassis.o [1]
go_to_point_x           0x20001d10    0x4  Data  Gb  cmd_func.o [1]
go_to_point_y           0x20001d14    0x4  Data  Gb  cmd_func.o [1]
gpio_exc                0x08005bc3  0x106  Code  Gb  gpio.o [1]
gpio_exc::gpio_flag     0x20001cdc    0x4  Data  Lc  gpio.o [1]
gpio_exc::gpio_flag1    0x20001ce0    0x4  Data  Lc  gpio.o [1]
hcan1                   0x200016a0   0x44  Data  Gb  can.o [1]
hdma_usart1_rx          0x200013e8   0x60  Data  Gb  usart.o [1]
hdma_usart1_tx          0x20001388   0x60  Data  Gb  usart.o [1]
hdma_usart3_rx          0x20001448   0x60  Data  Gb  usart.o [1]
hdma_usart3_tx          0x200014a8   0x60  Data  Gb  usart.o [1]
htim1                   0x20001bec   0x3c  Data  Gb  tim.o [1]
htim3                   0x20001c28   0x3c  Data  Gb  tim.o [1]
htim_init               0x08005f19   0x1e  Code  Gb  tim.o [1]
huart1                  0x20001b6c   0x40  Data  Gb  usart.o [1]
huart2                  0x20001bac   0x40  Data  Gb  usart.o [1]
huart3                  0x20001134   0x40  Data  Gb  usart.o [1]
huart4                  0x20001aec   0x40  Data  Gb  usart.o [1]
huart5                  0x20001b2c   0x40  Data  Gb  usart.o [1]
isalpha                 0x080076d7   0x14  Code  Gb  isalpha.o [3]
isspace                 0x080076c3   0x14  Code  Gb  isspace.o [3]
last_point_x            0x20000124    0x4  Data  Gb  chassis.o [1]
last_point_y            0x20000128    0x4  Data  Gb  chassis.o [1]
ldexp                   0x08004655         Code  Gb  ldexp.o [4]
ldexpl                  0x08004655         Code  Gb  ldexp.o [4]
line_control            0x080009cd  0x18a  Code  Gb  chassis.o [1]
line_control_PID        0x20000150   0x20  Data  Gb  chassis.o [1]
line_control_flag_first
                        0x20000110    0x4  Data  Gb  chassis.o [1]
line_control_p_x        0x20000ab4    0x4  Data  Gb  cmd_func.o [1]
line_control_p_y        0x20000ab8    0x4  Data  Gb  cmd_func.o [1]
line_control_vec        0x20001d08    0x8  Data  Gb  chassis.o [1]
localeconv              0x08007791    0x4  Code  Gb  xlocale_c.o [3]
main                    0x08003bc5   0xd6  Code  Gb  main.o [1]
main_flag               0x20001cc4    0x4  Data  Gb  main.o [1]
max_ccd                 0x20000044    0x4  Data  Gb  can_func.o [1]
max_speed               0x20000ab0    0x4  Data  Gb  cmd_func.o [1]
maxon_canset3speed      0x08001961   0x72  Code  Gb  maxon.o [1]
medical_take_off        0x20001cd8    0x4  Data  Gb  gpio.o [1]
memchr                  0x0800779d         Code  Gb  memchr.o [5]
micro_switch_test_flag  0x200000c4    0x4  Data  Gb  chassis.o [1]
min_ccd                 0x20000040    0x4  Data  Gb  can_func.o [1]
ndigs                   0x08008dac   0x28  Data  Lc  iar_Stoulx.o [3]
open_box                0x20000098    0x4  Data  Gb  chassis.o [1]
origin_angle            0x20000114    0x4  Data  Gb  chassis.o [1]
origin_distance         0x2000012c    0x4  Data  Gb  chassis.o [1]
point_arrive            0x08000de9   0x1e  Code  Gb  chassis.o [1]
point_arrived_flag      0x20000134    0x4  Data  Gb  chassis.o [1]
point_collection_tracer
                        0x08000f61  0x10a  Code  Gb  chassis.o [1]
point_count_control_flag
                        0x20000140    0x4  Data  Gb  chassis.o [1]
point_retrack::total_distance
                        0x20000148    0x4  Data  Lc  chassis.o [1]
point_retrack_first_ref_flag
                        0x20000144    0x4  Data  Gb  chassis.o [1]
point_tracer            0x08000e29  0x124  Code  Gb  chassis.o [1]
point_tracer_angle_return
                        0x08000b57   0x2a  Code  Gb  chassis.o [1]
point_tracer_angle_return_static
                        0x08000b81   0x10  Code  Gb  chassis.o [1]
point_tracer_flag       0x20000130    0x4  Data  Gb  chassis.o [1]
point_x                 0x20000aa0    0x4  Data  Gb  cmd_func.o [1]
point_y                 0x20000aa4    0x4  Data  Gb  cmd_func.o [1]
position_y_dir_pid      0x20000010   0x20  Data  Gb  chassis.o [1]
posture                 0x20001c94   0x18  Data  Lc  usart.o [1]
pows                    0x08002ce0   0x48  Data  Lc  strto64.o [4]
putFloat                0x08006185   0x5a  Code  Gb  valuepack.o [1]
qs                      0x20001d2c    0x4  Data  Lc  no_free_heap0.o [3]
recive_id               0x20001a94   0x18  Data  Gb  can.o [1]
reset_PID               0x0800603b    0xa  Code  Gb  robomaster.o [1]
robomaster              0x2000174c   0xa0  Data  Gb  robomaster.o [1]
robomaster_flag         0x20001d1c    0x4  Data  Gb  robomaster.o [1]
s                       0x2000111c   0x18  Data  Gb  usart.o [1]
sFilterConfig           0x200016e4   0x28  Data  Gb  can.o [1]
scalbln                 0x08004655         Code  Gb  ldexp.o [4]
scalblnl                0x08004655         Code  Gb  ldexp.o [4]
scalbn                  0x08004655         Code  Gb  ldexp.o [4]
scalbnl                 0x08004655         Code  Gb  ldexp.o [4]
scale                   0x08006e33   0x46  Code  Lc  xprintffull.o [3]
scope_path              0x2000009c    0x4  Data  Gb  chassis.o [1]
sec_hand                0x20001d28    0x4  Data  Lc  xfail_s.o [3]
sendBuffer              0x0800620d   0x20  Code  Gb  valuepack.o [1]
send_flag               0x20001ccc    0x4  Data  Gb  main.o [1]
send_id                 0x20001a6c   0x28  Data  Gb  can.o [1]
send_u16                0x08003381    0xc  Code  Gb  can.o [1]
sinf                    0x08002471    0x4  Code  Gb  cos_sin32.o [4]
slow                    0x200000b0    0x4  Data  Gb  chassis.o [1]
slow_turn               0x200000b8    0x4  Data  Gb  chassis.o [1]
slow_turn_angle         0x200000a0    0x4  Data  Gb  chassis.o [1]
slow_turn_const         0x200000ac    0x4  Data  Gb  chassis.o [1]
slow_turn_func::last_slow_turn
                        0x200000c8    0x4  Data  Lc  chassis.o [1]
speed_trapezium         0x08000c7d  0x168  Code  Gb  chassis.o [1]
speed_vec_add           0x08000939   0x7e  Code  Gb  chassis.o [1]
speed_vec_mul           0x080009b7   0x14  Code  Gb  chassis.o [1]
speed_x_dir_pid         0x200000e4   0x20  Data  Gb  chassis.o [1]
sqrt                    0x080025ad         Code  Gb  sqrt.o [4]
sqrtf                   0x08002475         Code  Gb  sqrtf.o [4]
sqrtl                   0x080025ad         Code  Gb  sqrt.o [4]
startValuePack          0x0800616d   0x18  Code  Gb  valuepack.o [1]
start_point_x           0x20000abc    0x4  Data  Gb  cmd_func.o [1]
start_point_y           0x20000ac0    0x4  Data  Gb  cmd_func.o [1]
start_speed             0x20000aa8    0x4  Data  Gb  cmd_func.o [1]
state_reset             0x08001191   0x18  Code  Gb  chassis.o [1]
stop_flag               0x0800874d   0x46  Code  Gb  cmd_func.o [1]
strchr                  0x08008115         Code  Gb  strchr.o [5]
strcmp                  0x08007611         Code  Gb  strcmp.o [5]
strcpy                  0x0800439d         Code  Gb  strcpy.o [5]
strlen                  0x0800816d         Code  Gb  strlen.o [5]
throw_finish_flag       0x20001cb0    0x4  Data  Gb  vavle.o [1]
tolower                 0x08008df9   0x14  Code  Gb  tolower.o [3]
total_line_control_flag
                        0x2000010c    0x4  Data  Gb  chassis.o [1]
track_max_speed         0x20001118    0x4  Data  Gb  track.o [1]
track_test_offset       0x20001d24    0x4  Data  Gb  track.o [1]
uart_buffer             0x200018ec   0x68  Data  Gb  usart.o [1]
upper_flag              0x20001cac    0x4  Data  Gb  vavle.o [1]
upper_thread::clap_cnt  0x20001cbc    0x4  Data  Lc  vavle.o [1]
upper_thread::delay_time
                        0x20001cb8    0x4  Data  Lc  vavle.o [1]
upper_thread{1}{2}{7}{8}::throw_cnt
                        0x20001cc0    0x4  Data  Lc  vavle.o [1]
uprintf                 0x08001e13   0x2a  Code  Gb  usart.o [1]
usart_DMA_init          0x08001e81   0x1a  Code  Gb  usart.o [1]
usart_exc_DMA           0x08001f4d   0x2e  Code  Gb  usart.o [1]
usart_exc_DMA_vega      0x08001f7b   0x84  Code  Gb  usart.o [1]
uwTick                  0x20001d20    0x4  Data  Gb  stm32f4xx_hal.o [1]
valuepack_stage         0x20001ce5    0x1  Data  Gb  valuepack.o [1]
valuepack_tx_bit_index  0x20001ce4    0x1  Data  Gb  valuepack.o [1]
valuepack_tx_buffer     0x20001ce8    0x4  Data  Gb  valuepack.o [1]
valuepack_tx_index      0x20001ce6    0x2  Data  Gb  valuepack.o [1]
vec_create              0x080017ab    0x2  Code  Gb  vec.o [1]
vec_model               0x0800178d   0x1e  Code  Gb  vec.o [1]
vega_action_reset       0x08008dd5   0x18  Code  Gb  vega_action.o [1]
very_slow               0x200000b4    0x4  Data  Gb  chassis.o [1]
vsnprintf               0x08004361   0x3c  Code  Gb  vsnprint.o [3]
zx_points_pos_x         0x20000ac4  0x320  Data  Gb  point_zx.o [1]
zx_points_pos_y         0x20000de4  0x320  Data  Gb  point_zx.o [1]


[1] = D:\RoboconCode\ok\chassis\EWARM\MR1_Chassis\Obj
[2] = command line
[3] = dl7M_tlf.a
[4] = m7M_tls.a
[5] = rt7M_tl.a
[6] = shb_l.a

  37 146 bytes of readonly  code memory
     837 bytes of readonly  data memory
  13 620 bytes of readwrite data memory

Errors: none
Warnings: none
